Component: ARM Compiler 5.06 update 2 (build 183) Tool: armlink [4d35b7]

==============================================================================

Section Cross References

    stm32f0xx_it.o(i.DMA1_Channel1_IRQHandler) refers to stm32f0xx_hal_dma.o(i.HAL_DMA_IRQHandler) for HAL_DMA_IRQHandler
    stm32f0xx_it.o(i.DMA1_Channel1_IRQHandler) refers to main.o(.bss) for AdcHandle
    stm32f0xx_it.o(i.DMA1_Channel2_3_IRQHandler) refers to stm32f0xx_hal_dma.o(i.HAL_DMA_IRQHandler) for HAL_DMA_IRQHandler
    stm32f0xx_it.o(i.DMA1_Channel2_3_IRQHandler) refers to main.o(.bss) for UartHandle
    stm32f0xx_it.o(i.EXTI0_1_IRQHandler) refers to stm32f0xx_hal_gpio.o(i.HAL_GPIO_EXTI_IRQHandler) for HAL_GPIO_EXTI_IRQHandler
    stm32f0xx_it.o(i.SysTick_Handler) refers to stm32f0xx_hal.o(i.HAL_IncTick) for HAL_IncTick
    stm32f0xx_it.o(i.TIM3_IRQHandler) refers to stm32f0xx_hal_tim.o(i.HAL_TIM_IRQHandler) for HAL_TIM_IRQHandler
    stm32f0xx_it.o(i.TIM3_IRQHandler) refers to main.o(.bss) for TimHandle
    stm32f0xx_it.o(i.USART1_IRQHandler) refers to stm32f0xx_hal_uart.o(i.HAL_UART_IRQHandler) for HAL_UART_IRQHandler
    stm32f0xx_it.o(i.USART1_IRQHandler) refers to main.o(.bss) for UartHandle
    main.o(i.Error_Handler) refers to stm32f0308_discovery.o(i.BSP_LED_On) for BSP_LED_On
    main.o(i.Error_Handler) refers to stm32f0308_discovery.o(i.BSP_LED_Toggle) for BSP_LED_Toggle
    main.o(i.Error_Handler) refers to stm32f0xx_hal.o(i.HAL_Delay) for HAL_Delay
    main.o(i.HAL_GPIO_EXTI_Callback) refers to main.o(.data) for .data
    main.o(i.HAL_TIM_PeriodElapsedCallback) refers to stm32f0308_discovery.o(i.BSP_LED_Toggle) for BSP_LED_Toggle
    main.o(i.HAL_UART_ErrorCallback) refers to main.o(i.Error_Handler) for Error_Handler
    main.o(i.HAL_UART_RxCpltCallback) refers to stm32f0308_discovery.o(i.BSP_LED_On) for BSP_LED_On
    main.o(i.HAL_UART_RxCpltCallback) refers to main.o(.data) for .data
    main.o(i.HAL_UART_TxCpltCallback) refers to stm32f0308_discovery.o(i.BSP_LED_On) for BSP_LED_On
    main.o(i.HAL_UART_TxCpltCallback) refers to main.o(.data) for .data
    main.o(i.SystemClock_Config) refers to stm32f0xx_hal_rcc.o(i.HAL_RCC_OscConfig) for HAL_RCC_OscConfig
    main.o(i.SystemClock_Config) refers to stm32f0xx_hal_rcc.o(i.HAL_RCC_ClockConfig) for HAL_RCC_ClockConfig
    main.o(i.SystemClock_Config) refers to main.o(i.Error_Handler) for Error_Handler
    main.o(i.main) refers to memcpya.o(.text) for __aeabi_memcpy4
    main.o(i.main) refers to arm_biquad_cascade_df1_init_q31.o(.text) for arm_biquad_cascade_df1_init_q31
    main.o(i.main) refers to arm_biquad_cascade_df1_init_q15.o(.text) for arm_biquad_cascade_df1_init_q15
    main.o(i.main) refers to fflti.o(.text) for __aeabi_i2f
    main.o(i.main) refers to fmul.o(.text) for __aeabi_fmul
    main.o(i.main) refers to fdiv.o(.text) for __aeabi_fdiv
    main.o(i.main) refers to f2d.o(.text) for __aeabi_f2d
    main.o(i.main) refers to modf.o(i.modf) for modf
    main.o(i.main) refers to d2f.o(.text) for __aeabi_d2f
    main.o(i.main) refers to dmul.o(.text) for __aeabi_dmul
    main.o(i.main) refers to arm_float_to_q31.o(.text) for arm_float_to_q31
    main.o(i.main) refers to arm_cos_q31.o(.text) for arm_cos_q31
    main.o(i.main) refers to arm_sin_q31.o(.text) for arm_sin_q31
    main.o(i.main) refers to stm32f0xx_hal.o(i.HAL_Init) for HAL_Init
    main.o(i.main) refers to main.o(i.SystemClock_Config) for SystemClock_Config
    main.o(i.main) refers to uidiv.o(.text) for __aeabi_uidivmod
    main.o(i.main) refers to stm32f0xx_hal_tim.o(i.HAL_TIM_Base_Init) for HAL_TIM_Base_Init
    main.o(i.main) refers to main.o(.constdata) for .constdata
    main.o(i.main) refers to main.o(.data) for .data
    main.o(i.main) refers to main.o(.bss) for .bss
    main.o(i.main) refers to system_stm32f0xx.o(.data) for SystemCoreClock
    main.o(i.main) refers to stm32f0xx_hal_adc.o(i.HAL_ADC_Init) for HAL_ADC_Init
    main.o(i.main) refers to stm32f0xx_hal_adc_ex.o(i.HAL_ADCEx_Calibration_Start) for HAL_ADCEx_Calibration_Start
    main.o(i.main) refers to stm32f0xx_hal_adc.o(i.HAL_ADC_ConfigChannel) for HAL_ADC_ConfigChannel
    main.o(i.main) refers to stm32f0308_discovery.o(i.BSP_LED_Init) for BSP_LED_Init
    main.o(i.main) refers to stm32f0308_discovery.o(i.BSP_LED_On) for BSP_LED_On
    main.o(i.main) refers to stm32f0xx_hal_uart.o(i.HAL_UART_DeInit) for HAL_UART_DeInit
    main.o(i.main) refers to stm32f0xx_hal_uart.o(i.HAL_UART_Init) for HAL_UART_Init
    main.o(i.main) refers to stm32f0xx_hal_tim.o(i.HAL_TIM_Base_Start_IT) for HAL_TIM_Base_Start_IT
    main.o(i.main) refers to main.o(i.Error_Handler) for Error_Handler
    main.o(i.main) refers to stm32f0xx_hal.o(i.HAL_Delay) for HAL_Delay
    main.o(i.main) refers to printf1.o(i.__0sprintf$1) for __2sprintf
    main.o(i.main) refers to strlen.o(.text) for strlen
    main.o(i.main) refers to stm32f0xx_hal_uart.o(i.HAL_UART_Transmit_DMA) for HAL_UART_Transmit_DMA
[...]
    Removing stm32f0xx_hal_uart.o(i.HAL_MultiProcessor_Init), (140 bytes).
    Removing stm32f0xx_hal_uart.o(i.HAL_UART_DMAPause), (60 bytes).
    Removing stm32f0xx_hal_uart.o(i.HAL_UART_DMAResume), (66 bytes).
    Removing stm32f0xx_hal_uart.o(i.HAL_UART_DMAStop), (56 bytes).
    Removing stm32f0xx_hal_uart.o(i.HAL_UART_ErrorCallback), (2 bytes).
    Removing stm32f0xx_hal_uart.o(i.HAL_UART_GetError), (4 bytes).
    Removing stm32f0xx_hal_uart.o(i.HAL_UART_GetState), (12 bytes).
    Removing stm32f0xx_hal_uart.o(i.HAL_UART_MspDeInit), (2 bytes).
    Removing stm32f0xx_hal_uart.o(i.HAL_UART_MspInit), (2 bytes).
    Removing stm32f0xx_hal_uart.o(i.HAL_UART_Receive), (212 bytes).
    Removing stm32f0xx_hal_uart.o(i.HAL_UART_Receive_DMA), (136 bytes).
    Removing stm32f0xx_hal_uart.o(i.HAL_UART_Receive_IT), (148 bytes).
    Removing stm32f0xx_hal_uart.o(i.HAL_UART_RxCpltCallback), (2 bytes).
    Removing stm32f0xx_hal_uart.o(i.HAL_UART_RxHalfCpltCallback), (2 bytes).
    Removing stm32f0xx_hal_uart.o(i.HAL_UART_Transmit), (176 bytes).
    Removing stm32f0xx_hal_uart.o(i.HAL_UART_Transmit_IT), (88 bytes).
    Removing stm32f0xx_hal_uart.o(i.HAL_UART_TxCpltCallback), (2 bytes).
    Removing stm32f0xx_hal_uart.o(i.UART_DMAReceiveCplt), (42 bytes).
    Removing stm32f0xx_hal_uart.o(i.UART_DMARxHalfCplt), (10 bytes).
    Removing stm32f0xx_hal_uart.o(i.UART_WaitOnFlagUntilTimeout), (178 bytes).
    Removing stm32f0xx_hal_uart_ex.o(.rev16_text), (4 bytes).
    Removing stm32f0xx_hal_uart_ex.o(.revsh_text), (4 bytes).
    Removing stm32f0xx_hal_uart_ex.o(i.HAL_MultiProcessorEx_AddressLength_Set), (54 bytes).
    Removing stm32f0xx_hal_uart_ex.o(i.HAL_RS485Ex_Init), (144 bytes).
    Removing stm32f0xx_hal.o(.rev16_text), (4 bytes).
    Removing stm32f0xx_hal.o(.revsh_text), (4 bytes).
    Removing stm32f0xx_hal.o(i.HAL_DBGMCU_DisableDBGStandbyMode), (16 bytes).
    Removing stm32f0xx_hal.o(i.HAL_DBGMCU_DisableDBGStopMode), (16 bytes).
    Removing stm32f0xx_hal.o(i.HAL_DBGMCU_EnableDBGStandbyMode), (16 bytes).
    Removing stm32f0xx_hal.o(i.HAL_DBGMCU_EnableDBGStopMode), (16 bytes).
    Removing stm32f0xx_hal.o(i.HAL_DeInit), (36 bytes).
    Removing stm32f0xx_hal.o(i.HAL_GetDEVID), (16 bytes).
    Removing stm32f0xx_hal.o(i.HAL_GetHalVersion), (6 bytes).
    Removing stm32f0xx_hal.o(i.HAL_GetREVID), (12 bytes).
    Removing stm32f0xx_hal.o(i.HAL_MspDeInit), (2 bytes).
    Removing stm32f0xx_hal.o(i.HAL_ResumeTick), (16 bytes).
    Removing stm32f0xx_hal.o(i.HAL_SuspendTick), (16 bytes).
    Removing stm32f0xx_hal_gpio.o(.rev16_text), (4 bytes).
    Removing stm32f0xx_hal_gpio.o(.revsh_text), (4 bytes).
    Removing stm32f0xx_hal_gpio.o(i.HAL_GPIO_EXTI_Callback), (2 bytes).
    Removing stm32f0xx_hal_gpio.o(i.HAL_GPIO_LockPin), (36 bytes).
    Removing stm32f0xx_hal_gpio.o(i.HAL_GPIO_ReadPin), (10 bytes).
    Removing stm32f0xx_hal_rcc_ex.o(.rev16_text), (4 bytes).
    Removing stm32f0xx_hal_rcc_ex.o(.revsh_text), (4 bytes).
    Removing stm32f0xx_hal_rcc_ex.o(i.HAL_RCCEx_GetPeriphCLKConfig), (44 bytes).
    Removing stm32f0xx_hal_rcc_ex.o(i.HAL_RCCEx_GetPeriphCLKFreq), (156 bytes).
    Removing stm32f0xx_hal_rcc_ex.o(i.HAL_RCCEx_PeriphCLKConfig), (232 bytes).
    Removing stm32f0xx_hal_adc.o(.rev16_text), (4 bytes).
    Removing stm32f0xx_hal_adc.o(.revsh_text), (4 bytes).
    Removing stm32f0xx_hal_adc.o(i.ADC_ConversionStop), (82 bytes).
    Removing stm32f0xx_hal_adc.o(i.ADC_DMAConvCplt), (108 bytes).
    Removing stm32f0xx_hal_adc.o(i.ADC_DMAError), (26 bytes).
    Removing stm32f0xx_hal_adc.o(i.ADC_DMAHalfConvCplt), (10 bytes).
    Removing stm32f0xx_hal_adc.o(i.ADC_Disable), (102 bytes).
    Removing stm32f0xx_hal_adc.o(i.ADC_Enable), (132 bytes).
    Removing stm32f0xx_hal_adc.o(i.HAL_ADC_AnalogWDGConfig), (156 bytes).
    Removing stm32f0xx_hal_adc.o(i.HAL_ADC_ConvCpltCallback), (2 bytes).
    Removing stm32f0xx_hal_adc.o(i.HAL_ADC_ConvHalfCpltCallback), (2 bytes).
    Removing stm32f0xx_hal_adc.o(i.HAL_ADC_DeInit), (160 bytes).
    Removing stm32f0xx_hal_adc.o(i.HAL_ADC_ErrorCallback), (2 bytes).
    Removing stm32f0xx_hal_adc.o(i.HAL_ADC_GetError), (4 bytes).
    Removing stm32f0xx_hal_adc.o(i.HAL_ADC_GetState), (4 bytes).
    Removing stm32f0xx_hal_adc.o(i.HAL_ADC_GetValue), (6 bytes).
    Removing stm32f0xx_hal_adc.o(i.HAL_ADC_IRQHandler), (208 bytes).
    Removing stm32f0xx_hal_adc.o(i.HAL_ADC_LevelOutOfWindowCallback), (2 bytes).
    Removing stm32f0xx_hal_adc.o(i.HAL_ADC_MspDeInit), (2 bytes).
    Removing stm32f0xx_hal_adc.o(i.HAL_ADC_MspInit), (2 bytes).
    Removing stm32f0xx_hal_adc.o(i.HAL_ADC_PollForConversion), (190 bytes).
    Removing stm32f0xx_hal_adc.o(i.HAL_ADC_PollForEvent), (116 bytes).
    Removing stm32f0xx_hal_adc.o(i.HAL_ADC_Start), (92 bytes).
    Removing stm32f0xx_hal_adc.o(i.HAL_ADC_Start_DMA), (160 bytes).
    Removing stm32f0xx_hal_adc.o(i.HAL_ADC_Start_IT), (124 bytes).
    Removing stm32f0xx_hal_adc.o(i.HAL_ADC_Stop), (62 bytes).
    Removing stm32f0xx_hal_adc.o(i.HAL_ADC_Stop_DMA), (112 bytes).
    Removing stm32f0xx_hal_adc.o(i.HAL_ADC_Stop_IT), (72 bytes).
    Removing stm32f0xx_hal_adc_ex.o(.rev16_text), (4 bytes).
    Removing stm32f0xx_hal_adc_ex.o(.revsh_text), (4 bytes).
    Removing stm32f0xx_hal_tim.o(.rev16_text), (4 bytes).
    Removing stm32f0xx_hal_tim.o(.revsh_text), (4 bytes).
    Removing stm32f0xx_hal_tim.o(i.HAL_TIM_Base_DeInit), (52 bytes).
    Removing stm32f0xx_hal_tim.o(i.HAL_TIM_Base_GetState), (6 bytes).
    Removing stm32f0xx_hal_tim.o(i.HAL_TIM_Base_MspDeInit), (2 bytes).
    Removing stm32f0xx_hal_tim.o(i.HAL_TIM_Base_MspInit), (2 bytes).
    Removing stm32f0xx_hal_tim.o(i.HAL_TIM_Base_Start), (24 bytes).
    Removing stm32f0xx_hal_tim.o(i.HAL_TIM_Base_Start_DMA), (100 bytes).
    Removing stm32f0xx_hal_tim.o(i.HAL_TIM_Base_Stop), (48 bytes).
    Removing stm32f0xx_hal_tim.o(i.HAL_TIM_Base_Stop_DMA), (52 bytes).
    Removing stm32f0xx_hal_tim.o(i.HAL_TIM_Base_Stop_IT), (44 bytes).
    Removing stm32f0xx_hal_tim.o(i.HAL_TIM_ConfigClockSource), (238 bytes).
    Removing stm32f0xx_hal_tim.o(i.HAL_TIM_ConfigOCrefClear), (188 bytes).
    Removing stm32f0xx_hal_tim.o(i.HAL_TIM_ConfigTI1Input), (16 bytes).
    Removing stm32f0xx_hal_tim.o(i.HAL_TIM_DMABurst_ReadStart), (268 bytes).
    Removing stm32f0xx_hal_tim.o(i.HAL_TIM_DMABurst_ReadStop), (100 bytes).
    Removing stm32f0xx_hal_tim.o(i.HAL_TIM_DMABurst_WriteStart), (268 bytes).
    Removing stm32f0xx_hal_tim.o(i.HAL_TIM_DMABurst_WriteStop), (100 bytes).
    Removing stm32f0xx_hal_tim.o(i.HAL_TIM_Encoder_DeInit), (52 bytes).
    Removing stm32f0xx_hal_tim.o(i.HAL_TIM_Encoder_GetState), (6 bytes).
    Removing stm32f0xx_hal_tim.o(i.HAL_TIM_Encoder_Init), (152 bytes).
    Removing stm32f0xx_hal_tim.o(i.HAL_TIM_Encoder_MspDeInit), (2 bytes).
    Removing stm32f0xx_hal_tim.o(i.HAL_TIM_Encoder_MspInit), (2 bytes).
    Removing stm32f0xx_hal_tim.o(i.HAL_TIM_Encoder_Start), (52 bytes).
    Removing stm32f0xx_hal_tim.o(i.HAL_TIM_Encoder_Start_DMA), (284 bytes).
    Removing stm32f0xx_hal_tim.o(i.HAL_TIM_Encoder_Start_IT), (92 bytes).
    Removing stm32f0xx_hal_tim.o(i.HAL_TIM_Encoder_Stop), (72 bytes).
    Removing stm32f0xx_hal_tim.o(i.HAL_TIM_Encoder_Stop_DMA), (120 bytes).
    Removing stm32f0xx_hal_tim.o(i.HAL_TIM_Encoder_Stop_IT), (120 bytes).
    Removing stm32f0xx_hal_tim.o(i.HAL_TIM_ErrorCallback), (2 bytes).
    Removing stm32f0xx_hal_tim.o(i.HAL_TIM_GenerateEvent), (36 bytes).
    Removing stm32f0xx_hal_tim.o(i.HAL_TIM_IC_ConfigChannel), (288 bytes).
    Removing stm32f0xx_hal_tim.o(i.HAL_TIM_IC_DeInit), (52 bytes).
    Removing stm32f0xx_hal_tim.o(i.HAL_TIM_IC_GetState), (6 bytes).
    Removing stm32f0xx_hal_tim.o(i.HAL_TIM_IC_Init), (52 bytes).
    Removing stm32f0xx_hal_tim.o(i.HAL_TIM_IC_MspDeInit), (2 bytes).
    Removing stm32f0xx_hal_tim.o(i.HAL_TIM_IC_MspInit), (2 bytes).
    Removing stm32f0xx_hal_tim.o(i.HAL_TIM_IC_Start), (26 bytes).
    Removing stm32f0xx_hal_tim.o(i.HAL_TIM_IC_Start_DMA), (212 bytes).
    Removing stm32f0xx_hal_tim.o(i.HAL_TIM_IC_Start_IT), (72 bytes).
    Removing stm32f0xx_hal_tim.o(i.HAL_TIM_IC_Stop), (48 bytes).
    Removing stm32f0xx_hal_tim.o(i.HAL_TIM_IC_Stop_DMA), (108 bytes).
    Removing stm32f0xx_hal_tim.o(i.HAL_TIM_IC_Stop_IT), (92 bytes).
    Removing stm32f0xx_hal_tim.o(i.HAL_TIM_OC_ConfigChannel), (80 bytes).
    Removing stm32f0xx_hal_tim.o(i.HAL_TIM_OC_DeInit), (52 bytes).
    Removing stm32f0xx_hal_tim.o(i.HAL_TIM_OC_GetState), (6 bytes).
    Removing stm32f0xx_hal_tim.o(i.HAL_TIM_OC_Init), (52 bytes).
    Removing stm32f0xx_hal_tim.o(i.HAL_TIM_OC_MspDeInit), (2 bytes).
    Removing stm32f0xx_hal_tim.o(i.HAL_TIM_OC_MspInit), (2 bytes).
    Removing stm32f0xx_hal_tim.o(i.HAL_TIM_OC_Start), (80 bytes).
    Removing stm32f0xx_hal_tim.o(i.HAL_TIM_OC_Start_DMA), (272 bytes).
    Removing stm32f0xx_hal_tim.o(i.HAL_TIM_OC_Start_IT), (124 bytes).
    Removing stm32f0xx_hal_tim.o(i.HAL_TIM_OC_Stop), (112 bytes).
    Removing stm32f0xx_hal_tim.o(i.HAL_TIM_OC_Stop_DMA), (172 bytes).
    Removing stm32f0xx_hal_tim.o(i.HAL_TIM_OC_Stop_IT), (156 bytes).
    Removing stm32f0xx_hal_tim.o(i.HAL_TIM_OnePulse_ConfigChannel), (214 bytes).
    Removing stm32f0xx_hal_tim.o(i.HAL_TIM_OnePulse_DeInit), (52 bytes).
    Removing stm32f0xx_hal_tim.o(i.HAL_TIM_OnePulse_GetState), (6 bytes).
    Removing stm32f0xx_hal_tim.o(i.HAL_TIM_OnePulse_Init), (72 bytes).
    Removing stm32f0xx_hal_tim.o(i.HAL_TIM_OnePulse_MspDeInit), (2 bytes).
    Removing stm32f0xx_hal_tim.o(i.HAL_TIM_OnePulse_MspInit), (2 bytes).
    Removing stm32f0xx_hal_tim.o(i.HAL_TIM_OnePulse_Start), (80 bytes).
    Removing stm32f0xx_hal_tim.o(i.HAL_TIM_OnePulse_Start_IT), (100 bytes).
    Removing stm32f0xx_hal_tim.o(i.HAL_TIM_OnePulse_Stop), (124 bytes).
    Removing stm32f0xx_hal_tim.o(i.HAL_TIM_OnePulse_Stop_IT), (144 bytes).
    Removing stm32f0xx_hal_tim.o(i.HAL_TIM_PWM_ConfigChannel), (208 bytes).
    Removing stm32f0xx_hal_tim.o(i.HAL_TIM_PWM_DeInit), (52 bytes).
    Removing stm32f0xx_hal_tim.o(i.HAL_TIM_PWM_GetState), (6 bytes).
    Removing stm32f0xx_hal_tim.o(i.HAL_TIM_PWM_Init), (52 bytes).
    Removing stm32f0xx_hal_tim.o(i.HAL_TIM_PWM_MspDeInit), (2 bytes).
    Removing stm32f0xx_hal_tim.o(i.HAL_TIM_PWM_MspInit), (2 bytes).
    Removing stm32f0xx_hal_tim.o(i.HAL_TIM_PWM_Start), (80 bytes).
    Removing stm32f0xx_hal_tim.o(i.HAL_TIM_PWM_Start_DMA), (272 bytes).
    Removing stm32f0xx_hal_tim.o(i.HAL_TIM_PWM_Start_IT), (124 bytes).
    Removing stm32f0xx_hal_tim.o(i.HAL_TIM_PWM_Stop), (116 bytes).
    Removing stm32f0xx_hal_tim.o(i.HAL_TIM_PWM_Stop_DMA), (172 bytes).
    Removing stm32f0xx_hal_tim.o(i.HAL_TIM_PWM_Stop_IT), (156 bytes).
    Removing stm32f0xx_hal_tim.o(i.HAL_TIM_PeriodElapsedCallback), (2 bytes).
    Removing stm32f0xx_hal_tim.o(i.HAL_TIM_ReadCapturedValue), (70 bytes).
    Removing stm32f0xx_hal_tim.o(i.HAL_TIM_SlaveConfigSynchronization), (60 bytes).
    Removing stm32f0xx_hal_tim.o(i.HAL_TIM_SlaveConfigSynchronization_IT), (60 bytes).
    Removing stm32f0xx_hal_tim.o(i.TIM_CCxChannelCmd), (22 bytes).
    Removing stm32f0xx_hal_tim.o(i.TIM_DMACaptureCplt), (62 bytes).
    Removing stm32f0xx_hal_tim.o(i.TIM_DMADelayPulseCplt), (62 bytes).
    Removing stm32f0xx_hal_tim.o(i.TIM_DMAError), (16 bytes).
    Removing stm32f0xx_hal_tim.o(i.TIM_DMAPeriodElapsedCplt), (16 bytes).
    Removing stm32f0xx_hal_tim.o(i.TIM_DMATriggerCplt), (16 bytes).
    Removing stm32f0xx_hal_tim.o(i.TIM_ETR_SetConfig), (22 bytes).
    Removing stm32f0xx_hal_tim.o(i.TIM_ITRx_SetConfig), (16 bytes).
    Removing stm32f0xx_hal_tim.o(i.TIM_OC1_SetConfig), (136 bytes).
    Removing stm32f0xx_hal_tim.o(i.TIM_OC2_SetConfig), (128 bytes).
    Removing stm32f0xx_hal_tim.o(i.TIM_OC3_SetConfig), (132 bytes).
    Removing stm32f0xx_hal_tim.o(i.TIM_OC4_SetConfig), (108 bytes).
    Removing stm32f0xx_hal_tim.o(i.TIM_SlaveTimer_SetConfig), (122 bytes).
    Removing stm32f0xx_hal_tim.o(i.TIM_TI1_ConfigInputStage), (34 bytes).
    Removing stm32f0xx_hal_tim.o(i.TIM_TI1_SetConfig), (80 bytes).
    Removing stm32f0xx_hal_tim.o(i.TIM_TI2_ConfigInputStage), (38 bytes).
    Removing stm32f0xx_hal_tim.o(i.TIM_TI2_SetConfig), (52 bytes).
    Removing stm32f0xx_hal_tim_ex.o(.rev16_text), (4 bytes).
    Removing stm32f0xx_hal_tim_ex.o(.revsh_text), (4 bytes).
    Removing stm32f0xx_hal_tim_ex.o(i.HAL_TIMEx_ConfigBreakDeadTime), (60 bytes).
    Removing stm32f0xx_hal_tim_ex.o(i.HAL_TIMEx_ConfigCommutationEvent), (88 bytes).
    Removing stm32f0xx_hal_tim_ex.o(i.HAL_TIMEx_ConfigCommutationEvent_DMA), (120 bytes).
    Removing stm32f0xx_hal_tim_ex.o(i.HAL_TIMEx_ConfigCommutationEvent_IT), (98 bytes).
    Removing stm32f0xx_hal_tim_ex.o(i.HAL_TIMEx_HallSensor_DeInit), (52 bytes).
    Removing stm32f0xx_hal_tim_ex.o(i.HAL_TIMEx_HallSensor_GetState), (6 bytes).
    Removing stm32f0xx_hal_tim_ex.o(i.HAL_TIMEx_HallSensor_Init), (184 bytes).
    Removing stm32f0xx_hal_tim_ex.o(i.HAL_TIMEx_HallSensor_MspDeInit), (2 bytes).
    Removing stm32f0xx_hal_tim_ex.o(i.HAL_TIMEx_HallSensor_MspInit), (2 bytes).
    Removing stm32f0xx_hal_tim_ex.o(i.HAL_TIMEx_HallSensor_Start), (28 bytes).
    Removing stm32f0xx_hal_tim_ex.o(i.HAL_TIMEx_HallSensor_Start_DMA), (116 bytes).
    Removing stm32f0xx_hal_tim_ex.o(i.HAL_TIMEx_HallSensor_Start_IT), (38 bytes).
    Removing stm32f0xx_hal_tim_ex.o(i.HAL_TIMEx_HallSensor_Stop), (48 bytes).
    Removing stm32f0xx_hal_tim_ex.o(i.HAL_TIMEx_HallSensor_Stop_DMA), (60 bytes).
    Removing stm32f0xx_hal_tim_ex.o(i.HAL_TIMEx_HallSensor_Stop_IT), (60 bytes).
    Removing stm32f0xx_hal_tim_ex.o(i.HAL_TIMEx_MasterConfigSynchronization), (72 bytes).
    Removing stm32f0xx_hal_tim_ex.o(i.HAL_TIMEx_OCN_Start), (38 bytes).
    Removing stm32f0xx_hal_tim_ex.o(i.HAL_TIMEx_OCN_Start_DMA), (232 bytes).
    Removing stm32f0xx_hal_tim_ex.o(i.HAL_TIMEx_OCN_Start_IT), (94 bytes).
    Removing stm32f0xx_hal_tim_ex.o(i.HAL_TIMEx_OCN_Stop), (76 bytes).
    Removing stm32f0xx_hal_tim_ex.o(i.HAL_TIMEx_OCN_Stop_DMA), (136 bytes).
    Removing stm32f0xx_hal_tim_ex.o(i.HAL_TIMEx_OCN_Stop_IT), (136 bytes).
    Removing stm32f0xx_hal_tim_ex.o(i.HAL_TIMEx_OnePulseN_Start), (28 bytes).
    Removing stm32f0xx_hal_tim_ex.o(i.HAL_TIMEx_OnePulseN_Start_IT), (48 bytes).
    Removing stm32f0xx_hal_tim_ex.o(i.HAL_TIMEx_OnePulseN_Stop), (76 bytes).
    Removing stm32f0xx_hal_tim_ex.o(i.HAL_TIMEx_OnePulseN_Stop_IT), (96 bytes).
    Removing stm32f0xx_hal_tim_ex.o(i.HAL_TIMEx_PWMN_Start), (38 bytes).
    Removing stm32f0xx_hal_tim_ex.o(i.HAL_TIMEx_PWMN_Start_DMA), (232 bytes).
    Removing stm32f0xx_hal_tim_ex.o(i.HAL_TIMEx_PWMN_Start_IT), (94 bytes).
    Removing stm32f0xx_hal_tim_ex.o(i.HAL_TIMEx_PWMN_Stop), (76 bytes).
    Removing stm32f0xx_hal_tim_ex.o(i.HAL_TIMEx_PWMN_Stop_DMA), (136 bytes).
    Removing stm32f0xx_hal_tim_ex.o(i.HAL_TIMEx_PWMN_Stop_IT), (136 bytes).
    Removing stm32f0xx_hal_tim_ex.o(i.HAL_TIMEx_RemapConfig), (30 bytes).
    Removing stm32f0xx_hal_tim_ex.o(i.TIMEx_DMACommutationCplt), (16 bytes).
    Removing stm32f0xx_hal_tim_ex.o(i.TIM_CCxNChannelCmd), (22 bytes).
    Removing stm32f0308_discovery.o(.rev16_text), (4 bytes).
    Removing stm32f0308_discovery.o(.revsh_text), (4 bytes).
    Removing stm32f0308_discovery.o(i.BSP_GetVersion), (8 bytes).
    Removing stm32f0308_discovery.o(i.BSP_LED_Off), (32 bytes).
    Removing stm32f0308_discovery.o(i.BSP_PB_GetState), (28 bytes).
    Removing stm32f0308_discovery.o(i.BSP_PB_Init), (136 bytes).
    Removing arm_cos_q31.o(.rev16_text), (4 bytes).
    Removing arm_cos_q31.o(.revsh_text), (4 bytes).
    Removing arm_sin_q31.o(.rev16_text), (4 bytes).
    Removing arm_sin_q31.o(.revsh_text), (4 bytes).
    Removing arm_biquad_cascade_df1_init_q15.o(.rev16_text), (4 bytes).
    Removing arm_biquad_cascade_df1_init_q15.o(.revsh_text), (4 bytes).
    Removing arm_biquad_cascade_df1_init_q31.o(.rev16_text), (4 bytes).
    Removing arm_biquad_cascade_df1_init_q31.o(.revsh_text), (4 bytes).
    Removing arm_float_to_q31.o(.rev16_text), (4 bytes).
    Removing arm_float_to_q31.o(.revsh_text), (4 bytes).
    Removing arm_common_tables.o(.rev16_text), (4 bytes).
    Removing arm_common_tables.o(.revsh_text), (4 bytes).
    Removing arm_common_tables.o(.constdata), (2048 bytes).
    Removing arm_common_tables.o(.constdata), (128 bytes).
    Removing arm_common_tables.o(.constdata), (256 bytes).
    Removing arm_common_tables.o(.constdata), (512 bytes).
    Removing arm_common_tables.o(.constdata), (1024 bytes).
    Removing arm_common_tables.o(.constdata), (2048 bytes).
    Removing arm_common_tables.o(.constdata), (4096 bytes).
    Removing arm_common_tables.o(.constdata), (8192 bytes).
    Removing arm_common_tables.o(.constdata), (16384 bytes).
    Removing arm_common_tables.o(.constdata), (32768 bytes).
    Removing arm_common_tables.o(.constdata), (96 bytes).
    Removing arm_common_tables.o(.constdata), (192 bytes).
    Removing arm_common_tables.o(.constdata), (384 bytes).
    Removing arm_common_tables.o(.constdata), (768 bytes).
    Removing arm_common_tables.o(.constdata), (1536 bytes).
    Removing arm_common_tables.o(.constdata), (3072 bytes).
    Removing arm_common_tables.o(.constdata), (6144 bytes).
    Removing arm_common_tables.o(.constdata), (12288 bytes).
    Removing arm_common_tables.o(.constdata), (24576 bytes).
    Removing arm_common_tables.o(.constdata), (48 bytes).
    Removing arm_common_tables.o(.constdata), (96 bytes).
    Removing arm_common_tables.o(.constdata), (192 bytes).
    Removing arm_common_tables.o(.constdata), (384 bytes).
    Removing arm_common_tables.o(.constdata), (768 bytes).
    Removing arm_common_tables.o(.constdata), (1536 bytes).
    Removing arm_common_tables.o(.constdata), (3072 bytes).
    Removing arm_common_tables.o(.constdata), (6144 bytes).
    Removing arm_common_tables.o(.constdata), (12288 bytes).
    Removing arm_common_tables.o(.constdata), (128 bytes).
    Removing arm_common_tables.o(.constdata), (256 bytes).
    Removing arm_common_tables.o(.constdata), (40 bytes).
    Removing arm_common_tables.o(.constdata), (96 bytes).
    Removing arm_common_tables.o(.constdata), (112 bytes).
    Removing arm_common_tables.o(.constdata), (416 bytes).
    Removing arm_common_tables.o(.constdata), (880 bytes).
    Removing arm_common_tables.o(.constdata), (896 bytes).
    Removing arm_common_tables.o(.constdata), (3600 bytes).
    Removing arm_common_tables.o(.constdata), (7616 bytes).
    Removing arm_common_tables.o(.constdata), (8064 bytes).
    Removing arm_common_tables.o(.constdata), (24 bytes).
    Removing arm_common_tables.o(.constdata), (48 bytes).
    Removing arm_common_tables.o(.constdata), (112 bytes).
    Removing arm_common_tables.o(.constdata), (224 bytes).
    Removing arm_common_tables.o(.constdata), (480 bytes).
    Removing arm_common_tables.o(.constdata), (960 bytes).
    Removing arm_common_tables.o(.constdata), (1984 bytes).
    Removing arm_common_tables.o(.constdata), (3968 bytes).
    Removing arm_common_tables.o(.constdata), (8064 bytes).
    Removing arm_common_tables.o(.constdata), (128 bytes).
    Removing arm_common_tables.o(.constdata), (256 bytes).
    Removing arm_common_tables.o(.constdata), (512 bytes).
    Removing arm_common_tables.o(.constdata), (1024 bytes).
    Removing arm_common_tables.o(.constdata), (2048 bytes).
    Removing arm_common_tables.o(.constdata), (4096 bytes).
    Removing arm_common_tables.o(.constdata), (8192 bytes).
    Removing arm_common_tables.o(.constdata), (16384 bytes).
    Removing arm_common_tables.o(.constdata), (2052 bytes).
    Removing arm_common_tables.o(.constdata), (1026 bytes).
    Removing ddiv.o(.text), (240 bytes).
    Removing dfixul.o(.text), (64 bytes).
    Removing cdrcmple.o(.text), (40 bytes).
    Removing stm32f0xx_hal_tim.o(i.__ARM_common_switch8), (26 bytes).

343 unused section(s) (total 232858 bytes) removed from the image.

==============================================================================

Image Symbol Table

    Local Symbols

    Symbol Name                              Value     Ov Type        Size  Object(Section)

    ../clib/microlib/division.c              0x00000000   Number         0  uidiv.o ABSOLUTE
    ../clib/microlib/division.c              0x00000000   Number         0  uldiv.o ABSOLUTE
    ../clib/microlib/init/entry.s            0x00000000   Number         0  entry.o ABSOLUTE
    ../clib/microlib/init/entry.s            0x00000000   Number         0  entry9b.o ABSOLUTE
    ../clib/microlib/init/entry.s            0x00000000   Number         0  entry9a.o ABSOLUTE
    ../clib/microlib/init/entry.s            0x00000000   Number         0  entry8b.o ABSOLUTE
    ../clib/microlib/init/entry.s            0x00000000   Number         0  entry2.o ABSOLUTE
    ../clib/microlib/init/entry.s            0x00000000   Number         0  entry8a.o ABSOLUTE
    ../clib/microlib/init/entry.s            0x00000000   Number         0  entry7b.o ABSOLUTE
    ../clib/microlib/init/entry.s            0x00000000   Number         0  entry7a.o ABSOLUTE
    ../clib/microlib/init/entry.s            0x00000000   Number         0  entry5.o ABSOLUTE
    ../clib/microlib/init/entry.s            0x00000000   Number         0  entry10b.o ABSOLUTE
    ../clib/microlib/init/entry.s            0x00000000   Number         0  entry11b.o ABSOLUTE
    ../clib/microlib/init/entry.s            0x00000000   Number         0  entry11a.o ABSOLUTE
    ../clib/microlib/init/entry.s            0x00000000   Number         0  entry10a.o ABSOLUTE
    ../clib/microlib/longlong.c              0x00000000   Number         0  llmul.o ABSOLUTE
    ../clib/microlib/longlong.c              0x00000000   Number         0  llshl.o ABSOLUTE
    ../clib/microlib/longlong.c              0x00000000   Number         0  llsshr.o ABSOLUTE
    ../clib/microlib/longlong.c              0x00000000   Number         0  llushr.o ABSOLUTE
    ../clib/microlib/printf/printf.c         0x00000000   Number         0  printf0.o ABSOLUTE
    ../clib/microlib/printf/printf.c         0x00000000   Number         0  printf6.o ABSOLUTE
    ../clib/microlib/printf/printf.c         0x00000000   Number         0  printf5.o ABSOLUTE
    ../clib/microlib/printf/printf.c         0x00000000   Number         0  printf4.o ABSOLUTE
    ../clib/microlib/printf/printf.c         0x00000000   Number         0  printfb.o ABSOLUTE
    ../clib/microlib/printf/printf.c         0x00000000   Number         0  printf3.o ABSOLUTE
    ../clib/microlib/printf/printf.c         0x00000000   Number         0  printf2.o ABSOLUTE
    ../clib/microlib/printf/printf.c         0x00000000   Number         0  printf1.o ABSOLUTE
    ../clib/microlib/printf/printf.c         0x00000000   Number         0  printfa.o ABSOLUTE
    ../clib/microlib/printf/printf.c         0x00000000   Number         0  printf8.o ABSOLUTE
    ../clib/microlib/printf/printf.c         0x00000000   Number         0  printf7.o ABSOLUTE
    ../clib/microlib/printf/stubs.s          0x00000000   Number         0  stubs.o ABSOLUTE
    ../clib/microlib/stdio/fputc.c           0x00000000   Number         0  fputc.o ABSOLUTE
    ../clib/microlib/stdio/semi.s            0x00000000   Number         0  semi.o ABSOLUTE
    ../clib/microlib/stdio/streams.c         0x00000000   Number         0  stdout.o ABSOLUTE
    ../clib/microlib/string/memcpy.c         0x00000000   Number         0  memcpya.o ABSOLUTE
    ../clib/microlib/string/memcpy.c         0x00000000   Number         0  memcpyb.o ABSOLUTE
    ../clib/microlib/string/memset.c         0x00000000   Number         0  memseta.o ABSOLUTE
    ../clib/microlib/string/strlen.c         0x00000000   Number         0  strlen.o ABSOLUTE
    ../clib/microlib/stubs.s                 0x00000000   Number         0  iusefp.o ABSOLUTE
    ../clib/microlib/stubs.s                 0x00000000   Number         0  iusesemip.o ABSOLUTE
    ../fplib/microlib/d2f.c                  0x00000000   Number         0  d2f.o ABSOLUTE
    ../fplib/microlib/f2d.c                  0x00000000   Number         0  f2d.o ABSOLUTE
    ../fplib/microlib/fpadd.c                0x00000000   Number         0  fadd.o ABSOLUTE
    ../fplib/microlib/fpadd.c                0x00000000   Number         0  dadd.o ABSOLUTE
    ../fplib/microlib/fpdiv.c                0x00000000   Number         0  fdiv.o ABSOLUTE
    ../fplib/microlib/fpdiv.c                0x00000000   Number         0  ddiv.o ABSOLUTE
    ../fplib/microlib/fpepilogue.c           0x00000000   Number         0  depilogue.o ABSOLUTE
    ../fplib/microlib/fpepilogue.c           0x00000000   Number         0  fepilogue.o ABSOLUTE
    ../fplib/microlib/fpfix.c                0x00000000   Number         0  ffixl.o ABSOLUTE
    ../fplib/microlib/fpfix.c                0x00000000   Number         0  dfixul.o ABSOLUTE
    ../fplib/microlib/fpflt.c                0x00000000   Number         0  fflti.o ABSOLUTE
    ../fplib/microlib/fpmul.c                0x00000000   Number         0  dmul.o ABSOLUTE
    ../fplib/microlib/fpmul.c                0x00000000   Number         0  fmul.o ABSOLUTE
    ../fplib/microlib/fpscalb.c              0x00000000   Number         0  fscalb.o ABSOLUTE
    ../mathlib/modf.c                        0x00000000   Number         0  modf.o ABSOLUTE
    ..\..\..\..\..\..\Drivers\BSP\STM32F0308-Discovery\stm32f0308_discovery.c 0x00000000   Number         0  stm32f0308_discovery.o ABSOLUTE
    ..\..\..\..\..\..\Drivers\STM32F0xx_HAL_Driver\Src\stm32f0xx_hal.c 0x00000000   Number         0  stm32f0xx_hal.o ABSOLUTE
    ..\..\..\..\..\..\Drivers\STM32F0xx_HAL_Driver\Src\stm32f0xx_hal_adc.c 0x00000000   Number         0  stm32f0xx_hal_adc.o ABSOLUTE
    ..\..\..\..\..\..\Drivers\STM32F0xx_HAL_Driver\Src\stm32f0xx_hal_adc_ex.c 0x00000000   Number         0  stm32f0xx_hal_adc_ex.o ABSOLUTE
    ..\..\..\..\..\..\Drivers\STM32F0xx_HAL_Driver\Src\stm32f0xx_hal_cortex.c 0x00000000   Number         0  stm32f0xx_hal_cortex.o ABSOLUTE
    ..\..\..\..\..\..\Drivers\STM32F0xx_HAL_Driver\Src\stm32f0xx_hal_dma.c 0x00000000   Number         0  stm32f0xx_hal_dma.o ABSOLUTE
    ..\..\..\..\..\..\Drivers\STM32F0xx_HAL_Driver\Src\stm32f0xx_hal_gpio.c 0x00000000   Number         0  stm32f0xx_hal_gpio.o ABSOLUTE
    ..\..\..\..\..\..\Drivers\STM32F0xx_HAL_Driver\Src\stm32f0xx_hal_rcc.c 0x00000000   Number         0  stm32f0xx_hal_rcc.o ABSOLUTE
    ..\..\..\..\..\..\Drivers\STM32F0xx_HAL_Driver\Src\stm32f0xx_hal_rcc_ex.c 0x00000000   Number         0  stm32f0xx_hal_rcc_ex.o ABSOLUTE
    ..\..\..\..\..\..\Drivers\STM32F0xx_HAL_Driver\Src\stm32f0xx_hal_tim.c 0x00000000   Number         0  stm32f0xx_hal_tim.o ABSOLUTE
    ..\..\..\..\..\..\Drivers\STM32F0xx_HAL_Driver\Src\stm32f0xx_hal_tim_ex.c 0x00000000   Number         0  stm32f0xx_hal_tim_ex.o ABSOLUTE
    ..\..\..\..\..\..\Drivers\STM32F0xx_HAL_Driver\Src\stm32f0xx_hal_uart.c 0x00000000   Number         0  stm32f0xx_hal_uart.o ABSOLUTE
    ..\..\..\..\..\..\Drivers\STM32F0xx_HAL_Driver\Src\stm32f0xx_hal_uart_ex.c 0x00000000   Number         0  stm32f0xx_hal_uart_ex.o ABSOLUTE
    ..\CommonTables\arm_common_tables.c      0x00000000   Number         0  arm_common_tables.o ABSOLUTE
    ..\FastMathFunctions\arm_cos_q31.c       0x00000000   Number         0  arm_cos_q31.o ABSOLUTE
    ..\FastMathFunctions\arm_sin_q31.c       0x00000000   Number         0  arm_sin_q31.o ABSOLUTE
    ..\FilteringFunctions\arm_biquad_cascade_df1_init_q15.c 0x00000000   Number         0  arm_biquad_cascade_df1_init_q15.o ABSOLUTE
    ..\FilteringFunctions\arm_biquad_cascade_df1_init_q31.c 0x00000000   Number         0  arm_biquad_cascade_df1_init_q31.o ABSOLUTE
    ..\Src\main.c                            0x00000000   Number         0  main.o ABSOLUTE
    ..\Src\stm32f0xx_hal_msp.c               0x00000000   Number         0  stm32f0xx_hal_msp.o ABSOLUTE
    ..\Src\stm32f0xx_it.c                    0x00000000   Number         0  stm32f0xx_it.o ABSOLUTE
    ..\Src\system_stm32f0xx.c                0x00000000   Number         0  system_stm32f0xx.o ABSOLUTE
    ..\SupportFunctions\arm_float_to_q31.c   0x00000000   Number         0  arm_float_to_q31.o ABSOLUTE
    ..\\..\\..\\..\\..\\..\\Drivers\\BSP\\STM32F0308-Discovery\\stm32f0308_discovery.c 0x00000000   Number         0  stm32f0308_discovery.o ABSOLUTE
    ..\\..\\..\\..\\..\\..\\Drivers\\STM32F0xx_HAL_Driver\\Src\\stm32f0xx_hal.c 0x00000000   Number         0  stm32f0xx_hal.o ABSOLUTE
    ..\\..\\..\\..\\..\\..\\Drivers\\STM32F0xx_HAL_Driver\\Src\\stm32f0xx_hal_adc.c 0x00000000   Number         0  stm32f0xx_hal_adc.o ABSOLUTE
    ..\\..\\..\\..\\..\\..\\Drivers\\STM32F0xx_HAL_Driver\\Src\\stm32f0xx_hal_adc_ex.c 0x00000000   Number         0  stm32f0xx_hal_adc_ex.o ABSOLUTE
    ..\\..\\..\\..\\..\\..\\Drivers\\STM32F0xx_HAL_Driver\\Src\\stm32f0xx_hal_cortex.c 0x00000000   Number         0  stm32f0xx_hal_cortex.o ABSOLUTE
    ..\\..\\..\\..\\..\\..\\Drivers\\STM32F0xx_HAL_Driver\\Src\\stm32f0xx_hal_dma.c 0x00000000   Number         0  stm32f0xx_hal_dma.o ABSOLUTE
    ..\\..\\..\\..\\..\\..\\Drivers\\STM32F0xx_HAL_Driver\\Src\\stm32f0xx_hal_gpio.c 0x00000000   Number         0  stm32f0xx_hal_gpio.o ABSOLUTE
    ..\\..\\..\\..\\..\\..\\Drivers\\STM32F0xx_HAL_Driver\\Src\\stm32f0xx_hal_rcc.c 0x00000000   Number         0  stm32f0xx_hal_rcc.o ABSOLUTE
    ..\\..\\..\\..\\..\\..\\Drivers\\STM32F0xx_HAL_Driver\\Src\\stm32f0xx_hal_rcc_ex.c 0x00000000   Number         0  stm32f0xx_hal_rcc_ex.o ABSOLUTE
    ..\\..\\..\\..\\..\\..\\Drivers\\STM32F0xx_HAL_Driver\\Src\\stm32f0xx_hal_tim.c 0x00000000   Number         0  stm32f0xx_hal_tim.o ABSOLUTE
    ..\\..\\..\\..\\..\\..\\Drivers\\STM32F0xx_HAL_Driver\\Src\\stm32f0xx_hal_tim_ex.c 0x00000000   Number         0  stm32f0xx_hal_tim_ex.o ABSOLUTE
    ..\\..\\..\\..\\..\\..\\Drivers\\STM32F0xx_HAL_Driver\\Src\\stm32f0xx_hal_uart.c 0x00000000   Number         0  stm32f0xx_hal_uart.o ABSOLUTE
    ..\\..\\..\\..\\..\\..\\Drivers\\STM32F0xx_HAL_Driver\\Src\\stm32f0xx_hal_uart_ex.c 0x00000000   Number         0  stm32f0xx_hal_uart_ex.o ABSOLUTE
    ..\\CommonTables\\arm_common_tables.c    0x00000000   Number         0  arm_common_tables.o ABSOLUTE
    ..\\FastMathFunctions\\arm_cos_q31.c     0x00000000   Number         0  arm_cos_q31.o ABSOLUTE
    ..\\FastMathFunctions\\arm_sin_q31.c     0x00000000   Number         0  arm_sin_q31.o ABSOLUTE
    ..\\FilteringFunctions\\arm_biquad_cascade_df1_init_q15.c 0x00000000   Number         0  arm_biquad_cascade_df1_init_q15.o ABSOLUTE
    ..\\FilteringFunctions\\arm_biquad_cascade_df1_init_q31.c 0x00000000   Number         0  arm_biquad_cascade_df1_init_q31.o ABSOLUTE
    ..\\Src\\main.c                          0x00000000   Number         0  main.o ABSOLUTE
    ..\\Src\\stm32f0xx_hal_msp.c             0x00000000   Number         0  stm32f0xx_hal_msp.o ABSOLUTE
    ..\\Src\\stm32f0xx_it.c                  0x00000000   Number         0  stm32f0xx_it.o ABSOLUTE
    ..\\Src\\system_stm32f0xx.c              0x00000000   Number         0  system_stm32f0xx.o ABSOLUTE
    ..\\SupportFunctions\\arm_float_to_q31.c 0x00000000   Number         0  arm_float_to_q31.o ABSOLUTE
    cdrcmple.s                               0x00000000   Number         0  cdrcmple.o ABSOLUTE
    dc.s                                     0x00000000   Number         0  dc.o ABSOLUTE
    handlers.s                               0x00000000   Number         0  handlers.o ABSOLUTE
    init.s                                   0x00000000   Number         0  init.o ABSOLUTE
    startup_stm32f030x8.s                    0x00000000   Number         0  startup_stm32f030x8.o ABSOLUTE
    RESET                                    0x08000000   Section      180  startup_stm32f030x8.o(RESET)
    .ARM.Collect$$$$00000000                 0x080000b4   Section        0  entry.o(.ARM.Collect$$$$00000000)
    .ARM.Collect$$$$00000001                 0x080000b4   Section        4  entry2.o(.ARM.Collect$$$$00000001)
    .ARM.Collect$$$$00000004                 0x080000b8   Section        4  entry5.o(.ARM.Collect$$$$00000004)
    .ARM.Collect$$$$00000008                 0x080000bc   Section        0  entry7b.o(.ARM.Collect$$$$00000008)
    .ARM.Collect$$$$0000000A                 0x080000bc   Section        0  entry8b.o(.ARM.Collect$$$$0000000A)
    .ARM.Collect$$$$0000000B                 0x080000bc   Section        8  entry9a.o(.ARM.Collect$$$$0000000B)
    .ARM.Collect$$$$0000000D                 0x080000c4   Section        0  entry10a.o(.ARM.Collect$$$$0000000D)
    .ARM.Collect$$$$0000000F                 0x080000c4   Section        0  entry11a.o(.ARM.Collect$$$$0000000F)
    .ARM.Collect$$$$00002712                 0x080000c4   Section        4  entry2.o(.ARM.Collect$$$$00002712)
    __lit__00000000                          0x080000c4   Data           4  entry2.o(.ARM.Collect$$$$00002712)
    .text                                    0x080000c8   Section       28  startup_stm32f030x8.o(.text)
    .text                                    0x080000e4   Section        0  arm_cos_q31.o(.text)
    .text                                    0x0800012c   Section        0  arm_sin_q31.o(.text)
    .text                                    0x08000168   Section        0  arm_biquad_cascade_df1_init_q15.o(.text)
    .text                                    0x08000182   Section        0  arm_biquad_cascade_df1_init_q31.o(.text)
    .text                                    0x0800019c   Section        0  arm_float_to_q31.o(.text)
    .text                                    0x08000224   Section        0  uidiv.o(.text)
    .text                                    0x08000250   Section        0  llmul.o(.text)
    .text                                    0x080002ca   Section        0  memcpya.o(.text)
    .text                                    0x080002ee   Section        0  memseta.o(.text)
    .text                                    0x08000312   Section        0  strlen.o(.text)
    .text                                    0x08000320   Section        0  fadd.o(.text)
    .text                                    0x080003d2   Section        0  fmul.o(.text)
    .text                                    0x0800044c   Section        0  fdiv.o(.text)
    .text                                    0x080004c8   Section        0  fscalb.o(.text)
    .text                                    0x080004e0   Section        0  dmul.o(.text)
    .text                                    0x080005b0   Section        0  fflti.o(.text)
    .text                                    0x080005c6   Section        0  ffixl.o(.text)
    .text                                    0x08000606   Section        0  f2d.o(.text)
    .text                                    0x0800062e   Section        0  d2f.o(.text)
    .text                                    0x08000666   Section        0  llshl.o(.text)
    .text                                    0x08000686   Section        0  fepilogue.o(.text)
    .text                                    0x08000686   Section        0  iusefp.o(.text)
    .text                                    0x08000708   Section        0  depilogue.o(.text)
    .text                                    0x080007c8   Section        0  dadd.o(.text)
    .text                                    0x0800092c   Section       36  init.o(.text)
    .text                                    0x08000950   Section        0  llushr.o(.text)
    .text                                    0x08000972   Section        0  llsshr.o(.text)
    i.BSP_LED_Init                           0x08000998   Section        0  stm32f0308_discovery.o(i.BSP_LED_Init)
    i.BSP_LED_On                             0x080009f0   Section        0  stm32f0308_discovery.o(i.BSP_LED_On)
    i.BSP_LED_Toggle                         0x08000a10   Section        0  stm32f0308_discovery.o(i.BSP_LED_Toggle)
    i.DMA1_Channel1_IRQHandler               0x08000a2c   Section        0  stm32f0xx_it.o(i.DMA1_Channel1_IRQHandler)
    i.DMA1_Channel2_3_IRQHandler             0x08000a3c   Section        0  stm32f0xx_it.o(i.DMA1_Channel2_3_IRQHandler)
    i.DMA_SetConfig                          0x08000a54   Section        0  stm32f0xx_hal_dma.o(i.DMA_SetConfig)
    DMA_SetConfig                            0x08000a55   Thumb Code    30  stm32f0xx_hal_dma.o(i.DMA_SetConfig)
    i.EXTI0_1_IRQHandler                     0x08000a72   Section        0  stm32f0xx_it.o(i.EXTI0_1_IRQHandler)
    i.Error_Handler                          0x08000a7c   Section        0  main.o(i.Error_Handler)
    Error_Handler                            0x08000a7d   Thumb Code    24  main.o(i.Error_Handler)
    i.HAL_ADCEx_Calibration_Start            0x08000a94   Section        0  stm32f0xx_hal_adc_ex.o(i.HAL_ADCEx_Calibration_Start)
    i.HAL_ADC_ConfigChannel                  0x08000b28   Section        0  stm32f0xx_hal_adc.o(i.HAL_ADC_ConfigChannel)
    i.HAL_ADC_Init                           0x08000c38   Section        0  stm32f0xx_hal_adc.o(i.HAL_ADC_Init)
    i.HAL_ADC_MspInit                        0x08000dac   Section        0  stm32f0xx_hal_msp.o(i.HAL_ADC_MspInit)
    i.HAL_DMA_DeInit                         0x08000e40   Section        0  stm32f0xx_hal_dma.o(i.HAL_DMA_DeInit)
    i.HAL_DMA_IRQHandler                     0x08000f0c   Section        0  stm32f0xx_hal_dma.o(i.HAL_DMA_IRQHandler)
    i.HAL_DMA_Init                           0x080010e8   Section        0  stm32f0xx_hal_dma.o(i.HAL_DMA_Init)
    i.HAL_DMA_Start_IT                       0x0800113c   Section        0  stm32f0xx_hal_dma.o(i.HAL_DMA_Start_IT)
    i.HAL_Delay                              0x0800118a   Section        0  stm32f0xx_hal.o(i.HAL_Delay)
    i.HAL_GPIO_DeInit                        0x080011a0   Section        0  stm32f0xx_hal_gpio.o(i.HAL_GPIO_DeInit)
    i.HAL_GPIO_EXTI_Callback                 0x08001274   Section        0  main.o(i.HAL_GPIO_EXTI_Callback)
    i.HAL_GPIO_EXTI_IRQHandler               0x08001284   Section        0  stm32f0xx_hal_gpio.o(i.HAL_GPIO_EXTI_IRQHandler)
    i.HAL_GPIO_Init                          0x0800129c   Section        0  stm32f0xx_hal_gpio.o(i.HAL_GPIO_Init)
    i.HAL_GPIO_TogglePin                     0x080013e4   Section        0  stm32f0xx_hal_gpio.o(i.HAL_GPIO_TogglePin)
    i.HAL_GPIO_WritePin                      0x080013ec   Section        0  stm32f0xx_hal_gpio.o(i.HAL_GPIO_WritePin)
    i.HAL_GetTick                            0x080013f8   Section        0  stm32f0xx_hal.o(i.HAL_GetTick)
    i.HAL_IncTick                            0x08001404   Section        0  stm32f0xx_hal.o(i.HAL_IncTick)
    i.HAL_Init                               0x08001414   Section        0  stm32f0xx_hal.o(i.HAL_Init)
    i.HAL_InitTick                           0x08001434   Section        0  stm32f0xx_hal.o(i.HAL_InitTick)
    i.HAL_MspInit                            0x08001456   Section        0  stm32f0xx_hal.o(i.HAL_MspInit)
    i.HAL_NVIC_DisableIRQ                    0x08001458   Section        0  stm32f0xx_hal_cortex.o(i.HAL_NVIC_DisableIRQ)
    i.HAL_NVIC_EnableIRQ                     0x08001470   Section        0  stm32f0xx_hal_cortex.o(i.HAL_NVIC_EnableIRQ)
    i.HAL_NVIC_SetPriority                   0x08001488   Section        0  stm32f0xx_hal_cortex.o(i.HAL_NVIC_SetPriority)
    i.HAL_RCC_ClockConfig                    0x08001490   Section        0  stm32f0xx_hal_rcc.o(i.HAL_RCC_ClockConfig)
    i.HAL_RCC_GetHCLKFreq                    0x080015bc   Section        0  stm32f0xx_hal_rcc.o(i.HAL_RCC_GetHCLKFreq)
    i.HAL_RCC_GetPCLK1Freq                   0x080015c8   Section        0  stm32f0xx_hal_rcc.o(i.HAL_RCC_GetPCLK1Freq)
    i.HAL_RCC_GetSysClockFreq                0x080015e8   Section        0  stm32f0xx_hal_rcc.o(i.HAL_RCC_GetSysClockFreq)
    i.HAL_RCC_OscConfig                      0x08001660   Section        0  stm32f0xx_hal_rcc.o(i.HAL_RCC_OscConfig)
    i.HAL_SYSTICK_Config                     0x080019b4   Section        0  stm32f0xx_hal_cortex.o(i.HAL_SYSTICK_Config)
    i.HAL_TIMEx_BreakCallback                0x080019e4   Section        0  stm32f0xx_hal_tim_ex.o(i.HAL_TIMEx_BreakCallback)
    i.HAL_TIMEx_CommutationCallback          0x080019e6   Section        0  stm32f0xx_hal_tim_ex.o(i.HAL_TIMEx_CommutationCallback)
    i.HAL_TIM_Base_Init                      0x080019e8   Section        0  stm32f0xx_hal_tim.o(i.HAL_TIM_Base_Init)
    i.HAL_TIM_Base_MspInit                   0x08001a1c   Section        0  stm32f0xx_hal_msp.o(i.HAL_TIM_Base_MspInit)
    i.HAL_TIM_Base_Start_IT                  0x08001a44   Section        0  stm32f0xx_hal_tim.o(i.HAL_TIM_Base_Start_IT)
    i.HAL_TIM_IC_CaptureCallback             0x08001a5a   Section        0  stm32f0xx_hal_tim.o(i.HAL_TIM_IC_CaptureCallback)
    i.HAL_TIM_IRQHandler                     0x08001a5c   Section        0  stm32f0xx_hal_tim.o(i.HAL_TIM_IRQHandler)
    i.HAL_TIM_OC_DelayElapsedCallback        0x08001bbe   Section        0  stm32f0xx_hal_tim.o(i.HAL_TIM_OC_DelayElapsedCallback)
    i.HAL_TIM_PWM_PulseFinishedCallback      0x08001bc0   Section        0  stm32f0xx_hal_tim.o(i.HAL_TIM_PWM_PulseFinishedCallback)
    i.HAL_TIM_PeriodElapsedCallback          0x08001bc2   Section        0  main.o(i.HAL_TIM_PeriodElapsedCallback)
    i.HAL_TIM_TriggerCallback                0x08001bcc   Section        0  stm32f0xx_hal_tim.o(i.HAL_TIM_TriggerCallback)
    i.HAL_UART_DeInit                        0x08001bce   Section        0  stm32f0xx_hal_uart.o(i.HAL_UART_DeInit)
    i.HAL_UART_ErrorCallback                 0x08001c0c   Section        0  main.o(i.HAL_UART_ErrorCallback)
    i.HAL_UART_IRQHandler                    0x08001c10   Section        0  stm32f0xx_hal_uart.o(i.HAL_UART_IRQHandler)
    i.HAL_UART_Init                          0x08001cca   Section        0  stm32f0xx_hal_uart.o(i.HAL_UART_Init)
    i.HAL_UART_MspDeInit                     0x08001d38   Section        0  stm32f0xx_hal_msp.o(i.HAL_UART_MspDeInit)
    i.HAL_UART_MspInit                       0x08001d8c   Section        0  stm32f0xx_hal_msp.o(i.HAL_UART_MspInit)
    i.HAL_UART_RxCpltCallback                0x08001e7c   Section        0  main.o(i.HAL_UART_RxCpltCallback)
    i.HAL_UART_Transmit_DMA                  0x08001e90   Section        0  stm32f0xx_hal_uart.o(i.HAL_UART_Transmit_DMA)
    i.HAL_UART_TxCpltCallback                0x08001f20   Section        0  main.o(i.HAL_UART_TxCpltCallback)
    i.HAL_UART_TxHalfCpltCallback            0x08001f34   Section        0  stm32f0xx_hal_uart.o(i.HAL_UART_TxHalfCpltCallback)
    i.HardFault_Handler                      0x08001f36   Section        0  stm32f0xx_it.o(i.HardFault_Handler)
    i.NMI_Handler                            0x08001f38   Section        0  stm32f0xx_it.o(i.NMI_Handler)
    i.NVIC_SetPriority                       0x08001f3c   Section        0  stm32f0xx_hal_cortex.o(i.NVIC_SetPriority)
    NVIC_SetPriority                         0x08001f3d   Thumb Code    60  stm32f0xx_hal_cortex.o(i.NVIC_SetPriority)
    i.PendSV_Handler                         0x08001f80   Section        0  stm32f0xx_it.o(i.PendSV_Handler)
    i.SVC_Handler                            0x08001f82   Section        0  stm32f0xx_it.o(i.SVC_Handler)
    i.SysTick_Handler                        0x08001f84   Section        0  stm32f0xx_it.o(i.SysTick_Handler)
    i.SystemClock_Config                     0x08001f8c   Section        0  main.o(i.SystemClock_Config)
    i.SystemInit                             0x08001fd0   Section        0  system_stm32f0xx.o(i.SystemInit)
    i.TIM3_IRQHandler                        0x0800202c   Section        0  stm32f0xx_it.o(i.TIM3_IRQHandler)
    i.TIM_Base_SetConfig                     0x0800203c   Section        0  stm32f0xx_hal_tim.o(i.TIM_Base_SetConfig)
    i.UART_AdvFeatureConfig                  0x080020bc   Section        0  stm32f0xx_hal_uart.o(i.UART_AdvFeatureConfig)
    i.UART_CheckIdleState                    0x08002186   Section        0  stm32f0xx_hal_uart.o(i.UART_CheckIdleState)
    i.UART_DMAError                          0x08002198   Section        0  stm32f0xx_hal_uart.o(i.UART_DMAError)
    UART_DMAError                            0x08002199   Thumb Code    36  stm32f0xx_hal_uart.o(i.UART_DMAError)
    i.UART_DMATransmitCplt                   0x080021bc   Section        0  stm32f0xx_hal_uart.o(i.UART_DMATransmitCplt)
    UART_DMATransmitCplt                     0x080021bd   Thumb Code    48  stm32f0xx_hal_uart.o(i.UART_DMATransmitCplt)
    i.UART_DMATxHalfCplt                     0x080021ec   Section        0  stm32f0xx_hal_uart.o(i.UART_DMATxHalfCplt)
    UART_DMATxHalfCplt                       0x080021ed   Thumb Code    10  stm32f0xx_hal_uart.o(i.UART_DMATxHalfCplt)
    i.UART_EndTransmit_IT                    0x080021f6   Section        0  stm32f0xx_hal_uart.o(i.UART_EndTransmit_IT)
    i.UART_Receive_IT                        0x08002210   Section        0  stm32f0xx_hal_uart.o(i.UART_Receive_IT)
    i.UART_SetConfig                         0x08002294   Section        0  stm32f0xx_hal_uart.o(i.UART_SetConfig)
    i.UART_Transmit_IT                       0x080023c4   Section        0  stm32f0xx_hal_uart.o(i.UART_Transmit_IT)
    i.USART1_IRQHandler                      0x0800242c   Section        0  stm32f0xx_it.o(i.USART1_IRQHandler)
    i.__0sprintf$1                           0x0800243c   Section        0  printf1.o(i.__0sprintf$1)
    i.__ARM_clz                              0x08002464   Section        0  depilogue.o(i.__ARM_clz)
    i.__ARM_common_ll_mulss                  0x08002492   Section        0  arm_cos_q31.o(i.__ARM_common_ll_mulss)
    i.__scatterload_copy                     0x080024c4   Section       14  handlers.o(i.__scatterload_copy)
    i.__scatterload_null                     0x080024d2   Section        2  handlers.o(i.__scatterload_null)
    i.__scatterload_zeroinit                 0x080024d4   Section       14  handlers.o(i.__scatterload_zeroinit)
    i._printf_core                           0x080024e4   Section        0  printf1.o(i._printf_core)
    _printf_core                             0x080024e5   Thumb Code   332  printf1.o(i._printf_core)
    i._sputc                                 0x08002634   Section        0  printf1.o(i._sputc)
    _sputc                                   0x08002635   Thumb Code    10  printf1.o(i._sputc)
    i.main                                   0x08002640   Section        0  main.o(i.main)
    i.modf                                   0x08002be4   Section        0  modf.o(i.modf)
    .constdata                               0x08002c74   Section       40  main.o(.constdata)
    .constdata                               0x08002c9c   Section       16  system_stm32f0xx.o(.constdata)
    .constdata                               0x08002cac   Section        8  system_stm32f0xx.o(.constdata)
    .constdata                               0x08002cb4   Section        8  stm32f0308_discovery.o(.constdata)
    .constdata                               0x08002cbc   Section     2052  arm_common_tables.o(.constdata)
    .conststring                             0x080034c0   Section       82  main.o(.conststring)
    .data                                    0x20000000   Section       48  main.o(.data)
    .data                                    0x20000030   Section        4  system_stm32f0xx.o(.data)
    .data                                    0x20000034   Section        4  stm32f0xx_hal.o(.data)
    .data                                    0x20000038   Section       12  stm32f0308_discovery.o(.data)
    .bss                                     0x20000044   Section     3460  main.o(.bss)
    .bss                                     0x20000dc8   Section      180  stm32f0xx_hal_msp.o(.bss)
    hdma_tx                                  0x20000dc8   Data          60  stm32f0xx_hal_msp.o(.bss)
    hdma_rx                                  0x20000e04   Data          60  stm32f0xx_hal_msp.o(.bss)
    DmaHandle                                0x20000e40   Data          60  stm32f0xx_hal_msp.o(.bss)
    STACK                                    0x20000e80   Section     1024  startup_stm32f030x8.o(STACK)

    Global Symbols

    Symbol Name                              Value     Ov Type        Size  Object(Section)

    BuildAttributes$$THM_ISAv3M$S$PE$A:L22$X:L11$S22$IEEE1$IW$USESV6$~STKCKD$USESV7$~SHL$OTIME$ROPI$IEEEJ$EBA8$MICROLIB$REQ8$PRES8$EABIv2 0x00000000   Number         0  anon$$obj.o ABSOLUTE
    __ARM_use_no_argv                        0x00000000   Number         0  main.o ABSOLUTE
    _printf_a                                0x00000000   Number         0  stubs.o ABSOLUTE
    _printf_c                                0x00000000   Number         0  stubs.o ABSOLUTE
    _printf_charcount                        0x00000000   Number         0  stubs.o ABSOLUTE
    _printf_d                                0x00000000   Number         0  stubs.o ABSOLUTE
    _printf_e                                0x00000000   Number         0  stubs.o ABSOLUTE
    _printf_f                                0x00000000   Number         0  stubs.o ABSOLUTE
    _printf_flags                            0x00000000   Number         0  stubs.o ABSOLUTE
    _printf_fp_dec                           0x00000000   Number         0  stubs.o ABSOLUTE
    _printf_fp_hex                           0x00000000   Number         0  stubs.o ABSOLUTE
    _printf_g                                0x00000000   Number         0  stubs.o ABSOLUTE
    _printf_i                                0x00000000   Number         0  stubs.o ABSOLUTE
    _printf_int_dec                          0x00000000   Number         0  stubs.o ABSOLUTE
    _printf_l                                0x00000000   Number         0  stubs.o ABSOLUTE
    _printf_lc                               0x00000000   Number         0  stubs.o ABSOLUTE
    _printf_ll                               0x00000000   Number         0  stubs.o ABSOLUTE
    _printf_lld                              0x00000000   Number         0  stubs.o ABSOLUTE
    _printf_lli                              0x00000000   Number         0  stubs.o ABSOLUTE
    _printf_llo                              0x00000000   Number         0  stubs.o ABSOLUTE
    _printf_llu                              0x00000000   Number         0  stubs.o ABSOLUTE
    _printf_llx                              0x00000000   Number         0  stubs.o ABSOLUTE
    _printf_longlong_dec                     0x00000000   Number         0  stubs.o ABSOLUTE
    _printf_longlong_hex                     0x00000000   Number         0  stubs.o ABSOLUTE
    _printf_longlong_oct                     0x00000000   Number         0  stubs.o ABSOLUTE
    _printf_ls                               0x00000000   Number         0  stubs.o ABSOLUTE
    _printf_mbtowc                           0x00000000   Number         0  stubs.o ABSOLUTE
    _printf_n                                0x00000000   Number         0  stubs.o ABSOLUTE
    _printf_o                                0x00000000   Number         0  stubs.o ABSOLUTE
    _printf_p                                0x00000000   Number         0  stubs.o ABSOLUTE
    _printf_percent                          0x00000000   Number         0  stubs.o ABSOLUTE
    _printf_pre_padding                      0x00000000   Number         0  stubs.o ABSOLUTE
    _printf_return_value                     0x00000000   Number         0  stubs.o ABSOLUTE
    _printf_s                                0x00000000   Number         0  stubs.o ABSOLUTE
    _printf_sizespec                         0x00000000   Number         0  stubs.o ABSOLUTE
    _printf_str                              0x00000000   Number         0  stubs.o ABSOLUTE
    _printf_truncate_signed                  0x00000000   Number         0  stubs.o ABSOLUTE
    _printf_truncate_unsigned                0x00000000   Number         0  stubs.o ABSOLUTE
    _printf_u                                0x00000000   Number         0  stubs.o ABSOLUTE
    _printf_wc                               0x00000000   Number         0  stubs.o ABSOLUTE
    _printf_wctomb                           0x00000000   Number         0  stubs.o ABSOLUTE
    _printf_widthprec                        0x00000000   Number         0  stubs.o ABSOLUTE
    _printf_x                                0x00000000   Number         0  stubs.o ABSOLUTE
    __cpp_initialize__aeabi_                  - Undefined Weak Reference
    __cxa_finalize                            - Undefined Weak Reference
    __decompress                              - Undefined Weak Reference
    _clock_init                               - Undefined Weak Reference
    _microlib_exit                            - Undefined Weak Reference
    __Vectors_Size                           0x000000b4   Number         0  startup_stm32f030x8.o ABSOLUTE
    __Vectors                                0x08000000   Data           4  startup_stm32f030x8.o(RESET)
    __Vectors_End                            0x080000b4   Data           0  startup_stm32f030x8.o(RESET)
    __main                                   0x080000b5   Thumb Code     0  entry.o(.ARM.Collect$$$$00000000)
    _main_stk                                0x080000b5   Thumb Code     0  entry2.o(.ARM.Collect$$$$00000001)
    _main_scatterload                        0x080000b9   Thumb Code     0  entry5.o(.ARM.Collect$$$$00000004)
    __main_after_scatterload                 0x080000bd   Thumb Code     0  entry5.o(.ARM.Collect$$$$00000004)
    _main_clock                              0x080000bd   Thumb Code     0  entry7b.o(.ARM.Collect$$$$00000008)
    _main_cpp_init                           0x080000bd   Thumb Code     0  entry8b.o(.ARM.Collect$$$$0000000A)
    _main_init                               0x080000bd   Thumb Code     0  entry9a.o(.ARM.Collect$$$$0000000B)
    __rt_final_cpp                           0x080000c5   Thumb Code     0  entry10a.o(.ARM.Collect$$$$0000000D)
    __rt_final_exit                          0x080000c5   Thumb Code     0  entry11a.o(.ARM.Collect$$$$0000000F)
    Reset_Handler                            0x080000c9   Thumb Code     8  startup_stm32f030x8.o(.text)
    ADC1_IRQHandler                          0x080000db   Thumb Code     0  startup_stm32f030x8.o(.text)
    DMA1_Channel4_5_IRQHandler               0x080000db   Thumb Code     0  startup_stm32f030x8.o(.text)
    EXTI2_3_IRQHandler                       0x080000db   Thumb Code     0  startup_stm32f030x8.o(.text)
    EXTI4_15_IRQHandler                      0x080000db   Thumb Code     0  startup_stm32f030x8.o(.text)
    FLASH_IRQHandler                         0x080000db   Thumb Code     0  startup_stm32f030x8.o(.text)
    I2C1_IRQHandler                          0x080000db   Thumb Code     0  startup_stm32f030x8.o(.text)
    I2C2_IRQHandler                          0x080000db   Thumb Code     0  startup_stm32f030x8.o(.text)
    RCC_IRQHandler                           0x080000db   Thumb Code     0  startup_stm32f030x8.o(.text)
    RTC_IRQHandler                           0x080000db   Thumb Code     0  startup_stm32f030x8.o(.text)
    SPI1_IRQHandler                          0x080000db   Thumb Code     0  startup_stm32f030x8.o(.text)
    SPI2_IRQHandler                          0x080000db   Thumb Code     0  startup_stm32f030x8.o(.text)
    TIM14_IRQHandler                         0x080000db   Thumb Code     0  startup_stm32f030x8.o(.text)
    TIM15_IRQHandler                         0x080000db   Thumb Code     0  startup_stm32f030x8.o(.text)
    TIM16_IRQHandler                         0x080000db   Thumb Code     0  startup_stm32f030x8.o(.text)
    TIM17_IRQHandler                         0x080000db   Thumb Code     0  startup_stm32f030x8.o(.text)
    TIM1_BRK_UP_TRG_COM_IRQHandler           0x080000db   Thumb Code     0  startup_stm32f030x8.o(.text)
    TIM1_CC_IRQHandler                       0x080000db   Thumb Code     0  startup_stm32f030x8.o(.text)
    USART2_IRQHandler                        0x080000db   Thumb Code     0  startup_stm32f030x8.o(.text)
    WWDG_IRQHandler                          0x080000db   Thumb Code     0  startup_stm32f030x8.o(.text)
    arm_cos_q31                              0x080000e5   Thumb Code    62  arm_cos_q31.o(.text)
    arm_sin_q31                              0x0800012d   Thumb Code    54  arm_sin_q31.o(.text)
    arm_biquad_cascade_df1_init_q15          0x08000169   Thumb Code    26  arm_biquad_cascade_df1_init_q15.o(.text)
    arm_biquad_cascade_df1_init_q31          0x08000183   Thumb Code    26  arm_biquad_cascade_df1_init_q31.o(.text)
    arm_float_to_q31                         0x0800019d   Thumb Code   130  arm_float_to_q31.o(.text)
    __aeabi_uidiv                            0x08000225   Thumb Code     0  uidiv.o(.text)
    __aeabi_uidivmod                         0x08000225   Thumb Code    44  uidiv.o(.text)
    __aeabi_lmul                             0x08000251   Thumb Code   122  llmul.o(.text)
    _ll_mul                                  0x08000251   Thumb Code     0  llmul.o(.text)
    __aeabi_memcpy                           0x080002cb   Thumb Code    36  memcpya.o(.text)
    __aeabi_memcpy4                          0x080002cb   Thumb Code     0  memcpya.o(.text)
    __aeabi_memcpy8                          0x080002cb   Thumb Code     0  memcpya.o(.text)
    __aeabi_memset                           0x080002ef   Thumb Code    14  memseta.o(.text)
    __aeabi_memset4                          0x080002ef   Thumb Code     0  memseta.o(.text)
    __aeabi_memset8                          0x080002ef   Thumb Code     0  memseta.o(.text)
    __aeabi_memclr                           0x080002fd   Thumb Code     4  memseta.o(.text)
    __aeabi_memclr4                          0x080002fd   Thumb Code     0  memseta.o(.text)
    __aeabi_memclr8                          0x080002fd   Thumb Code     0  memseta.o(.text)
    _memset$wrapper                          0x08000301   Thumb Code    18  memseta.o(.text)
    strlen                                   0x08000313   Thumb Code    14  strlen.o(.text)
    __aeabi_fadd                             0x08000321   Thumb Code   162  fadd.o(.text)
    __aeabi_fsub                             0x080003c3   Thumb Code     8  fadd.o(.text)
    __aeabi_frsub                            0x080003cb   Thumb Code     8  fadd.o(.text)
    __aeabi_fmul                             0x080003d3   Thumb Code   122  fmul.o(.text)
    __aeabi_fdiv                             0x0800044d   Thumb Code   124  fdiv.o(.text)
    __ARM_scalbnf                            0x080004c9   Thumb Code    24  fscalb.o(.text)
    scalbnf                                  0x080004c9   Thumb Code     0  fscalb.o(.text)
    __aeabi_dmul                             0x080004e1   Thumb Code   202  dmul.o(.text)
    __aeabi_i2f                              0x080005b1   Thumb Code    22  fflti.o(.text)
    __aeabi_f2lz                             0x080005c7   Thumb Code    64  ffixl.o(.text)
    __aeabi_f2d                              0x08000607   Thumb Code    40  f2d.o(.text)
    __aeabi_d2f                              0x0800062f   Thumb Code    56  d2f.o(.text)
    __aeabi_llsl                             0x08000667   Thumb Code    32  llshl.o(.text)
    _ll_shift_l                              0x08000667   Thumb Code     0  llshl.o(.text)
    __I$use$fp                               0x08000687   Thumb Code     0  iusefp.o(.text)
    _float_round                             0x08000687   Thumb Code    16  fepilogue.o(.text)
    _float_epilogue                          0x08000697   Thumb Code   114  fepilogue.o(.text)
    _double_round                            0x08000709   Thumb Code    26  depilogue.o(.text)
    _double_epilogue                         0x08000723   Thumb Code   164  depilogue.o(.text)
    __aeabi_dadd                             0x080007c9   Thumb Code   328  dadd.o(.text)
    __aeabi_dsub                             0x08000911   Thumb Code    12  dadd.o(.text)
    __aeabi_drsub                            0x0800091d   Thumb Code    12  dadd.o(.text)
    __scatterload                            0x0800092d   Thumb Code    28  init.o(.text)
    __scatterload_rt2                        0x0800092d   Thumb Code     0  init.o(.text)
    __aeabi_llsr                             0x08000951   Thumb Code    34  llushr.o(.text)
    _ll_ushift_r                             0x08000951   Thumb Code     0  llushr.o(.text)
    __aeabi_lasr                             0x08000973   Thumb Code    38  llsshr.o(.text)
    _ll_sshift_r                             0x08000973   Thumb Code     0  llsshr.o(.text)
    BSP_LED_Init                             0x08000999   Thumb Code    76  stm32f0308_discovery.o(i.BSP_LED_Init)
    BSP_LED_On                               0x080009f1   Thumb Code    22  stm32f0308_discovery.o(i.BSP_LED_On)
    BSP_LED_Toggle                           0x08000a11   Thumb Code    20  stm32f0308_discovery.o(i.BSP_LED_Toggle)
    DMA1_Channel1_IRQHandler                 0x08000a2d   Thumb Code    12  stm32f0xx_it.o(i.DMA1_Channel1_IRQHandler)
    DMA1_Channel2_3_IRQHandler               0x08000a3d   Thumb Code    18  stm32f0xx_it.o(i.DMA1_Channel2_3_IRQHandler)
    EXTI0_1_IRQHandler                       0x08000a73   Thumb Code    10  stm32f0xx_it.o(i.EXTI0_1_IRQHandler)
    HAL_ADCEx_Calibration_Start              0x08000a95   Thumb Code   148  stm32f0xx_hal_adc_ex.o(i.HAL_ADCEx_Calibration_Start)
    HAL_ADC_ConfigChannel                    0x08000b29   Thumb Code   254  stm32f0xx_hal_adc.o(i.HAL_ADC_ConfigChannel)
    HAL_ADC_Init                             0x08000c39   Thumb Code   362  stm32f0xx_hal_adc.o(i.HAL_ADC_Init)
    HAL_ADC_MspInit                          0x08000dad   Thumb Code   136  stm32f0xx_hal_msp.o(i.HAL_ADC_MspInit)
    HAL_DMA_DeInit                           0x08000e41   Thumb Code   200  stm32f0xx_hal_dma.o(i.HAL_DMA_DeInit)
    HAL_DMA_IRQHandler                       0x08000f0d   Thumb Code   470  stm32f0xx_hal_dma.o(i.HAL_DMA_IRQHandler)
    HAL_DMA_Init                             0x080010e9   Thumb Code    78  stm32f0xx_hal_dma.o(i.HAL_DMA_Init)
    HAL_DMA_Start_IT                         0x0800113d   Thumb Code    78  stm32f0xx_hal_dma.o(i.HAL_DMA_Start_IT)
    HAL_Delay                                0x0800118b   Thumb Code    22  stm32f0xx_hal.o(i.HAL_Delay)
    HAL_GPIO_DeInit                          0x080011a1   Thumb Code   192  stm32f0xx_hal_gpio.o(i.HAL_GPIO_DeInit)
    HAL_GPIO_EXTI_Callback                   0x08001275   Thumb Code    10  main.o(i.HAL_GPIO_EXTI_Callback)
    HAL_GPIO_EXTI_IRQHandler                 0x08001285   Thumb Code    18  stm32f0xx_hal_gpio.o(i.HAL_GPIO_EXTI_IRQHandler)
    HAL_GPIO_Init                            0x0800129d   Thumb Code   302  stm32f0xx_hal_gpio.o(i.HAL_GPIO_Init)
    HAL_GPIO_TogglePin                       0x080013e5   Thumb Code     8  stm32f0xx_hal_gpio.o(i.HAL_GPIO_TogglePin)
    HAL_GPIO_WritePin                        0x080013ed   Thumb Code    12  stm32f0xx_hal_gpio.o(i.HAL_GPIO_WritePin)
    HAL_GetTick                              0x080013f9   Thumb Code     6  stm32f0xx_hal.o(i.HAL_GetTick)
    HAL_IncTick                              0x08001405   Thumb Code    10  stm32f0xx_hal.o(i.HAL_IncTick)
    HAL_Init                                 0x08001415   Thumb Code    26  stm32f0xx_hal.o(i.HAL_Init)
    HAL_InitTick                             0x08001435   Thumb Code    34  stm32f0xx_hal.o(i.HAL_InitTick)
    HAL_MspInit                              0x08001457   Thumb Code     2  stm32f0xx_hal.o(i.HAL_MspInit)
    HAL_NVIC_DisableIRQ                      0x08001459   Thumb Code    18  stm32f0xx_hal_cortex.o(i.HAL_NVIC_DisableIRQ)
    HAL_NVIC_EnableIRQ                       0x08001471   Thumb Code    18  stm32f0xx_hal_cortex.o(i.HAL_NVIC_EnableIRQ)
    HAL_NVIC_SetPriority                     0x08001489   Thumb Code     8  stm32f0xx_hal_cortex.o(i.HAL_NVIC_SetPriority)
    HAL_RCC_ClockConfig                      0x08001491   Thumb Code   280  stm32f0xx_hal_rcc.o(i.HAL_RCC_ClockConfig)
    HAL_RCC_GetHCLKFreq                      0x080015bd   Thumb Code     6  stm32f0xx_hal_rcc.o(i.HAL_RCC_GetHCLKFreq)
    HAL_RCC_GetPCLK1Freq                     0x080015c9   Thumb Code    20  stm32f0xx_hal_rcc.o(i.HAL_RCC_GetPCLK1Freq)
    HAL_RCC_GetSysClockFreq                  0x080015e9   Thumb Code    76  stm32f0xx_hal_rcc.o(i.HAL_RCC_GetSysClockFreq)
    HAL_RCC_OscConfig                        0x08001661   Thumb Code   840  stm32f0xx_hal_rcc.o(i.HAL_RCC_OscConfig)
    HAL_SYSTICK_Config                       0x080019b5   Thumb Code    38  stm32f0xx_hal_cortex.o(i.HAL_SYSTICK_Config)
    HAL_TIMEx_BreakCallback                  0x080019e5   Thumb Code     2  stm32f0xx_hal_tim_ex.o(i.HAL_TIMEx_BreakCallback)
    HAL_TIMEx_CommutationCallback            0x080019e7   Thumb Code     2  stm32f0xx_hal_tim_ex.o(i.HAL_TIMEx_CommutationCallback)
    HAL_TIM_Base_Init                        0x080019e9   Thumb Code    52  stm32f0xx_hal_tim.o(i.HAL_TIM_Base_Init)
    HAL_TIM_Base_MspInit                     0x08001a1d   Thumb Code    36  stm32f0xx_hal_msp.o(i.HAL_TIM_Base_MspInit)
    HAL_TIM_Base_Start_IT                    0x08001a45   Thumb Code    22  stm32f0xx_hal_tim.o(i.HAL_TIM_Base_Start_IT)
    HAL_TIM_IC_CaptureCallback               0x08001a5b   Thumb Code     2  stm32f0xx_hal_tim.o(i.HAL_TIM_IC_CaptureCallback)
    HAL_TIM_IRQHandler                       0x08001a5d   Thumb Code   354  stm32f0xx_hal_tim.o(i.HAL_TIM_IRQHandler)
    HAL_TIM_OC_DelayElapsedCallback          0x08001bbf   Thumb Code     2  stm32f0xx_hal_tim.o(i.HAL_TIM_OC_DelayElapsedCallback)
    HAL_TIM_PWM_PulseFinishedCallback        0x08001bc1   Thumb Code     2  stm32f0xx_hal_tim.o(i.HAL_TIM_PWM_PulseFinishedCallback)
    HAL_TIM_PeriodElapsedCallback            0x08001bc3   Thumb Code    10  main.o(i.HAL_TIM_PeriodElapsedCallback)
    HAL_TIM_TriggerCallback                  0x08001bcd   Thumb Code     2  stm32f0xx_hal_tim.o(i.HAL_TIM_TriggerCallback)
    HAL_UART_DeInit                          0x08001bcf   Thumb Code    62  stm32f0xx_hal_uart.o(i.HAL_UART_DeInit)
    HAL_UART_ErrorCallback                   0x08001c0d   Thumb Code     4  main.o(i.HAL_UART_ErrorCallback)
    HAL_UART_IRQHandler                      0x08001c11   Thumb Code   186  stm32f0xx_hal_uart.o(i.HAL_UART_IRQHandler)
    HAL_UART_Init                            0x08001ccb   Thumb Code   108  stm32f0xx_hal_uart.o(i.HAL_UART_Init)
    HAL_UART_MspDeInit                       0x08001d39   Thumb Code    78  stm32f0xx_hal_msp.o(i.HAL_UART_MspDeInit)
    HAL_UART_MspInit                         0x08001d8d   Thumb Code   228  stm32f0xx_hal_msp.o(i.HAL_UART_MspInit)
    HAL_UART_RxCpltCallback                  0x08001e7d   Thumb Code    16  main.o(i.HAL_UART_RxCpltCallback)
    HAL_UART_Transmit_DMA                    0x08001e91   Thumb Code   132  stm32f0xx_hal_uart.o(i.HAL_UART_Transmit_DMA)
    HAL_UART_TxCpltCallback                  0x08001f21   Thumb Code    16  main.o(i.HAL_UART_TxCpltCallback)
    HAL_UART_TxHalfCpltCallback              0x08001f35   Thumb Code     2  stm32f0xx_hal_uart.o(i.HAL_UART_TxHalfCpltCallback)
    HardFault_Handler                        0x08001f37   Thumb Code     2  stm32f0xx_it.o(i.HardFault_Handler)
    NMI_Handler                              0x08001f39   Thumb Code     2  stm32f0xx_it.o(i.NMI_Handler)
    PendSV_Handler                           0x08001f81   Thumb Code     2  stm32f0xx_it.o(i.PendSV_Handler)
    SVC_Handler                              0x08001f83   Thumb Code     2  stm32f0xx_it.o(i.SVC_Handler)
    SysTick_Handler                          0x08001f85   Thumb Code     8  stm32f0xx_it.o(i.SysTick_Handler)
    SystemClock_Config                       0x08001f8d   Thumb Code    68  main.o(i.SystemClock_Config)
    SystemInit                               0x08001fd1   Thumb Code    78  system_stm32f0xx.o(i.SystemInit)
    TIM3_IRQHandler                          0x0800202d   Thumb Code    10  stm32f0xx_it.o(i.TIM3_IRQHandler)
    TIM_Base_SetConfig                       0x0800203d   Thumb Code   104  stm32f0xx_hal_tim.o(i.TIM_Base_SetConfig)
    UART_AdvFeatureConfig                    0x080020bd   Thumb Code   202  stm32f0xx_hal_uart.o(i.UART_AdvFeatureConfig)
    UART_CheckIdleState                      0x08002187   Thumb Code    18  stm32f0xx_hal_uart.o(i.UART_CheckIdleState)
    UART_EndTransmit_IT                      0x080021f7   Thumb Code    26  stm32f0xx_hal_uart.o(i.UART_EndTransmit_IT)
    UART_Receive_IT                          0x08002211   Thumb Code   130  stm32f0xx_hal_uart.o(i.UART_Receive_IT)
    UART_SetConfig                           0x08002295   Thumb Code   280  stm32f0xx_hal_uart.o(i.UART_SetConfig)
    UART_Transmit_IT                         0x080023c5   Thumb Code   102  stm32f0xx_hal_uart.o(i.UART_Transmit_IT)
    USART1_IRQHandler                        0x0800242d   Thumb Code    10  stm32f0xx_it.o(i.USART1_IRQHandler)
    __0sprintf$1                             0x0800243d   Thumb Code    36  printf1.o(i.__0sprintf$1)
    __1sprintf$1                             0x0800243d   Thumb Code     0  printf1.o(i.__0sprintf$1)
    __2sprintf                               0x0800243d   Thumb Code     0  printf1.o(i.__0sprintf$1)
    __ARM_clz                                0x08002465   Thumb Code    46  depilogue.o(i.__ARM_clz)
    __ARM_common_ll_mulss                    0x08002493   Thumb Code    50  arm_cos_q31.o(i.__ARM_common_ll_mulss)
    __scatterload_copy                       0x080024c5   Thumb Code    14  handlers.o(i.__scatterload_copy)
    __scatterload_null                       0x080024d3   Thumb Code     2  handlers.o(i.__scatterload_null)
    __scatterload_zeroinit                   0x080024d5   Thumb Code    14  handlers.o(i.__scatterload_zeroinit)
    main                                     0x08002641   Thumb Code  1376  main.o(i.main)
    modf                                     0x08002be5   Thumb Code   136  modf.o(i.modf)
    AHBPrescTable                            0x08002c9c   Data          16  system_stm32f0xx.o(.constdata)
    APBPrescTable                            0x08002cac   Data           8  system_stm32f0xx.o(.constdata)
    BUTTON_IRQn                              0x08002cb4   Data           1  stm32f0308_discovery.o(.constdata)
    BUTTON_PIN                               0x08002cb6   Data           2  stm32f0308_discovery.o(.constdata)
    LED_PIN                                  0x08002cb8   Data           4  stm32f0308_discovery.o(.constdata)
    sinTable_q31                             0x08002cbc   Data        2052  arm_common_tables.o(.constdata)
    Region$$Table$$Base                      0x08003514   Number         0  anon$$obj.o(Region$$Table)
    Region$$Table$$Limit                     0x08003534   Number         0  anon$$obj.o(Region$$Table)
    UartReady                                0x20000000   Data           1  main.o(.data)
    uwPrescalerValue                         0x20000004   Data           4  main.o(.data)
    UserButtonStatus                         0x20000008   Data           4  main.o(.data)
    F_Sample                                 0x2000000c   Data           4  main.o(.data)
    Freq_Store                               0x20000010   Data          32  main.o(.data)
    SystemCoreClock                          0x20000030   Data           4  system_stm32f0xx.o(.data)
    uwTick                                   0x20000034   Data           4  stm32f0xx_hal.o(.data)
    BUTTON_PORT                              0x20000038   Data           4  stm32f0308_discovery.o(.data)
    LED_PORT                                 0x2000003c   Data           8  stm32f0308_discovery.o(.data)
    TimHandle                                0x20000044   Data          60  main.o(.bss)
    UartHandle                               0x20000080   Data         112  main.o(.bss)
    AdcHandle                                0x200000f0   Data          76  main.o(.bss)
    sConfig                                  0x2000013c   Data          12  main.o(.bss)
    Sine_F1                                  0x20000148   Data         200  main.o(.bss)
    Sine_F2                                  0x20000210   Data         200  main.o(.bss)
    Sine_F3                                  0x200002d8   Data         200  main.o(.bss)
    Sine_F4                                  0x200003a0   Data         200  main.o(.bss)
    Sine_F5                                  0x20000468   Data         200  main.o(.bss)
    Sine_F6                                  0x20000530   Data         200  main.o(.bss)
    Sine_F7                                  0x200005f8   Data         200  main.o(.bss)
    Sine_F8                                  0x200006c0   Data         200  main.o(.bss)
    Cosine_F1                                0x20000788   Data         200  main.o(.bss)
    Cosine_F2                                0x20000850   Data         200  main.o(.bss)
    Cosine_F3                                0x20000918   Data         200  main.o(.bss)
    Cosine_F4                                0x200009e0   Data         200  main.o(.bss)
    Cosine_F5                                0x20000aa8   Data         200  main.o(.bss)
    Cosine_F6                                0x20000b70   Data         200  main.o(.bss)
    Cosine_F7                                0x20000c38   Data         200  main.o(.bss)
    Cosine_F8                                0x20000d00   Data         200  main.o(.bss)
    __initial_sp                             0x20001280   Data           0  startup_stm32f030x8.o(STACK)



==============================================================================

Memory Map of the image

  Image Entry point : 0x080000b5

  Load Region LR_IROM1 (Base: 0x08000000, Size: 0x00003578, Max: 0x00010000, ABSOLUTE)

    Execution Region ER_IROM1 (Base: 0x08000000, Size: 0x00003534, Max: 0x00010000, ABSOLUTE)

    Base Addr    Size         Type   Attr      Idx    E Section Name        Object

    0x08000000   0x000000b4   Data   RO          339    RESET               startup_stm32f030x8.o
    0x080000b4   0x00000000   Code   RO         2429  * .ARM.Collect$$$$00000000  mc_p.l(entry.o)
    0x080000b4   0x00000004   Code   RO         2723    .ARM.Collect$$$$00000001  mc_p.l(entry2.o)
    0x080000b8   0x00000004   Code   RO         2726    .ARM.Collect$$$$00000004  mc_p.l(entry5.o)
    0x080000bc   0x00000000   Code   RO         2728    .ARM.Collect$$$$00000008  mc_p.l(entry7b.o)
    0x080000bc   0x00000000   Code   RO         2730    .ARM.Collect$$$$0000000A  mc_p.l(entry8b.o)
    0x080000bc   0x00000008   Code   RO         2731    .ARM.Collect$$$$0000000B  mc_p.l(entry9a.o)
    0x080000c4   0x00000000   Code   RO         2733    .ARM.Collect$$$$0000000D  mc_p.l(entry10a.o)
    0x080000c4   0x00000000   Code   RO         2735    .ARM.Collect$$$$0000000F  mc_p.l(entry11a.o)
    0x080000c4   0x00000004   Code   RO         2724    .ARM.Collect$$$$00002712  mc_p.l(entry2.o)
    0x080000c8   0x0000001c   Code   RO          340    .text               startup_stm32f030x8.o
    0x080000e4   0x00000048   Code   RO         2218    .text               arm_cortexM0l_math.lib(arm_cos_q31.o)
    0x0800012c   0x0000003c   Code   RO         2269    .text               arm_cortexM0l_math.lib(arm_sin_q31.o)
    0x08000168   0x0000001a   Code   RO         2289    .text               arm_cortexM0l_math.lib(arm_biquad_cascade_df1_init_q15.o)
    0x08000182   0x0000001a   Code   RO         2309    .text               arm_cortexM0l_math.lib(arm_biquad_cascade_df1_init_q31.o)
    0x0800019c   0x00000088   Code   RO         2329    .text               arm_cortexM0l_math.lib(arm_float_to_q31.o)
    0x08000224   0x0000002c   Code   RO         2432    .text               mc_p.l(uidiv.o)
    0x08000250   0x0000007a   Code   RO         2434    .text               mc_p.l(llmul.o)
    0x080002ca   0x00000024   Code   RO         2436    .text               mc_p.l(memcpya.o)
    0x080002ee   0x00000024   Code   RO         2438    .text               mc_p.l(memseta.o)
    0x08000312   0x0000000e   Code   RO         2440    .text               mc_p.l(strlen.o)
    0x08000320   0x000000b2   Code   RO         2705    .text               mf_p.l(fadd.o)
    0x080003d2   0x0000007a   Code   RO         2707    .text               mf_p.l(fmul.o)
    0x0800044c   0x0000007c   Code   RO         2709    .text               mf_p.l(fdiv.o)
    0x080004c8   0x00000018   Code   RO         2711    .text               mf_p.l(fscalb.o)
    0x080004e0   0x000000d0   Code   RO         2713    .text               mf_p.l(dmul.o)
    0x080005b0   0x00000016   Code   RO         2715    .text               mf_p.l(fflti.o)
    0x080005c6   0x00000040   Code   RO         2717    .text               mf_p.l(ffixl.o)
    0x08000606   0x00000028   Code   RO         2719    .text               mf_p.l(f2d.o)
    0x0800062e   0x00000038   Code   RO         2721    .text               mf_p.l(d2f.o)
    0x08000666   0x00000020   Code   RO         2742    .text               mc_p.l(llshl.o)
    0x08000686   0x00000000   Code   RO         2744    .text               mc_p.l(iusefp.o)
    0x08000686   0x00000082   Code   RO         2745    .text               mf_p.l(fepilogue.o)
    0x08000708   0x000000be   Code   RO         2747    .text               mf_p.l(depilogue.o)
    0x080007c6   0x00000002   PAD
    0x080007c8   0x00000164   Code   RO         2751    .text               mf_p.l(dadd.o)
    0x0800092c   0x00000024   Code   RO         2759    .text               mc_p.l(init.o)
    0x08000950   0x00000022   Code   RO         2762    .text               mc_p.l(llushr.o)
    0x08000972   0x00000026   Code   RO         2764    .text               mc_p.l(llsshr.o)
    0x08000998   0x00000058   Code   RO         2159    i.BSP_LED_Init      stm32f0308_discovery.o
    0x080009f0   0x00000020   Code   RO         2161    i.BSP_LED_On        stm32f0308_discovery.o
    0x08000a10   0x0000001c   Code   RO         2162    i.BSP_LED_Toggle    stm32f0308_discovery.o
    0x08000a2c   0x00000010   Code   RO            3    i.DMA1_Channel1_IRQHandler  stm32f0xx_it.o
    0x08000a3c   0x00000018   Code   RO            4    i.DMA1_Channel2_3_IRQHandler  stm32f0xx_it.o
    0x08000a54   0x0000001e   Code   RO          438    i.DMA_SetConfig     stm32f0xx_hal_dma.o
    0x08000a72   0x0000000a   Code   RO            5    i.EXTI0_1_IRQHandler  stm32f0xx_it.o
    0x08000a7c   0x00000018   Code   RO          176    i.Error_Handler     main.o
    0x08000a94   0x00000094   Code   RO         1274    i.HAL_ADCEx_Calibration_Start  stm32f0xx_hal_adc_ex.o
    0x08000b28   0x00000110   Code   RO         1105    i.HAL_ADC_ConfigChannel  stm32f0xx_hal_adc.o
    0x08000c38   0x00000174   Code   RO         1114    i.HAL_ADC_Init      stm32f0xx_hal_adc.o
    0x08000dac   0x00000094   Code   RO          266    i.HAL_ADC_MspInit   stm32f0xx_hal_msp.o
    0x08000e40   0x000000cc   Code   RO          441    i.HAL_DMA_DeInit    stm32f0xx_hal_dma.o
    0x08000f0c   0x000001dc   Code   RO          444    i.HAL_DMA_IRQHandler  stm32f0xx_hal_dma.o
    0x080010e8   0x00000054   Code   RO          445    i.HAL_DMA_Init      stm32f0xx_hal_dma.o
    0x0800113c   0x0000004e   Code   RO          448    i.HAL_DMA_Start_IT  stm32f0xx_hal_dma.o
    0x0800118a   0x00000016   Code   RO          890    i.HAL_Delay         stm32f0xx_hal.o
    0x080011a0   0x000000d4   Code   RO         1004    i.HAL_GPIO_DeInit   stm32f0xx_hal_gpio.o
    0x08001274   0x00000010   Code   RO          177    i.HAL_GPIO_EXTI_Callback  main.o
    0x08001284   0x00000018   Code   RO         1006    i.HAL_GPIO_EXTI_IRQHandler  stm32f0xx_hal_gpio.o
    0x0800129c   0x00000148   Code   RO         1007    i.HAL_GPIO_Init     stm32f0xx_hal_gpio.o
    0x080013e4   0x00000008   Code   RO         1010    i.HAL_GPIO_TogglePin  stm32f0xx_hal_gpio.o
    0x080013ec   0x0000000c   Code   RO         1011    i.HAL_GPIO_WritePin  stm32f0xx_hal_gpio.o
    0x080013f8   0x0000000c   Code   RO          894    i.HAL_GetTick       stm32f0xx_hal.o
    0x08001404   0x00000010   Code   RO          895    i.HAL_IncTick       stm32f0xx_hal.o
    0x08001414   0x00000020   Code   RO          896    i.HAL_Init          stm32f0xx_hal.o
    0x08001434   0x00000022   Code   RO          897    i.HAL_InitTick      stm32f0xx_hal.o
    0x08001456   0x00000002   Code   RO          899    i.HAL_MspInit       stm32f0xx_hal.o
    0x08001458   0x00000018   Code   RO          518    i.HAL_NVIC_DisableIRQ  stm32f0xx_hal_cortex.o
    0x08001470   0x00000018   Code   RO          519    i.HAL_NVIC_EnableIRQ  stm32f0xx_hal_cortex.o
    0x08001488   0x00000008   Code   RO          523    i.HAL_NVIC_SetPriority  stm32f0xx_hal_cortex.o
    0x08001490   0x0000012c   Code   RO          347    i.HAL_RCC_ClockConfig  stm32f0xx_hal_rcc.o
    0x080015bc   0x0000000c   Code   RO          352    i.HAL_RCC_GetHCLKFreq  stm32f0xx_hal_rcc.o
    0x080015c8   0x00000020   Code   RO          354    i.HAL_RCC_GetPCLK1Freq  stm32f0xx_hal_rcc.o
    0x080015e8   0x00000078   Code   RO          355    i.HAL_RCC_GetSysClockFreq  stm32f0xx_hal_rcc.o
    0x08001660   0x00000354   Code   RO          358    i.HAL_RCC_OscConfig  stm32f0xx_hal_rcc.o
    0x080019b4   0x00000030   Code   RO          527    i.HAL_SYSTICK_Config  stm32f0xx_hal_cortex.o
    0x080019e4   0x00000002   Code   RO         1923    i.HAL_TIMEx_BreakCallback  stm32f0xx_hal_tim_ex.o
    0x080019e6   0x00000002   Code   RO         1924    i.HAL_TIMEx_CommutationCallback  stm32f0xx_hal_tim_ex.o
    0x080019e8   0x00000034   Code   RO         1296    i.HAL_TIM_Base_Init  stm32f0xx_hal_tim.o
    0x08001a1c   0x00000028   Code   RO          267    i.HAL_TIM_Base_MspInit  stm32f0xx_hal_msp.o
    0x08001a44   0x00000016   Code   RO         1301    i.HAL_TIM_Base_Start_IT  stm32f0xx_hal_tim.o
    0x08001a5a   0x00000002   Code   RO         1325    i.HAL_TIM_IC_CaptureCallback  stm32f0xx_hal_tim.o
    0x08001a5c   0x00000162   Code   RO         1338    i.HAL_TIM_IRQHandler  stm32f0xx_hal_tim.o
    0x08001bbe   0x00000002   Code   RO         1341    i.HAL_TIM_OC_DelayElapsedCallback  stm32f0xx_hal_tim.o
    0x08001bc0   0x00000002   Code   RO         1368    i.HAL_TIM_PWM_PulseFinishedCallback  stm32f0xx_hal_tim.o
    0x08001bc2   0x0000000a   Code   RO          178    i.HAL_TIM_PeriodElapsedCallback  main.o
    0x08001bcc   0x00000002   Code   RO         1379    i.HAL_TIM_TriggerCallback  stm32f0xx_hal_tim.o
    0x08001bce   0x0000003e   Code   RO          621    i.HAL_UART_DeInit   stm32f0xx_hal_uart.o
    0x08001c0c   0x00000004   Code   RO          179    i.HAL_UART_ErrorCallback  main.o
    0x08001c10   0x000000ba   Code   RO          625    i.HAL_UART_IRQHandler  stm32f0xx_hal_uart.o
    0x08001cca   0x0000006c   Code   RO          626    i.HAL_UART_Init     stm32f0xx_hal_uart.o
    0x08001d36   0x00000002   PAD
    0x08001d38   0x00000054   Code   RO          268    i.HAL_UART_MspDeInit  stm32f0xx_hal_msp.o
    0x08001d8c   0x000000f0   Code   RO          269    i.HAL_UART_MspInit  stm32f0xx_hal_msp.o
    0x08001e7c   0x00000014   Code   RO          180    i.HAL_UART_RxCpltCallback  main.o
    0x08001e90   0x00000090   Code   RO          635    i.HAL_UART_Transmit_DMA  stm32f0xx_hal_uart.o
    0x08001f20   0x00000014   Code   RO          181    i.HAL_UART_TxCpltCallback  main.o
    0x08001f34   0x00000002   Code   RO          638    i.HAL_UART_TxHalfCpltCallback  stm32f0xx_hal_uart.o
    0x08001f36   0x00000002   Code   RO            6    i.HardFault_Handler  stm32f0xx_it.o
    0x08001f38   0x00000002   Code   RO            7    i.NMI_Handler       stm32f0xx_it.o
    0x08001f3a   0x00000002   PAD
    0x08001f3c   0x00000044   Code   RO          529    i.NVIC_SetPriority  stm32f0xx_hal_cortex.o
    0x08001f80   0x00000002   Code   RO            8    i.PendSV_Handler    stm32f0xx_it.o
    0x08001f82   0x00000002   Code   RO            9    i.SVC_Handler       stm32f0xx_it.o
    0x08001f84   0x00000008   Code   RO           10    i.SysTick_Handler   stm32f0xx_it.o
    0x08001f8c   0x00000044   Code   RO          182    i.SystemClock_Config  main.o
    0x08001fd0   0x0000005c   Code   RO          306    i.SystemInit        system_stm32f0xx.o
    0x0800202c   0x00000010   Code   RO           11    i.TIM3_IRQHandler   stm32f0xx_it.o
    0x0800203c   0x00000080   Code   RO         1380    i.TIM_Base_SetConfig  stm32f0xx_hal_tim.o
    0x080020bc   0x000000ca   Code   RO          639    i.UART_AdvFeatureConfig  stm32f0xx_hal_uart.o
    0x08002186   0x00000012   Code   RO          640    i.UART_CheckIdleState  stm32f0xx_hal_uart.o
    0x08002198   0x00000024   Code   RO          641    i.UART_DMAError     stm32f0xx_hal_uart.o
    0x080021bc   0x00000030   Code   RO          644    i.UART_DMATransmitCplt  stm32f0xx_hal_uart.o
    0x080021ec   0x0000000a   Code   RO          645    i.UART_DMATxHalfCplt  stm32f0xx_hal_uart.o
    0x080021f6   0x0000001a   Code   RO          646    i.UART_EndTransmit_IT  stm32f0xx_hal_uart.o
    0x08002210   0x00000082   Code   RO          647    i.UART_Receive_IT   stm32f0xx_hal_uart.o
    0x08002292   0x00000002   PAD
    0x08002294   0x00000130   Code   RO          648    i.UART_SetConfig    stm32f0xx_hal_uart.o
    0x080023c4   0x00000066   Code   RO          649    i.UART_Transmit_IT  stm32f0xx_hal_uart.o
    0x0800242a   0x00000002   PAD
    0x0800242c   0x00000010   Code   RO           12    i.USART1_IRQHandler  stm32f0xx_it.o
    0x0800243c   0x00000028   Code   RO         2491    i.__0sprintf$1      mc_p.l(printf1.o)
    0x08002464   0x0000002e   Code   RO         2749    i.__ARM_clz         mf_p.l(depilogue.o)
    0x08002492   0x00000032   Code   RO         2233    i.__ARM_common_ll_mulss  arm_cortexM0l_math.lib(arm_cos_q31.o)
    0x080024c4   0x0000000e   Code   RO         2769    i.__scatterload_copy  mc_p.l(handlers.o)
    0x080024d2   0x00000002   Code   RO         2770    i.__scatterload_null  mc_p.l(handlers.o)
    0x080024d4   0x0000000e   Code   RO         2771    i.__scatterload_zeroinit  mc_p.l(handlers.o)
    0x080024e2   0x00000002   PAD
    0x080024e4   0x00000150   Code   RO         2496    i._printf_core      mc_p.l(printf1.o)
    0x08002634   0x0000000a   Code   RO         2498    i._sputc            mc_p.l(printf1.o)
    0x0800263e   0x00000002   PAD
    0x08002640   0x000005a4   Code   RO          183    i.main              main.o
    0x08002be4   0x00000090   Code   RO         2426    i.modf              m_ps.l(modf.o)
    0x08002c74   0x00000028   Data   RO          186    .constdata          main.o
    0x08002c9c   0x00000010   Data   RO          307    .constdata          system_stm32f0xx.o
    0x08002cac   0x00000008   Data   RO          308    .constdata          system_stm32f0xx.o
    0x08002cb4   0x00000008   Data   RO         2165    .constdata          stm32f0308_discovery.o
    0x08002cbc   0x00000804   Data   RO         2406    .constdata          arm_cortexM0l_math.lib(arm_common_tables.o)
    0x080034c0   0x00000052   Data   RO          187    .conststring        main.o
    0x08003512   0x00000002   PAD
    0x08003514   0x00000020   Data   RO         2767    Region$$Table       anon$$obj.o


    Execution Region RW_IRAM1 (Base: 0x20000000, Size: 0x00001280, Max: 0x00002000, ABSOLUTE)

    Base Addr    Size         Type   Attr      Idx    E Section Name        Object

    0x20000000   0x00000030   Data   RW          189    .data               main.o
    0x20000030   0x00000004   Data   RW          309    .data               system_stm32f0xx.o
    0x20000034   0x00000004   Data   RW          902    .data               stm32f0xx_hal.o
    0x20000038   0x0000000c   Data   RW         2166    .data               stm32f0308_discovery.o
    0x20000044   0x00000d84   Zero   RW          184    .bss                main.o
    0x20000dc8   0x000000b4   Zero   RW          270    .bss                stm32f0xx_hal_msp.o
    0x20000e7c   0x00000004   PAD
    0x20000e80   0x00000400   Zero   RW          337    STACK               startup_stm32f030x8.o


==============================================================================

Image component sizes


      Code (inc. data)   RO Data    RW Data    ZI Data      Debug   Object Name

      1606        154        122         48       3460      23045   main.o
        28          8        180          0       1024        688   startup_stm32f030x8.o
       148         30          8         12          0       3667   stm32f0308_discovery.o
       118         18          0          4          0       5017   stm32f0xx_hal.o
       644         28          0          0          0       3011   stm32f0xx_hal_adc.o
       148          0          0          0          0       1562   stm32f0xx_hal_adc_ex.o
       172         30          0          0          0      10515   stm32f0xx_hal_cortex.o
       872         16          0          0          0       4988   stm32f0xx_hal_dma.o
       584         52          0          0          0       5034   stm32f0xx_hal_gpio.o
       512         34          0          0        180       3425   stm32f0xx_hal_msp.o
      1316         94          0          0          0       5733   stm32f0xx_hal_rcc.o
       564         24          0          0          0       7285   stm32f0xx_hal_tim.o
         4          0          0          0          0       1926   stm32f0xx_hal_tim_ex.o
      1378         36          0          0          0      11758   stm32f0xx_hal_uart.o
        98         22          0          0          0     271546   stm32f0xx_it.o
        92         14         24          4          0       1423   system_stm32f0xx.o

    ----------------------------------------------------------------------
      8292        560        368         68       4668     360623   Object Totals
         0          0         32          0          0          0   (incl. Generated)
         8          0          2          0          4          0   (incl. Padding)

    ----------------------------------------------------------------------

      Code (inc. data)   RO Data    RW Data    ZI Data      Debug   Library Member Name

        26          0          0          0          0       1066   arm_biquad_cascade_df1_init_q15.o
        26          0          0          0          0       1066   arm_biquad_cascade_df1_init_q31.o
         0          0       2052          0          0       4636   arm_common_tables.o
       122         10          0          0          0      18722   arm_cos_q31.o
       136          6          0          0          0       1031   arm_float_to_q31.o
        60          6          0          0          0        626   arm_sin_q31.o
       144          8          0          0          0         76   modf.o
         0          0          0          0          0          0   entry.o
         0          0          0          0          0          0   entry10a.o
         0          0          0          0          0          0   entry11a.o
         8          4          0          0          0          0   entry2.o
         4          0          0          0          0          0   entry5.o
         0          0          0          0          0          0   entry7b.o
         0          0          0          0          0          0   entry8b.o
         8          4          0          0          0          0   entry9a.o
        30          0          0          0          0          0   handlers.o
        36          8          0          0          0         68   init.o
         0          0          0          0          0          0   iusefp.o
       122          0          0          0          0         84   llmul.o
        32          0          0          0          0         68   llshl.o
        38          0          0          0          0         68   llsshr.o
        34          0          0          0          0         68   llushr.o
        36          0          0          0          0         60   memcpya.o
        36          0          0          0          0        100   memseta.o
       386          8          0          0          0        228   printf1.o
        14          0          0          0          0         60   strlen.o
        44          0          0          0          0         72   uidiv.o
        56          0          0          0          0         68   d2f.o
       356          4          0          0          0        140   dadd.o
       236          0          0          0          0        216   depilogue.o
       208          6          0          0          0         88   dmul.o
        40          0          0          0          0         60   f2d.o
       178          0          0          0          0        108   fadd.o
       124          0          0          0          0         72   fdiv.o
       130          0          0          0          0        144   fepilogue.o
        64          0          0          0          0         68   ffixl.o
        22          0          0          0          0         68   fflti.o
       122          0          0          0          0         72   fmul.o
        24          0          0          0          0         60   fscalb.o

    ----------------------------------------------------------------------
      2908         64       2052          0          0      29263   Library Totals
         6          0          0          0          0          0   (incl. Padding)

    ----------------------------------------------------------------------

      Code (inc. data)   RO Data    RW Data    ZI Data      Debug   Library Name

       370         22       2052          0          0      27147   arm_cortexM0l_math.lib
       144          8          0          0          0         76   m_ps.l
       828         24          0          0          0        876   mc_p.l
      1560         10          0          0          0       1164   mf_p.l

    ----------------------------------------------------------------------
      2908         64       2052          0          0      29263   Library Totals

    ----------------------------------------------------------------------

==============================================================================


      Code (inc. data)   RO Data    RW Data    ZI Data      Debug   

     11200        624       2420         68       4668     385374   Grand Totals
     11200        624       2420         68       4668     385374   ELF Image Totals
     11200        624       2420         68          0          0   ROM Totals

==============================================================================

    Total RO  Size (Code + RO Data)                13620 (  13.30kB)
    Total RW  Size (RW Data + ZI Data)              4736 (   4.63kB)
    Total ROM Size (Code + RO Data + RW Data)      13688 (  13.37kB)

==============================================================================

