<html>
<body>
<pre>
<h1>µVision Build Log</h1>
<h2>Tool Versions:</h2>
IDE-Version: µVision V5.20.0.0
Copyright (C) 2016 ARM Ltd and ARM Germany GmbH. All rights reserved.
License Information: Kilian OD, UCC, LIC=----
 
Tool Versions:
Toolchain:       MDK-Lite  Version: 5.20
Toolchain Path:  C:\Keil_v5\ARM\ARMCC\Bin
C Compiler:      Armcc.exe V5.06 update 2 (build 183)
Assembler:       Armasm.exe V5.06 update 2 (build 183)
Linker/Locator:  ArmLink.exe V5.06 update 2 (build 183)
Library Manager: ArmAr.exe V5.06 update 2 (build 183)
Hex Converter:   FromElf.exe V5.06 update 2 (build 183)
CPU DLL:         SARMCM3.DLL V5.20
Dialog DLL:      DCM.DLL V1.13.7.0
Target DLL:      STLink\ST-LINKIII-KEIL_SWO.dll V2.0.18.0
Dialog DLL:      TCM.DLL V1.14.9.0
 
<h2>Project:</h2>
C:\Users\Kilian\Downloads\en.stm32cubef0\STM32Cube_FW_F0_V1.6.0\Projects\STM32F0308-Discovery\Examples\PCB_MCU_CODE_REV_2\UART_TwoBoards_ComDMA\MDK-ARM\Project.uvprojx
Project File Date:  11/10/2016

<h2>Output:</h2>
*** Using Compiler 'V5.06 update 2 (build 183)', folder: 'C:\Keil_v5\ARM\ARMCC\Bin'
Build target 'STM32F0308-Discovery'
compiling main.c...
..\Src\main.c(398): warning:  #167-D: argument of type "uint8_t *" is incompatible with parameter of type "char *restrict"
  	   	sprintf(aTxBuffer3,"Cos(F1) \t Cos(F2) \t Cos(F3) \t Cos(F4) \t Cos(F5) \t Cos(F6) \t Cos(F7) \t Cos(F8) \n \n");
..\Src\main.c(399): warning:  #167-D: argument of type "uint8_t *" is incompatible with parameter of type "const char *"
  	    HAL_UART_Transmit_DMA(&UartHandle, (uint8_t*)aTxBuffer3, strlen(aTxBuffer3));
..\Src\main.c(404): warning:  #167-D: argument of type "uint8_t *" is incompatible with parameter of type "char *restrict"
  			sprintf(aTxBuffer3,"%d \t %d \t %d \t %d \t %d \t %d \t %d \t %d \t \n",Cosine_F1[i],Cosine_F2[i],Cosine_F3[i],Cosine_F4[i],Cosine_F5[i],Cosine_F6[i],Cosine_F7[i],Cosine_F8[i]);
..\Src\main.c(405): warning:  #167-D: argument of type "uint8_t *" is incompatible with parameter of type "const char *"
  			HAL_UART_Transmit_DMA(&UartHandle, (uint8_t*)aTxBuffer3, strlen(aTxBuffer3));
..\Src\main.c(624): warning:  #177-D: function "Buffercmp" was declared but never referenced
  static uint16_t Buffercmp(uint8_t* pBuffer1, uint8_t* pBuffer2, uint16_t BufferLength)
..\Src\main.c: 5 warnings, 0 errors
linking...
Program Size: Code=11328 RO-data=2420 RW-data=72 ZI-data=4664  
"STM32F0308-Discovery\STM32F0308-Discovery.axf" - 0 Error(s), 5 Warning(s).

<h2>Software Packages used:</h2>

Package Vendor: ARM
                http://www.keil.com/pack/ARM.CMSIS.5.0.0-Beta4.pack
                ARM::CMSIS:CORE:5.0.0
                CMSIS (Cortex Microcontroller Software Interface Standard)
   * Component: CORE Version: 5.0.0

<h2>Collection of Component include folders:</h2>
  C:\Users\Kilian\Downloads\en.stm32cubef0\STM32Cube_FW_F0_V1.6.0\Projects\STM32F0308-Discovery\Examples\PCB_MCU_CODE_REV_2\UART_TwoBoards_ComDMA\MDK-ARM\RTE
  C:\Keil_v5\ARM\PACK\ARM\CMSIS\5.0.0-Beta4\CMSIS\Include
  C:\Keil_v5\ARM\PACK\Keil\STM32F0xx_DFP\1.5.0\Device\Include

<h2>Collection of Component Files used:</h2>

   * Component: ARM::CMSIS:CORE:5.0.0
Build Time Elapsed:  00:00:02
</pre>
</body>
</html>
