Component: ARM Compiler 5.06 update 2 (build 183) Tool: armlink [4d35b7]

==============================================================================

Section Cross References

    stm32f0xx_it.o(i.DMA1_Channel2_3_IRQHandler) refers to stm32f0xx_hal_dma.o(i.HAL_DMA_IRQHandler) for HAL_DMA_IRQHandler
    stm32f0xx_it.o(i.DMA1_Channel2_3_IRQHandler) refers to main.o(.bss) for SpiHandle
    stm32f0xx_it.o(i.SysTick_Handler) refers to stm32f0xx_hal.o(i.HAL_IncTick) for HAL_IncTick
    main.o(i.Error_Handler) refers to stm32f0308_discovery.o(i.BSP_LED_On) for BSP_LED_On
    main.o(i.Error_Handler) refers to stm32f0308_discovery.o(i.BSP_LED_Toggle) for BSP_LED_Toggle
    main.o(i.Error_Handler) refers to stm32f0xx_hal.o(i.HAL_Delay) for HAL_Delay
    main.o(i.HAL_SPI_ErrorCallback) refers to stm32f0308_discovery.o(i.BSP_LED_On) for BSP_LED_On
    main.o(i.HAL_SPI_TxRxCpltCallback) refers to stm32f0308_discovery.o(i.BSP_LED_On) for BSP_LED_On
    main.o(i.HAL_SPI_TxRxCpltCallback) refers to stm32f0xx_hal_uart.o(i.HAL_UART_Transmit) for HAL_UART_Transmit
    main.o(i.HAL_SPI_TxRxCpltCallback) refers to main.o(i.Error_Handler) for Error_Handler
    main.o(i.HAL_SPI_TxRxCpltCallback) refers to main.o(.data) for .data
    main.o(i.HAL_SPI_TxRxCpltCallback) refers to main.o(.bss) for .bss
    main.o(i.HAL_UART_ErrorCallback) refers to main.o(i.Error_Handler) for Error_Handler
    main.o(i.main) refers to stm32f0xx_hal.o(i.HAL_Init) for HAL_Init
    main.o(i.main) refers to stm32f0308_discovery.o(i.BSP_LED_Init) for BSP_LED_Init
    main.o(i.main) refers to stm32f0xx_hal_rcc.o(i.HAL_RCC_OscConfig) for HAL_RCC_OscConfig
    main.o(i.main) refers to stm32f0xx_hal_rcc.o(i.HAL_RCC_ClockConfig) for HAL_RCC_ClockConfig
    main.o(i.main) refers to stm32f0xx_hal_uart.o(i.HAL_UART_DeInit) for HAL_UART_DeInit
    main.o(i.main) refers to stm32f0xx_hal_uart.o(i.HAL_UART_Init) for HAL_UART_Init
    main.o(i.main) refers to strlen.o(.text) for strlen
    main.o(i.main) refers to stm32f0xx_hal_uart.o(i.HAL_UART_Transmit) for HAL_UART_Transmit
    main.o(i.main) refers to stm32f0xx_hal.o(i.HAL_Delay) for HAL_Delay
    main.o(i.main) refers to stm32f0xx_hal_spi.o(i.HAL_SPI_Init) for HAL_SPI_Init
    main.o(i.main) refers to stm32f0xx_hal_spi.o(i.HAL_SPI_TransmitReceive_DMA) for HAL_SPI_TransmitReceive_DMA
    main.o(i.main) refers to main.o(i.Error_Handler) for Error_Handler
    main.o(i.main) refers to main.o(.bss) for .bss
    main.o(i.main) refers to main.o(.data) for .data
    stm32f0xx_hal_msp.o(i.HAL_SPI_MspDeInit) refers to stm32f0xx_hal_gpio.o(i.HAL_GPIO_DeInit) for HAL_GPIO_DeInit
    stm32f0xx_hal_msp.o(i.HAL_SPI_MspDeInit) refers to stm32f0xx_hal_dma.o(i.HAL_DMA_DeInit) for HAL_DMA_DeInit
    stm32f0xx_hal_msp.o(i.HAL_SPI_MspDeInit) refers to stm32f0xx_hal_cortex.o(i.HAL_NVIC_DisableIRQ) for HAL_NVIC_DisableIRQ
    stm32f0xx_hal_msp.o(i.HAL_SPI_MspDeInit) refers to stm32f0xx_hal_msp.o(.bss) for .bss
    stm32f0xx_hal_msp.o(i.HAL_SPI_MspInit) refers to stm32f0xx_hal_gpio.o(i.HAL_GPIO_Init) for HAL_GPIO_Init
    stm32f0xx_hal_msp.o(i.HAL_SPI_MspInit) refers to stm32f0xx_hal_dma.o(i.HAL_DMA_Init) for HAL_DMA_Init
    stm32f0xx_hal_msp.o(i.HAL_SPI_MspInit) refers to stm32f0xx_hal_cortex.o(i.HAL_NVIC_SetPriority) for HAL_NVIC_SetPriority
    stm32f0xx_hal_msp.o(i.HAL_SPI_MspInit) refers to stm32f0xx_hal_cortex.o(i.HAL_NVIC_EnableIRQ) for HAL_NVIC_EnableIRQ
    stm32f0xx_hal_msp.o(i.HAL_SPI_MspInit) refers to stm32f0xx_hal_msp.o(.bss) for .bss
    stm32f0xx_hal_msp.o(i.HAL_UART_MspDeInit) refers to stm32f0xx_hal_gpio.o(i.HAL_GPIO_DeInit) for HAL_GPIO_DeInit
    stm32f0xx_hal_msp.o(i.HAL_UART_MspInit) refers to stm32f0xx_hal_gpio.o(i.HAL_GPIO_Init) for HAL_GPIO_Init
    system_stm32f0xx.o(i.SystemCoreClockUpdate) refers to uidiv.o(.text) for __aeabi_uidivmod
    system_stm32f0xx.o(i.SystemCoreClockUpdate) refers to system_stm32f0xx.o(.data) for .data
    system_stm32f0xx.o(i.SystemCoreClockUpdate) refers to system_stm32f0xx.o(.constdata) for .constdata
    startup_stm32f030x8.o(RESET) refers to startup_stm32f030x8.o(STACK) for __initial_sp
    startup_stm32f030x8.o(RESET) refers to startup_stm32f030x8.o(.text) for Reset_Handler
    startup_stm32f030x8.o(RESET) refers to stm32f0xx_it.o(i.NMI_Handler) for NMI_Handler
    startup_stm32f030x8.o(RESET) refers to stm32f0xx_it.o(i.HardFault_Handler) for HardFault_Handler
    startup_stm32f030x8.o(RESET) refers to stm32f0xx_it.o(i.SVC_Handler) for SVC_Handler
    startup_stm32f030x8.o(RESET) refers to stm32f0xx_it.o(i.PendSV_Handler) for PendSV_Handler
    startup_stm32f030x8.o(RESET) refers to stm32f0xx_it.o(i.SysTick_Handler) for SysTick_Handler
    startup_stm32f030x8.o(RESET) refers to stm32f0xx_it.o(i.DMA1_Channel2_3_IRQHandler) for DMA1_Channel2_3_IRQHandler
    startup_stm32f030x8.o(.text) refers to system_stm32f0xx.o(i.SystemInit) for SystemInit
    startup_stm32f030x8.o(.text) refers to entry.o(.ARM.Collect$$$$00000000) for __main
    stm32f0xx_hal_rcc.o(i.HAL_RCC_ClockConfig) refers to stm32f0xx_hal.o(i.HAL_GetTick) for HAL_GetTick
    stm32f0xx_hal_rcc.o(i.HAL_RCC_ClockConfig) refers to stm32f0xx_hal_rcc.o(i.HAL_RCC_GetSysClockFreq) for HAL_RCC_GetSysClockFreq
    stm32f0xx_hal_rcc.o(i.HAL_RCC_ClockConfig) refers to stm32f0xx_hal.o(i.HAL_InitTick) for HAL_InitTick
    stm32f0xx_hal_rcc.o(i.HAL_RCC_ClockConfig) refers to system_stm32f0xx.o(.constdata) for AHBPrescTable
    stm32f0xx_hal_rcc.o(i.HAL_RCC_ClockConfig) refers to system_stm32f0xx.o(.data) for SystemCoreClock
    stm32f0xx_hal_rcc.o(i.HAL_RCC_DeInit) refers to system_stm32f0xx.o(.data) for SystemCoreClock
    stm32f0xx_hal_rcc.o(i.HAL_RCC_GetHCLKFreq) refers to system_stm32f0xx.o(.data) for SystemCoreClock
    stm32f0xx_hal_rcc.o(i.HAL_RCC_GetPCLK1Freq) refers to system_stm32f0xx.o(.data) for SystemCoreClock
    stm32f0xx_hal_rcc.o(i.HAL_RCC_GetPCLK1Freq) refers to system_stm32f0xx.o(.constdata) for APBPrescTable
    stm32f0xx_hal_rcc.o(i.HAL_RCC_GetSysClockFreq) refers to uidiv.o(.text) for __aeabi_uidivmod
    stm32f0xx_hal_rcc.o(i.HAL_RCC_MCOConfig) refers to memseta.o(.text) for __aeabi_memclr4
    stm32f0xx_hal_rcc.o(i.HAL_RCC_MCOConfig) refers to stm32f0xx_hal_gpio.o(i.HAL_GPIO_Init) for HAL_GPIO_Init
    stm32f0xx_hal_rcc.o(i.HAL_RCC_NMI_IRQHandler) refers to stm32f0xx_hal_rcc.o(i.HAL_RCC_CSSCallback) for HAL_RCC_CSSCallback
    stm32f0xx_hal_rcc.o(i.HAL_RCC_OscConfig) refers to stm32f0xx_hal.o(i.HAL_GetTick) for HAL_GetTick
    stm32f0xx_hal_dma.o(i.HAL_DMA_Abort) refers to stm32f0xx_hal.o(i.HAL_GetTick) for HAL_GetTick
    stm32f0xx_hal_dma.o(i.HAL_DMA_PollForTransfer) refers to stm32f0xx_hal.o(i.HAL_GetTick) for HAL_GetTick
    stm32f0xx_hal_dma.o(i.HAL_DMA_Start) refers to stm32f0xx_hal_dma.o(i.DMA_SetConfig) for DMA_SetConfig
    stm32f0xx_hal_dma.o(i.HAL_DMA_Start_IT) refers to stm32f0xx_hal_dma.o(i.DMA_SetConfig) for DMA_SetConfig
    stm32f0xx_hal_cortex.o(i.HAL_NVIC_SetPriority) refers to stm32f0xx_hal_cortex.o(i.NVIC_SetPriority) for NVIC_SetPriority
    stm32f0xx_hal_cortex.o(i.HAL_SYSTICK_Config) refers to stm32f0xx_hal_cortex.o(i.NVIC_SetPriority) for NVIC_SetPriority
    stm32f0xx_hal_cortex.o(i.HAL_SYSTICK_IRQHandler) refers to stm32f0xx_hal_cortex.o(i.HAL_SYSTICK_Callback) for HAL_SYSTICK_Callback
    stm32f0xx_hal_spi.o(i.HAL_SPI_DMAStop) refers to stm32f0xx_hal_dma.o(i.HAL_DMA_Abort) for HAL_DMA_Abort
    stm32f0xx_hal_spi.o(i.HAL_SPI_DeInit) refers to stm32f0xx_hal_msp.o(i.HAL_SPI_MspDeInit) for HAL_SPI_MspDeInit
    stm32f0xx_hal_spi.o(i.HAL_SPI_IRQHandler) refers to main.o(i.HAL_SPI_ErrorCallback) for HAL_SPI_ErrorCallback
    stm32f0xx_hal_spi.o(i.HAL_SPI_Init) refers to stm32f0xx_hal_msp.o(i.HAL_SPI_MspInit) for HAL_SPI_MspInit
    stm32f0xx_hal_spi.o(i.HAL_SPI_Receive) refers to stm32f0xx_hal.o(i.HAL_GetTick) for HAL_GetTick
    stm32f0xx_hal_spi.o(i.HAL_SPI_Receive) refers to stm32f0xx_hal_spi.o(i.HAL_SPI_TransmitReceive) for HAL_SPI_TransmitReceive
    stm32f0xx_hal_spi.o(i.HAL_SPI_Receive) refers to stm32f0xx_hal_spi.o(i.SPI_WaitFlagStateUntilTimeout) for SPI_WaitFlagStateUntilTimeout
    stm32f0xx_hal_spi.o(i.HAL_SPI_Receive) refers to stm32f0xx_hal_spi.o(i.SPI_EndRxTransaction) for SPI_EndRxTransaction
    stm32f0xx_hal_spi.o(i.HAL_SPI_Receive_DMA) refers to stm32f0xx_hal_spi.o(i.HAL_SPI_TransmitReceive_DMA) for HAL_SPI_TransmitReceive_DMA
    stm32f0xx_hal_spi.o(i.HAL_SPI_Receive_DMA) refers to stm32f0xx_hal_dma.o(i.HAL_DMA_Start_IT) for HAL_DMA_Start_IT
    stm32f0xx_hal_spi.o(i.HAL_SPI_Receive_DMA) refers to stm32f0xx_hal_spi.o(i.SPI_DMAHalfReceiveCplt) for SPI_DMAHalfReceiveCplt
    stm32f0xx_hal_spi.o(i.HAL_SPI_Receive_DMA) refers to stm32f0xx_hal_spi.o(i.SPI_DMAReceiveCplt) for SPI_DMAReceiveCplt
    stm32f0xx_hal_spi.o(i.HAL_SPI_Receive_DMA) refers to stm32f0xx_hal_spi.o(i.SPI_DMAError) for SPI_DMAError
    stm32f0xx_hal_spi.o(i.HAL_SPI_Receive_IT) refers to stm32f0xx_hal_spi.o(i.HAL_SPI_TransmitReceive_IT) for HAL_SPI_TransmitReceive_IT
    stm32f0xx_hal_spi.o(i.HAL_SPI_Receive_IT) refers to stm32f0xx_hal_spi.o(i.SPI_RxISR_16BIT) for SPI_RxISR_16BIT
    stm32f0xx_hal_spi.o(i.HAL_SPI_Receive_IT) refers to stm32f0xx_hal_spi.o(i.SPI_RxISR_8BIT) for SPI_RxISR_8BIT
    stm32f0xx_hal_spi.o(i.HAL_SPI_Transmit) refers to stm32f0xx_hal.o(i.HAL_GetTick) for HAL_GetTick
    stm32f0xx_hal_spi.o(i.HAL_SPI_Transmit) refers to stm32f0xx_hal_spi.o(i.SPI_EndRxTxTransaction) for SPI_EndRxTxTransaction
    stm32f0xx_hal_spi.o(i.HAL_SPI_TransmitReceive) refers to stm32f0xx_hal.o(i.HAL_GetTick) for HAL_GetTick
    stm32f0xx_hal_spi.o(i.HAL_SPI_TransmitReceive) refers to stm32f0xx_hal_spi.o(i.SPI_WaitFlagStateUntilTimeout) for SPI_WaitFlagStateUntilTimeout
    stm32f0xx_hal_spi.o(i.HAL_SPI_TransmitReceive) refers to stm32f0xx_hal_spi.o(i.SPI_EndRxTxTransaction) for SPI_EndRxTxTransaction
    stm32f0xx_hal_spi.o(i.HAL_SPI_TransmitReceive_DMA) refers to stm32f0xx_hal_dma.o(i.HAL_DMA_Start_IT) for HAL_DMA_Start_IT
    stm32f0xx_hal_spi.o(i.HAL_SPI_TransmitReceive_DMA) refers to stm32f0xx_hal_spi.o(i.SPI_DMAHalfTransmitReceiveCplt) for SPI_DMAHalfTransmitReceiveCplt
    stm32f0xx_hal_spi.o(i.HAL_SPI_TransmitReceive_DMA) refers to stm32f0xx_hal_spi.o(i.SPI_DMATransmitReceiveCplt) for SPI_DMATransmitReceiveCplt
    stm32f0xx_hal_spi.o(i.HAL_SPI_TransmitReceive_DMA) refers to stm32f0xx_hal_spi.o(i.SPI_DMAError) for SPI_DMAError
    stm32f0xx_hal_spi.o(i.HAL_SPI_TransmitReceive_DMA) refers to stm32f0xx_hal_spi.o(i.SPI_DMAHalfReceiveCplt) for SPI_DMAHalfReceiveCplt
    stm32f0xx_hal_spi.o(i.HAL_SPI_TransmitReceive_DMA) refers to stm32f0xx_hal_spi.o(i.SPI_DMAReceiveCplt) for SPI_DMAReceiveCplt
    stm32f0xx_hal_spi.o(i.HAL_SPI_TransmitReceive_IT) refers to stm32f0xx_hal_spi.o(i.SPI_2linesRxISR_16BIT) for SPI_2linesRxISR_16BIT
    stm32f0xx_hal_spi.o(i.HAL_SPI_TransmitReceive_IT) refers to stm32f0xx_hal_spi.o(i.SPI_2linesTxISR_16BIT) for SPI_2linesTxISR_16BIT
    stm32f0xx_hal_spi.o(i.HAL_SPI_TransmitReceive_IT) refers to stm32f0xx_hal_spi.o(i.SPI_2linesRxISR_8BIT) for SPI_2linesRxISR_8BIT
    stm32f0xx_hal_spi.o(i.HAL_SPI_TransmitReceive_IT) refers to stm32f0xx_hal_spi.o(i.SPI_2linesTxISR_8BIT) for SPI_2linesTxISR_8BIT
    stm32f0xx_hal_spi.o(i.HAL_SPI_Transmit_DMA) refers to stm32f0xx_hal_dma.o(i.HAL_DMA_Start_IT) for HAL_DMA_Start_IT
    stm32f0xx_hal_spi.o(i.HAL_SPI_Transmit_DMA) refers to stm32f0xx_hal_spi.o(i.SPI_DMAHalfTransmitCplt) for SPI_DMAHalfTransmitCplt
    stm32f0xx_hal_spi.o(i.HAL_SPI_Transmit_DMA) refers to stm32f0xx_hal_spi.o(i.SPI_DMATransmitCplt) for SPI_DMATransmitCplt
    stm32f0xx_hal_spi.o(i.HAL_SPI_Transmit_DMA) refers to stm32f0xx_hal_spi.o(i.SPI_DMAError) for SPI_DMAError
    stm32f0xx_hal_spi.o(i.HAL_SPI_Transmit_IT) refers to stm32f0xx_hal_spi.o(i.SPI_TxISR_16BIT) for SPI_TxISR_16BIT
    stm32f0xx_hal_spi.o(i.HAL_SPI_Transmit_IT) refers to stm32f0xx_hal_spi.o(i.SPI_TxISR_8BIT) for SPI_TxISR_8BIT
    stm32f0xx_hal_spi.o(i.SPI_2linesRxISR_16BIT) refers to stm32f0xx_hal_spi.o(i.SPI_CloseRxTx_ISR) for SPI_CloseRxTx_ISR
    stm32f0xx_hal_spi.o(i.SPI_2linesRxISR_16BIT) refers to stm32f0xx_hal_spi.o(i.SPI_2linesRxISR_16BITCRC) for SPI_2linesRxISR_16BITCRC
    stm32f0xx_hal_spi.o(i.SPI_2linesRxISR_16BITCRC) refers to stm32f0xx_hal_spi.o(i.SPI_CloseRxTx_ISR) for SPI_CloseRxTx_ISR
    stm32f0xx_hal_spi.o(i.SPI_2linesRxISR_8BIT) refers to stm32f0xx_hal_spi.o(i.SPI_CloseRxTx_ISR) for SPI_CloseRxTx_ISR
    stm32f0xx_hal_spi.o(i.SPI_2linesRxISR_8BIT) refers to stm32f0xx_hal_spi.o(i.SPI_2linesRxISR_8BITCRC) for SPI_2linesRxISR_8BITCRC
    stm32f0xx_hal_spi.o(i.SPI_2linesRxISR_8BITCRC) refers to stm32f0xx_hal_spi.o(i.SPI_CloseRxTx_ISR) for SPI_CloseRxTx_ISR
    stm32f0xx_hal_spi.o(i.SPI_2linesTxISR_16BIT) refers to stm32f0xx_hal_spi.o(i.SPI_CloseRxTx_ISR) for SPI_CloseRxTx_ISR
    stm32f0xx_hal_spi.o(i.SPI_2linesTxISR_8BIT) refers to stm32f0xx_hal_spi.o(i.SPI_CloseRxTx_ISR) for SPI_CloseRxTx_ISR
    stm32f0xx_hal_spi.o(i.SPI_CloseRxTx_ISR) refers to stm32f0xx_hal_spi.o(i.SPI_EndRxTxTransaction) for SPI_EndRxTxTransaction
    stm32f0xx_hal_spi.o(i.SPI_CloseRxTx_ISR) refers to main.o(i.HAL_SPI_ErrorCallback) for HAL_SPI_ErrorCallback
    stm32f0xx_hal_spi.o(i.SPI_CloseRxTx_ISR) refers to main.o(i.HAL_SPI_TxRxCpltCallback) for HAL_SPI_TxRxCpltCallback
    stm32f0xx_hal_spi.o(i.SPI_CloseRxTx_ISR) refers to stm32f0xx_hal_spi.o(i.HAL_SPI_RxCpltCallback) for HAL_SPI_RxCpltCallback
    stm32f0xx_hal_spi.o(i.SPI_CloseRx_ISR) refers to stm32f0xx_hal_spi.o(i.SPI_EndRxTransaction) for SPI_EndRxTransaction
    stm32f0xx_hal_spi.o(i.SPI_CloseRx_ISR) refers to main.o(i.HAL_SPI_ErrorCallback) for HAL_SPI_ErrorCallback
    stm32f0xx_hal_spi.o(i.SPI_CloseRx_ISR) refers to stm32f0xx_hal_spi.o(i.HAL_SPI_RxCpltCallback) for HAL_SPI_RxCpltCallback
    stm32f0xx_hal_spi.o(i.SPI_CloseTx_ISR) refers to stm32f0xx_hal_spi.o(i.SPI_EndRxTxTransaction) for SPI_EndRxTxTransaction
    stm32f0xx_hal_spi.o(i.SPI_CloseTx_ISR) refers to main.o(i.HAL_SPI_ErrorCallback) for HAL_SPI_ErrorCallback
    stm32f0xx_hal_spi.o(i.SPI_CloseTx_ISR) refers to stm32f0xx_hal_spi.o(i.HAL_SPI_TxCpltCallback) for HAL_SPI_TxCpltCallback
    stm32f0xx_hal_spi.o(i.SPI_DMAError) refers to main.o(i.HAL_SPI_ErrorCallback) for HAL_SPI_ErrorCallback
    stm32f0xx_hal_spi.o(i.SPI_DMAHalfReceiveCplt) refers to stm32f0xx_hal_spi.o(i.HAL_SPI_RxHalfCpltCallback) for HAL_SPI_RxHalfCpltCallback
    stm32f0xx_hal_spi.o(i.SPI_DMAHalfTransmitCplt) refers to stm32f0xx_hal_spi.o(i.HAL_SPI_TxHalfCpltCallback) for HAL_SPI_TxHalfCpltCallback
    stm32f0xx_hal_spi.o(i.SPI_DMAHalfTransmitReceiveCplt) refers to stm32f0xx_hal_spi.o(i.HAL_SPI_TxRxHalfCpltCallback) for HAL_SPI_TxRxHalfCpltCallback
    stm32f0xx_hal_spi.o(i.SPI_DMAReceiveCplt) refers to stm32f0xx_hal_spi.o(i.SPI_WaitFlagStateUntilTimeout) for SPI_WaitFlagStateUntilTimeout
    stm32f0xx_hal_spi.o(i.SPI_DMAReceiveCplt) refers to stm32f0xx_hal_spi.o(i.SPI_EndRxTransaction) for SPI_EndRxTransaction
    stm32f0xx_hal_spi.o(i.SPI_DMAReceiveCplt) refers to main.o(i.HAL_SPI_ErrorCallback) for HAL_SPI_ErrorCallback
    stm32f0xx_hal_spi.o(i.SPI_DMAReceiveCplt) refers to stm32f0xx_hal_spi.o(i.HAL_SPI_RxCpltCallback) for HAL_SPI_RxCpltCallback
    stm32f0xx_hal_spi.o(i.SPI_DMATransmitCplt) refers to stm32f0xx_hal_spi.o(i.SPI_EndRxTxTransaction) for SPI_EndRxTxTransaction
    stm32f0xx_hal_spi.o(i.SPI_DMATransmitCplt) refers to main.o(i.HAL_SPI_ErrorCallback) for HAL_SPI_ErrorCallback
    stm32f0xx_hal_spi.o(i.SPI_DMATransmitCplt) refers to stm32f0xx_hal_spi.o(i.HAL_SPI_TxCpltCallback) for HAL_SPI_TxCpltCallback
    stm32f0xx_hal_spi.o(i.SPI_DMATransmitReceiveCplt) refers to stm32f0xx_hal_spi.o(i.SPI_WaitFifoStateUntilTimeout) for SPI_WaitFifoStateUntilTimeout
    stm32f0xx_hal_spi.o(i.SPI_DMATransmitReceiveCplt) refers to stm32f0xx_hal_spi.o(i.SPI_EndRxTxTransaction) for SPI_EndRxTxTransaction
    stm32f0xx_hal_spi.o(i.SPI_DMATransmitReceiveCplt) refers to main.o(i.HAL_SPI_ErrorCallback) for HAL_SPI_ErrorCallback
    stm32f0xx_hal_spi.o(i.SPI_DMATransmitReceiveCplt) refers to main.o(i.HAL_SPI_TxRxCpltCallback) for HAL_SPI_TxRxCpltCallback
    stm32f0xx_hal_spi.o(i.SPI_EndRxTransaction) refers to stm32f0xx_hal_spi.o(i.SPI_WaitFlagStateUntilTimeout) for SPI_WaitFlagStateUntilTimeout
    stm32f0xx_hal_spi.o(i.SPI_EndRxTransaction) refers to stm32f0xx_hal_spi.o(i.SPI_WaitFifoStateUntilTimeout) for SPI_WaitFifoStateUntilTimeout
    stm32f0xx_hal_spi.o(i.SPI_EndRxTxTransaction) refers to stm32f0xx_hal_spi.o(i.SPI_WaitFifoStateUntilTimeout) for SPI_WaitFifoStateUntilTimeout
    stm32f0xx_hal_spi.o(i.SPI_EndRxTxTransaction) refers to stm32f0xx_hal_spi.o(i.SPI_WaitFlagStateUntilTimeout) for SPI_WaitFlagStateUntilTimeout
    stm32f0xx_hal_spi.o(i.SPI_RxISR_16BIT) refers to stm32f0xx_hal_spi.o(i.SPI_CloseRx_ISR) for SPI_CloseRx_ISR
    stm32f0xx_hal_spi.o(i.SPI_RxISR_16BIT) refers to stm32f0xx_hal_spi.o(i.SPI_RxISR_16BITCRC) for SPI_RxISR_16BITCRC
    stm32f0xx_hal_spi.o(i.SPI_RxISR_16BITCRC) refers to stm32f0xx_hal_spi.o(i.SPI_CloseRx_ISR) for SPI_CloseRx_ISR
    stm32f0xx_hal_spi.o(i.SPI_RxISR_8BIT) refers to stm32f0xx_hal_spi.o(i.SPI_CloseRx_ISR) for SPI_CloseRx_ISR
    stm32f0xx_hal_spi.o(i.SPI_RxISR_8BIT) refers to stm32f0xx_hal_spi.o(i.SPI_RxISR_8BITCRC) for SPI_RxISR_8BITCRC
    stm32f0xx_hal_spi.o(i.SPI_RxISR_8BITCRC) refers to stm32f0xx_hal_spi.o(i.SPI_CloseRx_ISR) for SPI_CloseRx_ISR
    stm32f0xx_hal_spi.o(i.SPI_TxISR_16BIT) refers to stm32f0xx_hal_spi.o(i.SPI_CloseTx_ISR) for SPI_CloseTx_ISR
    stm32f0xx_hal_spi.o(i.SPI_TxISR_8BIT) refers to stm32f0xx_hal_spi.o(i.SPI_CloseTx_ISR) for SPI_CloseTx_ISR
    stm32f0xx_hal_spi.o(i.SPI_WaitFifoStateUntilTimeout) refers to stm32f0xx_hal.o(i.HAL_GetTick) for HAL_GetTick
    stm32f0xx_hal_spi.o(i.SPI_WaitFlagStateUntilTimeout) refers to stm32f0xx_hal.o(i.HAL_GetTick) for HAL_GetTick
    stm32f0xx_hal.o(i.HAL_DeInit) refers to stm32f0xx_hal.o(i.HAL_MspDeInit) for HAL_MspDeInit
    stm32f0xx_hal.o(i.HAL_Delay) refers to stm32f0xx_hal.o(i.HAL_GetTick) for HAL_GetTick
    stm32f0xx_hal.o(i.HAL_GetTick) refers to stm32f0xx_hal.o(.data) for .data
    stm32f0xx_hal.o(i.HAL_IncTick) refers to stm32f0xx_hal.o(.data) for .data
    stm32f0xx_hal.o(i.HAL_Init) refers to stm32f0xx_hal.o(i.HAL_InitTick) for HAL_InitTick
    stm32f0xx_hal.o(i.HAL_Init) refers to stm32f0xx_hal.o(i.HAL_MspInit) for HAL_MspInit
    stm32f0xx_hal.o(i.HAL_InitTick) refers to stm32f0xx_hal_rcc.o(i.HAL_RCC_GetHCLKFreq) for HAL_RCC_GetHCLKFreq
    stm32f0xx_hal.o(i.HAL_InitTick) refers to uidiv.o(.text) for __aeabi_uidivmod
    stm32f0xx_hal.o(i.HAL_InitTick) refers to stm32f0xx_hal_cortex.o(i.HAL_SYSTICK_Config) for HAL_SYSTICK_Config
    stm32f0xx_hal.o(i.HAL_InitTick) refers to stm32f0xx_hal_cortex.o(i.HAL_NVIC_SetPriority) for HAL_NVIC_SetPriority
    stm32f0xx_hal_gpio.o(i.HAL_GPIO_EXTI_IRQHandler) refers to stm32f0xx_hal_gpio.o(i.HAL_GPIO_EXTI_Callback) for HAL_GPIO_EXTI_Callback
    stm32f0xx_hal_rcc_ex.o(i.HAL_RCCEx_GetPeriphCLKFreq) refers to stm32f0xx_hal_rcc.o(i.HAL_RCC_GetPCLK1Freq) for HAL_RCC_GetPCLK1Freq
    stm32f0xx_hal_rcc_ex.o(i.HAL_RCCEx_GetPeriphCLKFreq) refers to stm32f0xx_hal_rcc.o(i.HAL_RCC_GetSysClockFreq) for HAL_RCC_GetSysClockFreq
    stm32f0xx_hal_rcc_ex.o(i.HAL_RCCEx_PeriphCLKConfig) refers to stm32f0xx_hal.o(i.HAL_GetTick) for HAL_GetTick
    stm32f0xx_hal_uart.o(i.HAL_HalfDuplex_Init) refers to stm32f0xx_hal_msp.o(i.HAL_UART_MspInit) for HAL_UART_MspInit
    stm32f0xx_hal_uart.o(i.HAL_HalfDuplex_Init) refers to stm32f0xx_hal_uart.o(i.UART_SetConfig) for UART_SetConfig
    stm32f0xx_hal_uart.o(i.HAL_HalfDuplex_Init) refers to stm32f0xx_hal_uart.o(i.UART_AdvFeatureConfig) for UART_AdvFeatureConfig
    stm32f0xx_hal_uart.o(i.HAL_HalfDuplex_Init) refers to stm32f0xx_hal_uart.o(i.UART_CheckIdleState) for UART_CheckIdleState
    stm32f0xx_hal_uart.o(i.HAL_MultiProcessor_DisableMuteMode) refers to stm32f0xx_hal_uart.o(i.UART_CheckIdleState) for UART_CheckIdleState
    stm32f0xx_hal_uart.o(i.HAL_MultiProcessor_EnableMuteMode) refers to stm32f0xx_hal_uart.o(i.UART_CheckIdleState) for UART_CheckIdleState
    stm32f0xx_hal_uart.o(i.HAL_MultiProcessor_Init) refers to stm32f0xx_hal_msp.o(i.HAL_UART_MspInit) for HAL_UART_MspInit
    stm32f0xx_hal_uart.o(i.HAL_MultiProcessor_Init) refers to stm32f0xx_hal_uart.o(i.UART_SetConfig) for UART_SetConfig
    stm32f0xx_hal_uart.o(i.HAL_MultiProcessor_Init) refers to stm32f0xx_hal_uart.o(i.UART_AdvFeatureConfig) for UART_AdvFeatureConfig
    stm32f0xx_hal_uart.o(i.HAL_MultiProcessor_Init) refers to stm32f0xx_hal_uart.o(i.UART_CheckIdleState) for UART_CheckIdleState
    stm32f0xx_hal_uart.o(i.HAL_UART_DMAStop) refers to stm32f0xx_hal_dma.o(i.HAL_DMA_Abort) for HAL_DMA_Abort
    stm32f0xx_hal_uart.o(i.HAL_UART_DeInit) refers to stm32f0xx_hal_msp.o(i.HAL_UART_MspDeInit) for HAL_UART_MspDeInit
    stm32f0xx_hal_uart.o(i.HAL_UART_IRQHandler) refers to stm32f0xx_hal_uart.o(i.UART_Receive_IT) for UART_Receive_IT
    stm32f0xx_hal_uart.o(i.HAL_UART_IRQHandler) refers to stm32f0xx_hal_uart.o(i.UART_Transmit_IT) for UART_Transmit_IT
    stm32f0xx_hal_uart.o(i.HAL_UART_IRQHandler) refers to stm32f0xx_hal_uart.o(i.UART_EndTransmit_IT) for UART_EndTransmit_IT
    stm32f0xx_hal_uart.o(i.HAL_UART_IRQHandler) refers to main.o(i.HAL_UART_ErrorCallback) for HAL_UART_ErrorCallback
    stm32f0xx_hal_uart.o(i.HAL_UART_Init) refers to stm32f0xx_hal_msp.o(i.HAL_UART_MspInit) for HAL_UART_MspInit
    stm32f0xx_hal_uart.o(i.HAL_UART_Init) refers to stm32f0xx_hal_uart.o(i.UART_SetConfig) for UART_SetConfig
    stm32f0xx_hal_uart.o(i.HAL_UART_Init) refers to stm32f0xx_hal_uart.o(i.UART_AdvFeatureConfig) for UART_AdvFeatureConfig
    stm32f0xx_hal_uart.o(i.HAL_UART_Init) refers to stm32f0xx_hal_uart.o(i.UART_CheckIdleState) for UART_CheckIdleState
    stm32f0xx_hal_uart.o(i.HAL_UART_Receive) refers to stm32f0xx_hal_uart.o(i.UART_WaitOnFlagUntilTimeout) for UART_WaitOnFlagUntilTimeout
    stm32f0xx_hal_uart.o(i.HAL_UART_Receive_DMA) refers to stm32f0xx_hal_dma.o(i.HAL_DMA_Start_IT) for HAL_DMA_Start_IT
    stm32f0xx_hal_uart.o(i.HAL_UART_Receive_DMA) refers to stm32f0xx_hal_uart.o(i.UART_DMAReceiveCplt) for UART_DMAReceiveCplt
    stm32f0xx_hal_uart.o(i.HAL_UART_Receive_DMA) refers to stm32f0xx_hal_uart.o(i.UART_DMARxHalfCplt) for UART_DMARxHalfCplt
    stm32f0xx_hal_uart.o(i.HAL_UART_Receive_DMA) refers to stm32f0xx_hal_uart.o(i.UART_DMAError) for UART_DMAError
    stm32f0xx_hal_uart.o(i.HAL_UART_Transmit) refers to stm32f0xx_hal_uart.o(i.UART_WaitOnFlagUntilTimeout) for UART_WaitOnFlagUntilTimeout
    stm32f0xx_hal_uart.o(i.HAL_UART_Transmit_DMA) refers to stm32f0xx_hal_dma.o(i.HAL_DMA_Start_IT) for HAL_DMA_Start_IT
    stm32f0xx_hal_uart.o(i.HAL_UART_Transmit_DMA) refers to stm32f0xx_hal_uart.o(i.UART_DMATransmitCplt) for UART_DMATransmitCplt
    stm32f0xx_hal_uart.o(i.HAL_UART_Transmit_DMA) refers to stm32f0xx_hal_uart.o(i.UART_DMATxHalfCplt) for UART_DMATxHalfCplt
    stm32f0xx_hal_uart.o(i.HAL_UART_Transmit_DMA) refers to stm32f0xx_hal_uart.o(i.UART_DMAError) for UART_DMAError
    stm32f0xx_hal_uart.o(i.UART_DMAError) refers to main.o(i.HAL_UART_ErrorCallback) for HAL_UART_ErrorCallback
    stm32f0xx_hal_uart.o(i.UART_DMAReceiveCplt) refers to stm32f0xx_hal_uart.o(i.HAL_UART_RxCpltCallback) for HAL_UART_RxCpltCallback
    stm32f0xx_hal_uart.o(i.UART_DMARxHalfCplt) refers to stm32f0xx_hal_uart.o(i.HAL_UART_RxHalfCpltCallback) for HAL_UART_RxHalfCpltCallback
    stm32f0xx_hal_uart.o(i.UART_DMATransmitCplt) refers to stm32f0xx_hal_uart.o(i.HAL_UART_TxCpltCallback) for HAL_UART_TxCpltCallback
    stm32f0xx_hal_uart.o(i.UART_DMATxHalfCplt) refers to stm32f0xx_hal_uart.o(i.HAL_UART_TxHalfCpltCallback) for HAL_UART_TxHalfCpltCallback
    stm32f0xx_hal_uart.o(i.UART_EndTransmit_IT) refers to stm32f0xx_hal_uart.o(i.HAL_UART_TxCpltCallback) for HAL_UART_TxCpltCallback
    stm32f0xx_hal_uart.o(i.UART_Receive_IT) refers to stm32f0xx_hal_uart.o(i.HAL_UART_RxCpltCallback) for HAL_UART_RxCpltCallback
    stm32f0xx_hal_uart.o(i.UART_SetConfig) refers to stm32f0xx_hal_rcc.o(i.HAL_RCC_GetPCLK1Freq) for HAL_RCC_GetPCLK1Freq
    stm32f0xx_hal_uart.o(i.UART_SetConfig) refers to uidiv.o(.text) for __aeabi_uidivmod
    stm32f0xx_hal_uart.o(i.UART_SetConfig) refers to stm32f0xx_hal_rcc.o(i.HAL_RCC_GetSysClockFreq) for HAL_RCC_GetSysClockFreq
    stm32f0xx_hal_uart.o(i.UART_WaitOnFlagUntilTimeout) refers to stm32f0xx_hal.o(i.HAL_GetTick) for HAL_GetTick
    stm32f0xx_hal_uart_ex.o(i.HAL_MultiProcessorEx_AddressLength_Set) refers to stm32f0xx_hal_uart.o(i.UART_CheckIdleState) for UART_CheckIdleState
    stm32f0xx_hal_uart_ex.o(i.HAL_RS485Ex_Init) refers to stm32f0xx_hal_msp.o(i.HAL_UART_MspInit) for HAL_UART_MspInit
    stm32f0xx_hal_uart_ex.o(i.HAL_RS485Ex_Init) refers to stm32f0xx_hal_uart.o(i.UART_SetConfig) for UART_SetConfig
    stm32f0xx_hal_uart_ex.o(i.HAL_RS485Ex_Init) refers to stm32f0xx_hal_uart.o(i.UART_AdvFeatureConfig) for UART_AdvFeatureConfig
    stm32f0xx_hal_uart_ex.o(i.HAL_RS485Ex_Init) refers to stm32f0xx_hal_uart.o(i.UART_CheckIdleState) for UART_CheckIdleState
    stm32f0308_discovery.o(i.BSP_LED_Init) refers to stm32f0xx_hal_gpio.o(i.HAL_GPIO_Init) for HAL_GPIO_Init
    stm32f0308_discovery.o(i.BSP_LED_Init) refers to stm32f0xx_hal_gpio.o(i.HAL_GPIO_WritePin) for HAL_GPIO_WritePin
    stm32f0308_discovery.o(i.BSP_LED_Init) refers to stm32f0308_discovery.o(.constdata) for .constdata
    stm32f0308_discovery.o(i.BSP_LED_Init) refers to stm32f0308_discovery.o(.data) for .data
    stm32f0308_discovery.o(i.BSP_LED_Off) refers to stm32f0xx_hal_gpio.o(i.HAL_GPIO_WritePin) for HAL_GPIO_WritePin
    stm32f0308_discovery.o(i.BSP_LED_Off) refers to stm32f0308_discovery.o(.constdata) for .constdata
    stm32f0308_discovery.o(i.BSP_LED_Off) refers to stm32f0308_discovery.o(.data) for .data
    stm32f0308_discovery.o(i.BSP_LED_On) refers to stm32f0xx_hal_gpio.o(i.HAL_GPIO_WritePin) for HAL_GPIO_WritePin
    stm32f0308_discovery.o(i.BSP_LED_On) refers to stm32f0308_discovery.o(.constdata) for .constdata
    stm32f0308_discovery.o(i.BSP_LED_On) refers to stm32f0308_discovery.o(.data) for .data
    stm32f0308_discovery.o(i.BSP_LED_Toggle) refers to stm32f0xx_hal_gpio.o(i.HAL_GPIO_TogglePin) for HAL_GPIO_TogglePin
    stm32f0308_discovery.o(i.BSP_LED_Toggle) refers to stm32f0308_discovery.o(.constdata) for .constdata
    stm32f0308_discovery.o(i.BSP_LED_Toggle) refers to stm32f0308_discovery.o(.data) for .data
    stm32f0308_discovery.o(i.BSP_PB_GetState) refers to stm32f0xx_hal_gpio.o(i.HAL_GPIO_ReadPin) for HAL_GPIO_ReadPin
    stm32f0308_discovery.o(i.BSP_PB_GetState) refers to stm32f0308_discovery.o(.constdata) for .constdata
    stm32f0308_discovery.o(i.BSP_PB_GetState) refers to stm32f0308_discovery.o(.data) for .data
    stm32f0308_discovery.o(i.BSP_PB_Init) refers to stm32f0xx_hal_gpio.o(i.HAL_GPIO_Init) for HAL_GPIO_Init
    stm32f0308_discovery.o(i.BSP_PB_Init) refers to stm32f0xx_hal_cortex.o(i.HAL_NVIC_SetPriority) for HAL_NVIC_SetPriority
    stm32f0308_discovery.o(i.BSP_PB_Init) refers to stm32f0xx_hal_cortex.o(i.HAL_NVIC_EnableIRQ) for HAL_NVIC_EnableIRQ
    stm32f0308_discovery.o(i.BSP_PB_Init) refers to stm32f0308_discovery.o(.constdata) for .constdata
    stm32f0308_discovery.o(i.BSP_PB_Init) refers to stm32f0308_discovery.o(.data) for .data
    entry.o(.ARM.Collect$$$$00000000) refers (Special) to entry10a.o(.ARM.Collect$$$$0000000D) for __rt_final_cpp
    entry.o(.ARM.Collect$$$$00000000) refers (Special) to entry11a.o(.ARM.Collect$$$$0000000F) for __rt_final_exit
    entry.o(.ARM.Collect$$$$00000000) refers (Special) to entry7b.o(.ARM.Collect$$$$00000008) for _main_clock
    entry.o(.ARM.Collect$$$$00000000) refers (Special) to entry8b.o(.ARM.Collect$$$$0000000A) for _main_cpp_init
    entry.o(.ARM.Collect$$$$00000000) refers (Special) to entry9a.o(.ARM.Collect$$$$0000000B) for _main_init
    entry.o(.ARM.Collect$$$$00000000) refers (Special) to entry5.o(.ARM.Collect$$$$00000004) for _main_scatterload
    entry.o(.ARM.Collect$$$$00000000) refers (Special) to entry2.o(.ARM.Collect$$$$00000001) for _main_stk
    entry2.o(.ARM.Collect$$$$00000001) refers to entry2.o(.ARM.Collect$$$$00002712) for __lit__00000000
    entry2.o(.ARM.Collect$$$$00002712) refers to startup_stm32f030x8.o(STACK) for __initial_sp
    entry2.o(__vectab_stack_and_reset_area) refers to startup_stm32f030x8.o(STACK) for __initial_sp
    entry2.o(__vectab_stack_and_reset_area) refers to entry.o(.ARM.Collect$$$$00000000) for __main
    entry5.o(.ARM.Collect$$$$00000004) refers to init.o(.text) for __scatterload
    entry9a.o(.ARM.Collect$$$$0000000B) refers to main.o(i.main) for main
    entry9b.o(.ARM.Collect$$$$0000000C) refers to main.o(i.main) for main
    init.o(.text) refers to entry5.o(.ARM.Collect$$$$00000004) for __main_after_scatterload


==============================================================================

Removing Unused input sections from the image.

    Removing stm32f0xx_it.o(.rev16_text), (4 bytes).
    Removing stm32f0xx_it.o(.revsh_text), (4 bytes).
    Removing main.o(.rev16_text), (4 bytes).
    Removing main.o(.revsh_text), (4 bytes).
    Removing main.o(i.HAL_UART_ErrorCallback), (4 bytes).
    Removing stm32f0xx_hal_msp.o(.rev16_text), (4 bytes).
    Removing stm32f0xx_hal_msp.o(.revsh_text), (4 bytes).
    Removing stm32f0xx_hal_msp.o(i.HAL_SPI_MspDeInit), (96 bytes).
    Removing system_stm32f0xx.o(.rev16_text), (4 bytes).
    Removing system_stm32f0xx.o(.revsh_text), (4 bytes).
    Removing system_stm32f0xx.o(i.SystemCoreClockUpdate), (108 bytes).
    Removing startup_stm32f030x8.o(HEAP), (512 bytes).
    Removing stm32f0xx_hal_rcc.o(.rev16_text), (4 bytes).
    Removing stm32f0xx_hal_rcc.o(.revsh_text), (4 bytes).
    Removing stm32f0xx_hal_rcc.o(i.HAL_RCC_CSSCallback), (2 bytes).
    Removing stm32f0xx_hal_rcc.o(i.HAL_RCC_DeInit), (76 bytes).
    Removing stm32f0xx_hal_rcc.o(i.HAL_RCC_DisableCSS), (20 bytes).
    Removing stm32f0xx_hal_rcc.o(i.HAL_RCC_EnableCSS), (20 bytes).
    Removing stm32f0xx_hal_rcc.o(i.HAL_RCC_GetClockConfig), (56 bytes).
    Removing stm32f0xx_hal_rcc.o(i.HAL_RCC_GetOscConfig), (156 bytes).
    Removing stm32f0xx_hal_rcc.o(i.HAL_RCC_MCOConfig), (84 bytes).
    Removing stm32f0xx_hal_rcc.o(i.HAL_RCC_NMI_IRQHandler), (24 bytes).
    Removing stm32f0xx_hal_dma.o(.rev16_text), (4 bytes).
    Removing stm32f0xx_hal_dma.o(.revsh_text), (4 bytes).
    Removing stm32f0xx_hal_dma.o(i.HAL_DMA_Abort), (76 bytes).
    Removing stm32f0xx_hal_dma.o(i.HAL_DMA_Abort_IT), (124 bytes).
    Removing stm32f0xx_hal_dma.o(i.HAL_DMA_DeInit), (204 bytes).
    Removing stm32f0xx_hal_dma.o(i.HAL_DMA_GetError), (4 bytes).
    Removing stm32f0xx_hal_dma.o(i.HAL_DMA_GetState), (6 bytes).
    Removing stm32f0xx_hal_dma.o(i.HAL_DMA_PollForTransfer), (452 bytes).
    Removing stm32f0xx_hal_dma.o(i.HAL_DMA_Start), (50 bytes).
    Removing stm32f0xx_hal_cortex.o(.rev16_text), (4 bytes).
    Removing stm32f0xx_hal_cortex.o(.revsh_text), (4 bytes).
    Removing stm32f0xx_hal_cortex.o(i.HAL_NVIC_ClearPendingIRQ), (24 bytes).
    Removing stm32f0xx_hal_cortex.o(i.HAL_NVIC_DisableIRQ), (24 bytes).
    Removing stm32f0xx_hal_cortex.o(i.HAL_NVIC_GetPendingIRQ), (32 bytes).
    Removing stm32f0xx_hal_cortex.o(i.HAL_NVIC_GetPriority), (52 bytes).
    Removing stm32f0xx_hal_cortex.o(i.HAL_NVIC_SetPendingIRQ), (24 bytes).
    Removing stm32f0xx_hal_cortex.o(i.HAL_NVIC_SystemReset), (28 bytes).
    Removing stm32f0xx_hal_cortex.o(i.HAL_SYSTICK_CLKSourceConfig), (24 bytes).
    Removing stm32f0xx_hal_cortex.o(i.HAL_SYSTICK_Callback), (2 bytes).
    Removing stm32f0xx_hal_cortex.o(i.HAL_SYSTICK_IRQHandler), (8 bytes).
    Removing stm32f0xx_hal_spi.o(.rev16_text), (4 bytes).
    Removing stm32f0xx_hal_spi.o(.revsh_text), (4 bytes).
    Removing stm32f0xx_hal_spi.o(i.HAL_SPI_DMAPause), (34 bytes).
    Removing stm32f0xx_hal_spi.o(i.HAL_SPI_DMAResume), (34 bytes).
    Removing stm32f0xx_hal_spi.o(i.HAL_SPI_DMAStop), (44 bytes).
    Removing stm32f0xx_hal_spi.o(i.HAL_SPI_DeInit), (48 bytes).
    Removing stm32f0xx_hal_spi.o(i.HAL_SPI_ErrorCallback), (2 bytes).
    Removing stm32f0xx_hal_spi.o(i.HAL_SPI_GetError), (4 bytes).
    Removing stm32f0xx_hal_spi.o(i.HAL_SPI_GetState), (6 bytes).
    Removing stm32f0xx_hal_spi.o(i.HAL_SPI_IRQHandler), (138 bytes).
    Removing stm32f0xx_hal_spi.o(i.HAL_SPI_MspDeInit), (2 bytes).
    Removing stm32f0xx_hal_spi.o(i.HAL_SPI_MspInit), (2 bytes).
    Removing stm32f0xx_hal_spi.o(i.HAL_SPI_Receive), (560 bytes).
    Removing stm32f0xx_hal_spi.o(i.HAL_SPI_Receive_DMA), (276 bytes).
    Removing stm32f0xx_hal_spi.o(i.HAL_SPI_Receive_IT), (252 bytes).
    Removing stm32f0xx_hal_spi.o(i.HAL_SPI_Transmit), (372 bytes).
    Removing stm32f0xx_hal_spi.o(i.HAL_SPI_TransmitReceive), (720 bytes).
    Removing stm32f0xx_hal_spi.o(i.HAL_SPI_TransmitReceive_IT), (276 bytes).
    Removing stm32f0xx_hal_spi.o(i.HAL_SPI_Transmit_DMA), (260 bytes).
    Removing stm32f0xx_hal_spi.o(i.HAL_SPI_Transmit_IT), (180 bytes).
    Removing stm32f0xx_hal_spi.o(i.HAL_SPI_TxCpltCallback), (2 bytes).
    Removing stm32f0xx_hal_spi.o(i.HAL_SPI_TxHalfCpltCallback), (2 bytes).
    Removing stm32f0xx_hal_spi.o(i.HAL_SPI_TxRxCpltCallback), (2 bytes).
    Removing stm32f0xx_hal_spi.o(i.SPI_2linesRxISR_16BIT), (76 bytes).
    Removing stm32f0xx_hal_spi.o(i.SPI_2linesRxISR_16BITCRC), (26 bytes).
    Removing stm32f0xx_hal_spi.o(i.SPI_2linesRxISR_8BIT), (120 bytes).
    Removing stm32f0xx_hal_spi.o(i.SPI_2linesRxISR_8BITCRC), (40 bytes).
    Removing stm32f0xx_hal_spi.o(i.SPI_2linesTxISR_16BIT), (80 bytes).
    Removing stm32f0xx_hal_spi.o(i.SPI_2linesTxISR_8BIT), (100 bytes).
    Removing stm32f0xx_hal_spi.o(i.SPI_CloseRxTx_ISR), (108 bytes).
    Removing stm32f0xx_hal_spi.o(i.SPI_CloseRx_ISR), (92 bytes).
    Removing stm32f0xx_hal_spi.o(i.SPI_CloseTx_ISR), (74 bytes).
    Removing stm32f0xx_hal_spi.o(i.SPI_DMAHalfTransmitCplt), (10 bytes).
    Removing stm32f0xx_hal_spi.o(i.SPI_DMATransmitCplt), (84 bytes).
    Removing stm32f0xx_hal_spi.o(i.SPI_RxISR_16BIT), (80 bytes).
    Removing stm32f0xx_hal_spi.o(i.SPI_RxISR_16BITCRC), (26 bytes).
    Removing stm32f0xx_hal_spi.o(i.SPI_RxISR_8BIT), (80 bytes).
    Removing stm32f0xx_hal_spi.o(i.SPI_RxISR_8BITCRC), (26 bytes).
    Removing stm32f0xx_hal_spi.o(i.SPI_TxISR_16BIT), (56 bytes).
    Removing stm32f0xx_hal_spi.o(i.SPI_TxISR_8BIT), (54 bytes).
    Removing stm32f0xx_hal.o(.rev16_text), (4 bytes).
    Removing stm32f0xx_hal.o(.revsh_text), (4 bytes).
    Removing stm32f0xx_hal.o(i.HAL_DBGMCU_DisableDBGStandbyMode), (16 bytes).
    Removing stm32f0xx_hal.o(i.HAL_DBGMCU_DisableDBGStopMode), (16 bytes).
    Removing stm32f0xx_hal.o(i.HAL_DBGMCU_EnableDBGStandbyMode), (16 bytes).
    Removing stm32f0xx_hal.o(i.HAL_DBGMCU_EnableDBGStopMode), (16 bytes).
    Removing stm32f0xx_hal.o(i.HAL_DeInit), (36 bytes).
    Removing stm32f0xx_hal.o(i.HAL_GetDEVID), (16 bytes).
    Removing stm32f0xx_hal.o(i.HAL_GetHalVersion), (6 bytes).
    Removing stm32f0xx_hal.o(i.HAL_GetREVID), (12 bytes).
    Removing stm32f0xx_hal.o(i.HAL_MspDeInit), (2 bytes).
    Removing stm32f0xx_hal.o(i.HAL_ResumeTick), (16 bytes).
    Removing stm32f0xx_hal.o(i.HAL_SuspendTick), (16 bytes).
    Removing stm32f0xx_hal_gpio.o(.rev16_text), (4 bytes).
    Removing stm32f0xx_hal_gpio.o(.revsh_text), (4 bytes).
    Removing stm32f0xx_hal_gpio.o(i.HAL_GPIO_EXTI_Callback), (2 bytes).
    Removing stm32f0xx_hal_gpio.o(i.HAL_GPIO_EXTI_IRQHandler), (24 bytes).
    Removing stm32f0xx_hal_gpio.o(i.HAL_GPIO_LockPin), (36 bytes).
    Removing stm32f0xx_hal_gpio.o(i.HAL_GPIO_ReadPin), (10 bytes).
    Removing stm32f0xx_hal_rcc_ex.o(.rev16_text), (4 bytes).
    Removing stm32f0xx_hal_rcc_ex.o(.revsh_text), (4 bytes).
    Removing stm32f0xx_hal_rcc_ex.o(i.HAL_RCCEx_GetPeriphCLKConfig), (44 bytes).
    Removing stm32f0xx_hal_rcc_ex.o(i.HAL_RCCEx_GetPeriphCLKFreq), (156 bytes).
    Removing stm32f0xx_hal_rcc_ex.o(i.HAL_RCCEx_PeriphCLKConfig), (232 bytes).
    Removing stm32f0xx_hal_uart.o(.rev16_text), (4 bytes).
    Removing stm32f0xx_hal_uart.o(.revsh_text), (4 bytes).
    Removing stm32f0xx_hal_uart.o(i.HAL_HalfDuplex_EnableReceiver), (54 bytes).
    Removing stm32f0xx_hal_uart.o(i.HAL_HalfDuplex_EnableTransmitter), (54 bytes).
    Removing stm32f0xx_hal_uart.o(i.HAL_HalfDuplex_Init), (108 bytes).
    Removing stm32f0xx_hal_uart.o(i.HAL_MultiProcessor_DisableMuteMode), (46 bytes).
    Removing stm32f0xx_hal_uart.o(i.HAL_MultiProcessor_EnableMuteMode), (46 bytes).
    Removing stm32f0xx_hal_uart.o(i.HAL_MultiProcessor_EnterMuteMode), (12 bytes).
    Removing stm32f0xx_hal_uart.o(i.HAL_MultiProcessor_Init), (140 bytes).
    Removing stm32f0xx_hal_uart.o(i.HAL_UART_DMAPause), (60 bytes).
    Removing stm32f0xx_hal_uart.o(i.HAL_UART_DMAResume), (66 bytes).
    Removing stm32f0xx_hal_uart.o(i.HAL_UART_DMAStop), (56 bytes).
    Removing stm32f0xx_hal_uart.o(i.HAL_UART_ErrorCallback), (2 bytes).
    Removing stm32f0xx_hal_uart.o(i.HAL_UART_GetError), (4 bytes).
    Removing stm32f0xx_hal_uart.o(i.HAL_UART_GetState), (12 bytes).
    Removing stm32f0xx_hal_uart.o(i.HAL_UART_IRQHandler), (186 bytes).
    Removing stm32f0xx_hal_uart.o(i.HAL_UART_MspDeInit), (2 bytes).
    Removing stm32f0xx_hal_uart.o(i.HAL_UART_MspInit), (2 bytes).
    Removing stm32f0xx_hal_uart.o(i.HAL_UART_Receive), (212 bytes).
    Removing stm32f0xx_hal_uart.o(i.HAL_UART_Receive_DMA), (136 bytes).
    Removing stm32f0xx_hal_uart.o(i.HAL_UART_Receive_IT), (148 bytes).
    Removing stm32f0xx_hal_uart.o(i.HAL_UART_RxCpltCallback), (2 bytes).
    Removing stm32f0xx_hal_uart.o(i.HAL_UART_RxHalfCpltCallback), (2 bytes).
    Removing stm32f0xx_hal_uart.o(i.HAL_UART_Transmit_DMA), (144 bytes).
    Removing stm32f0xx_hal_uart.o(i.HAL_UART_Transmit_IT), (88 bytes).
    Removing stm32f0xx_hal_uart.o(i.HAL_UART_TxCpltCallback), (2 bytes).
    Removing stm32f0xx_hal_uart.o(i.HAL_UART_TxHalfCpltCallback), (2 bytes).
    Removing stm32f0xx_hal_uart.o(i.UART_DMAError), (36 bytes).
    Removing stm32f0xx_hal_uart.o(i.UART_DMAReceiveCplt), (42 bytes).
    Removing stm32f0xx_hal_uart.o(i.UART_DMARxHalfCplt), (10 bytes).
    Removing stm32f0xx_hal_uart.o(i.UART_DMATransmitCplt), (48 bytes).
    Removing stm32f0xx_hal_uart.o(i.UART_DMATxHalfCplt), (10 bytes).
    Removing stm32f0xx_hal_uart.o(i.UART_EndTransmit_IT), (26 bytes).
    Removing stm32f0xx_hal_uart.o(i.UART_Receive_IT), (130 bytes).
    Removing stm32f0xx_hal_uart.o(i.UART_Transmit_IT), (102 bytes).
    Removing stm32f0xx_hal_uart_ex.o(.rev16_text), (4 bytes).
    Removing stm32f0xx_hal_uart_ex.o(.revsh_text), (4 bytes).
    Removing stm32f0xx_hal_uart_ex.o(i.HAL_MultiProcessorEx_AddressLength_Set), (54 bytes).
    Removing stm32f0xx_hal_uart_ex.o(i.HAL_RS485Ex_Init), (144 bytes).
    Removing stm32f0xx_hal_usart.o(.rev16_text), (4 bytes).
    Removing stm32f0xx_hal_usart.o(.revsh_text), (4 bytes).
    Removing stm32f0308_discovery.o(.rev16_text), (4 bytes).
    Removing stm32f0308_discovery.o(.revsh_text), (4 bytes).
    Removing stm32f0308_discovery.o(i.BSP_GetVersion), (8 bytes).
    Removing stm32f0308_discovery.o(i.BSP_LED_Off), (32 bytes).
    Removing stm32f0308_discovery.o(i.BSP_PB_GetState), (28 bytes).
    Removing stm32f0308_discovery.o(i.BSP_PB_Init), (136 bytes).

153 unused section(s) (total 9824 bytes) removed from the image.

==============================================================================

Image Symbol Table

    Local Symbols

    Symbol Name                              Value     Ov Type        Size  Object(Section)

    ../clib/microlib/division.c              0x00000000   Number         0  uidiv.o ABSOLUTE
    ../clib/microlib/init/entry.s            0x00000000   Number         0  entry8a.o ABSOLUTE
    ../clib/microlib/init/entry.s            0x00000000   Number         0  entry9a.o ABSOLUTE
    ../clib/microlib/init/entry.s            0x00000000   Number         0  entry11b.o ABSOLUTE
    ../clib/microlib/init/entry.s            0x00000000   Number         0  entry8b.o ABSOLUTE
    ../clib/microlib/init/entry.s            0x00000000   Number         0  entry11a.o ABSOLUTE
    ../clib/microlib/init/entry.s            0x00000000   Number         0  entry10b.o ABSOLUTE
    ../clib/microlib/init/entry.s            0x00000000   Number         0  entry7a.o ABSOLUTE
    ../clib/microlib/init/entry.s            0x00000000   Number         0  entry10a.o ABSOLUTE
    ../clib/microlib/init/entry.s            0x00000000   Number         0  entry.o ABSOLUTE
    ../clib/microlib/init/entry.s            0x00000000   Number         0  entry2.o ABSOLUTE
    ../clib/microlib/init/entry.s            0x00000000   Number         0  entry7b.o ABSOLUTE
    ../clib/microlib/init/entry.s            0x00000000   Number         0  entry9b.o ABSOLUTE
    ../clib/microlib/init/entry.s            0x00000000   Number         0  entry5.o ABSOLUTE
    ../clib/microlib/string/memset.c         0x00000000   Number         0  memseta.o ABSOLUTE
    ../clib/microlib/string/strlen.c         0x00000000   Number         0  strlen.o ABSOLUTE
    ..\..\..\..\..\..\Drivers\BSP\STM32F0308-Discovery\stm32f0308_discovery.c 0x00000000   Number         0  stm32f0308_discovery.o ABSOLUTE
    ..\..\..\..\..\..\Drivers\STM32F0xx_HAL_Driver\Src\stm32f0xx_hal.c 0x00000000   Number         0  stm32f0xx_hal.o ABSOLUTE
    ..\..\..\..\..\..\Drivers\STM32F0xx_HAL_Driver\Src\stm32f0xx_hal_cortex.c 0x00000000   Number         0  stm32f0xx_hal_cortex.o ABSOLUTE
    ..\..\..\..\..\..\Drivers\STM32F0xx_HAL_Driver\Src\stm32f0xx_hal_dma.c 0x00000000   Number         0  stm32f0xx_hal_dma.o ABSOLUTE
    ..\..\..\..\..\..\Drivers\STM32F0xx_HAL_Driver\Src\stm32f0xx_hal_gpio.c 0x00000000   Number         0  stm32f0xx_hal_gpio.o ABSOLUTE
    ..\..\..\..\..\..\Drivers\STM32F0xx_HAL_Driver\Src\stm32f0xx_hal_rcc.c 0x00000000   Number         0  stm32f0xx_hal_rcc.o ABSOLUTE
    ..\..\..\..\..\..\Drivers\STM32F0xx_HAL_Driver\Src\stm32f0xx_hal_rcc_ex.c 0x00000000   Number         0  stm32f0xx_hal_rcc_ex.o ABSOLUTE
    ..\..\..\..\..\..\Drivers\STM32F0xx_HAL_Driver\Src\stm32f0xx_hal_spi.c 0x00000000   Number         0  stm32f0xx_hal_spi.o ABSOLUTE
    ..\..\..\..\..\..\Drivers\STM32F0xx_HAL_Driver\Src\stm32f0xx_hal_uart.c 0x00000000   Number         0  stm32f0xx_hal_uart.o ABSOLUTE
    ..\..\..\..\..\..\Drivers\STM32F0xx_HAL_Driver\Src\stm32f0xx_hal_uart_ex.c 0x00000000   Number         0  stm32f0xx_hal_uart_ex.o ABSOLUTE
    ..\..\..\..\..\..\Drivers\STM32F0xx_HAL_Driver\Src\stm32f0xx_hal_usart.c 0x00000000   Number         0  stm32f0xx_hal_usart.o ABSOLUTE
    ..\Src\main.c                            0x00000000   Number         0  main.o ABSOLUTE
    ..\Src\stm32f0xx_hal_msp.c               0x00000000   Number         0  stm32f0xx_hal_msp.o ABSOLUTE
    ..\Src\stm32f0xx_it.c                    0x00000000   Number         0  stm32f0xx_it.o ABSOLUTE
    ..\Src\system_stm32f0xx.c                0x00000000   Number         0  system_stm32f0xx.o ABSOLUTE
    ..\\..\\..\\..\\..\\..\\Drivers\\BSP\\STM32F0308-Discovery\\stm32f0308_discovery.c 0x00000000   Number         0  stm32f0308_discovery.o ABSOLUTE
    ..\\..\\..\\..\\..\\..\\Drivers\\STM32F0xx_HAL_Driver\\Src\\stm32f0xx_hal.c 0x00000000   Number         0  stm32f0xx_hal.o ABSOLUTE
    ..\\..\\..\\..\\..\\..\\Drivers\\STM32F0xx_HAL_Driver\\Src\\stm32f0xx_hal_cortex.c 0x00000000   Number         0  stm32f0xx_hal_cortex.o ABSOLUTE
    ..\\..\\..\\..\\..\\..\\Drivers\\STM32F0xx_HAL_Driver\\Src\\stm32f0xx_hal_dma.c 0x00000000   Number         0  stm32f0xx_hal_dma.o ABSOLUTE
    ..\\..\\..\\..\\..\\..\\Drivers\\STM32F0xx_HAL_Driver\\Src\\stm32f0xx_hal_gpio.c 0x00000000   Number         0  stm32f0xx_hal_gpio.o ABSOLUTE
    ..\\..\\..\\..\\..\\..\\Drivers\\STM32F0xx_HAL_Driver\\Src\\stm32f0xx_hal_rcc.c 0x00000000   Number         0  stm32f0xx_hal_rcc.o ABSOLUTE
    ..\\..\\..\\..\\..\\..\\Drivers\\STM32F0xx_HAL_Driver\\Src\\stm32f0xx_hal_rcc_ex.c 0x00000000   Number         0  stm32f0xx_hal_rcc_ex.o ABSOLUTE
    ..\\..\\..\\..\\..\\..\\Drivers\\STM32F0xx_HAL_Driver\\Src\\stm32f0xx_hal_spi.c 0x00000000   Number         0  stm32f0xx_hal_spi.o ABSOLUTE
    ..\\..\\..\\..\\..\\..\\Drivers\\STM32F0xx_HAL_Driver\\Src\\stm32f0xx_hal_uart.c 0x00000000   Number         0  stm32f0xx_hal_uart.o ABSOLUTE
    ..\\..\\..\\..\\..\\..\\Drivers\\STM32F0xx_HAL_Driver\\Src\\stm32f0xx_hal_uart_ex.c 0x00000000   Number         0  stm32f0xx_hal_uart_ex.o ABSOLUTE
    ..\\..\\..\\..\\..\\..\\Drivers\\STM32F0xx_HAL_Driver\\Src\\stm32f0xx_hal_usart.c 0x00000000   Number         0  stm32f0xx_hal_usart.o ABSOLUTE
    ..\\Src\\main.c                          0x00000000   Number         0  main.o ABSOLUTE
    ..\\Src\\stm32f0xx_hal_msp.c             0x00000000   Number         0  stm32f0xx_hal_msp.o ABSOLUTE
    ..\\Src\\stm32f0xx_it.c                  0x00000000   Number         0  stm32f0xx_it.o ABSOLUTE
    ..\\Src\\system_stm32f0xx.c              0x00000000   Number         0  system_stm32f0xx.o ABSOLUTE
    dc.s                                     0x00000000   Number         0  dc.o ABSOLUTE
    handlers.s                               0x00000000   Number         0  handlers.o ABSOLUTE
    init.s                                   0x00000000   Number         0  init.o ABSOLUTE
    startup_stm32f030x8.s                    0x00000000   Number         0  startup_stm32f030x8.o ABSOLUTE
    RESET                                    0x08000000   Section      180  startup_stm32f030x8.o(RESET)
    .ARM.Collect$$$$00000000                 0x080000b4   Section        0  entry.o(.ARM.Collect$$$$00000000)
    .ARM.Collect$$$$00000001                 0x080000b4   Section        4  entry2.o(.ARM.Collect$$$$00000001)
    .ARM.Collect$$$$00000004                 0x080000b8   Section        4  entry5.o(.ARM.Collect$$$$00000004)
    .ARM.Collect$$$$00000008                 0x080000bc   Section        0  entry7b.o(.ARM.Collect$$$$00000008)
    .ARM.Collect$$$$0000000A                 0x080000bc   Section        0  entry8b.o(.ARM.Collect$$$$0000000A)
    .ARM.Collect$$$$0000000B                 0x080000bc   Section        8  entry9a.o(.ARM.Collect$$$$0000000B)
    .ARM.Collect$$$$0000000D                 0x080000c4   Section        0  entry10a.o(.ARM.Collect$$$$0000000D)
    .ARM.Collect$$$$0000000F                 0x080000c4   Section        0  entry11a.o(.ARM.Collect$$$$0000000F)
    .ARM.Collect$$$$00002712                 0x080000c4   Section        4  entry2.o(.ARM.Collect$$$$00002712)
    __lit__00000000                          0x080000c4   Data           4  entry2.o(.ARM.Collect$$$$00002712)
    .text                                    0x080000c8   Section       28  startup_stm32f030x8.o(.text)
    .text                                    0x080000e4   Section        0  uidiv.o(.text)
    .text                                    0x08000110   Section        0  strlen.o(.text)
    .text                                    0x08000120   Section       36  init.o(.text)
    i.BSP_LED_Init                           0x08000144   Section        0  stm32f0308_discovery.o(i.BSP_LED_Init)
    i.BSP_LED_On                             0x0800019c   Section        0  stm32f0308_discovery.o(i.BSP_LED_On)
    i.BSP_LED_Toggle                         0x080001bc   Section        0  stm32f0308_discovery.o(i.BSP_LED_Toggle)
    i.DMA1_Channel2_3_IRQHandler             0x080001d8   Section        0  stm32f0xx_it.o(i.DMA1_Channel2_3_IRQHandler)
    i.DMA_SetConfig                          0x080001f0   Section        0  stm32f0xx_hal_dma.o(i.DMA_SetConfig)
    DMA_SetConfig                            0x080001f1   Thumb Code    30  stm32f0xx_hal_dma.o(i.DMA_SetConfig)
    i.Error_Handler                          0x0800020e   Section        0  main.o(i.Error_Handler)
    Error_Handler                            0x0800020f   Thumb Code    24  main.o(i.Error_Handler)
    i.HAL_DMA_IRQHandler                     0x08000228   Section        0  stm32f0xx_hal_dma.o(i.HAL_DMA_IRQHandler)
    i.HAL_DMA_Init                           0x08000404   Section        0  stm32f0xx_hal_dma.o(i.HAL_DMA_Init)
    i.HAL_DMA_Start_IT                       0x08000458   Section        0  stm32f0xx_hal_dma.o(i.HAL_DMA_Start_IT)
    i.HAL_Delay                              0x080004a6   Section        0  stm32f0xx_hal.o(i.HAL_Delay)
    i.HAL_GPIO_DeInit                        0x080004bc   Section        0  stm32f0xx_hal_gpio.o(i.HAL_GPIO_DeInit)
    i.HAL_GPIO_Init                          0x08000590   Section        0  stm32f0xx_hal_gpio.o(i.HAL_GPIO_Init)
    i.HAL_GPIO_TogglePin                     0x080006d8   Section        0  stm32f0xx_hal_gpio.o(i.HAL_GPIO_TogglePin)
    i.HAL_GPIO_WritePin                      0x080006e0   Section        0  stm32f0xx_hal_gpio.o(i.HAL_GPIO_WritePin)
    i.HAL_GetTick                            0x080006ec   Section        0  stm32f0xx_hal.o(i.HAL_GetTick)
    i.HAL_IncTick                            0x080006f8   Section        0  stm32f0xx_hal.o(i.HAL_IncTick)
    i.HAL_Init                               0x08000708   Section        0  stm32f0xx_hal.o(i.HAL_Init)
    i.HAL_InitTick                           0x08000728   Section        0  stm32f0xx_hal.o(i.HAL_InitTick)
    i.HAL_MspInit                            0x0800074a   Section        0  stm32f0xx_hal.o(i.HAL_MspInit)
    i.HAL_NVIC_EnableIRQ                     0x0800074c   Section        0  stm32f0xx_hal_cortex.o(i.HAL_NVIC_EnableIRQ)
    i.HAL_NVIC_SetPriority                   0x08000764   Section        0  stm32f0xx_hal_cortex.o(i.HAL_NVIC_SetPriority)
    i.HAL_RCC_ClockConfig                    0x0800076c   Section        0  stm32f0xx_hal_rcc.o(i.HAL_RCC_ClockConfig)
    i.HAL_RCC_GetHCLKFreq                    0x08000898   Section        0  stm32f0xx_hal_rcc.o(i.HAL_RCC_GetHCLKFreq)
    i.HAL_RCC_GetPCLK1Freq                   0x080008a4   Section        0  stm32f0xx_hal_rcc.o(i.HAL_RCC_GetPCLK1Freq)
    i.HAL_RCC_GetSysClockFreq                0x080008c4   Section        0  stm32f0xx_hal_rcc.o(i.HAL_RCC_GetSysClockFreq)
    i.HAL_RCC_OscConfig                      0x0800093c   Section        0  stm32f0xx_hal_rcc.o(i.HAL_RCC_OscConfig)
    i.HAL_SPI_ErrorCallback                  0x08000c90   Section        0  main.o(i.HAL_SPI_ErrorCallback)
    i.HAL_SPI_Init                           0x08000c9c   Section        0  stm32f0xx_hal_spi.o(i.HAL_SPI_Init)
    i.HAL_SPI_MspInit                        0x08000d6c   Section        0  stm32f0xx_hal_msp.o(i.HAL_SPI_MspInit)
    i.HAL_SPI_RxCpltCallback                 0x08000e80   Section        0  stm32f0xx_hal_spi.o(i.HAL_SPI_RxCpltCallback)
    i.HAL_SPI_RxHalfCpltCallback             0x08000e82   Section        0  stm32f0xx_hal_spi.o(i.HAL_SPI_RxHalfCpltCallback)
    i.HAL_SPI_TransmitReceive_DMA            0x08000e84   Section        0  stm32f0xx_hal_spi.o(i.HAL_SPI_TransmitReceive_DMA)
    i.HAL_SPI_TxRxCpltCallback               0x0800102c   Section        0  main.o(i.HAL_SPI_TxRxCpltCallback)
    i.HAL_SPI_TxRxHalfCpltCallback           0x08001058   Section        0  stm32f0xx_hal_spi.o(i.HAL_SPI_TxRxHalfCpltCallback)
    i.HAL_SYSTICK_Config                     0x0800105c   Section        0  stm32f0xx_hal_cortex.o(i.HAL_SYSTICK_Config)
    i.HAL_UART_DeInit                        0x0800108c   Section        0  stm32f0xx_hal_uart.o(i.HAL_UART_DeInit)
    i.HAL_UART_Init                          0x080010ca   Section        0  stm32f0xx_hal_uart.o(i.HAL_UART_Init)
    i.HAL_UART_MspDeInit                     0x08001138   Section        0  stm32f0xx_hal_msp.o(i.HAL_UART_MspDeInit)
    i.HAL_UART_MspInit                       0x08001168   Section        0  stm32f0xx_hal_msp.o(i.HAL_UART_MspInit)
    i.HAL_UART_Transmit                      0x080011cc   Section        0  stm32f0xx_hal_uart.o(i.HAL_UART_Transmit)
    i.HardFault_Handler                      0x0800127c   Section        0  stm32f0xx_it.o(i.HardFault_Handler)
    i.NMI_Handler                            0x0800127e   Section        0  stm32f0xx_it.o(i.NMI_Handler)
    i.NVIC_SetPriority                       0x08001280   Section        0  stm32f0xx_hal_cortex.o(i.NVIC_SetPriority)
    NVIC_SetPriority                         0x08001281   Thumb Code    60  stm32f0xx_hal_cortex.o(i.NVIC_SetPriority)
    i.PendSV_Handler                         0x080012c4   Section        0  stm32f0xx_it.o(i.PendSV_Handler)
    i.SPI_DMAError                           0x080012c6   Section        0  stm32f0xx_hal_spi.o(i.SPI_DMAError)
    SPI_DMAError                             0x080012c7   Thumb Code    34  stm32f0xx_hal_spi.o(i.SPI_DMAError)
    i.SPI_DMAHalfReceiveCplt                 0x080012e8   Section        0  stm32f0xx_hal_spi.o(i.SPI_DMAHalfReceiveCplt)
    SPI_DMAHalfReceiveCplt                   0x080012e9   Thumb Code    10  stm32f0xx_hal_spi.o(i.SPI_DMAHalfReceiveCplt)
    i.SPI_DMAHalfTransmitReceiveCplt         0x080012f2   Section        0  stm32f0xx_hal_spi.o(i.SPI_DMAHalfTransmitReceiveCplt)
    SPI_DMAHalfTransmitReceiveCplt           0x080012f3   Thumb Code    10  stm32f0xx_hal_spi.o(i.SPI_DMAHalfTransmitReceiveCplt)
    i.SPI_DMAReceiveCplt                     0x080012fc   Section        0  stm32f0xx_hal_spi.o(i.SPI_DMAReceiveCplt)
    SPI_DMAReceiveCplt                       0x080012fd   Thumb Code   198  stm32f0xx_hal_spi.o(i.SPI_DMAReceiveCplt)
    i.SPI_DMATransmitReceiveCplt             0x080013c8   Section        0  stm32f0xx_hal_spi.o(i.SPI_DMATransmitReceiveCplt)
    SPI_DMATransmitReceiveCplt               0x080013c9   Thumb Code   196  stm32f0xx_hal_spi.o(i.SPI_DMATransmitReceiveCplt)
    i.SPI_EndRxTransaction                   0x08001490   Section        0  stm32f0xx_hal_spi.o(i.SPI_EndRxTransaction)
    SPI_EndRxTransaction                     0x08001491   Thumb Code   110  stm32f0xx_hal_spi.o(i.SPI_EndRxTransaction)
    i.SPI_EndRxTxTransaction                 0x080014fe   Section        0  stm32f0xx_hal_spi.o(i.SPI_EndRxTxTransaction)
    SPI_EndRxTxTransaction                   0x080014ff   Thumb Code    50  stm32f0xx_hal_spi.o(i.SPI_EndRxTxTransaction)
    i.SPI_WaitFifoStateUntilTimeout          0x08001530   Section        0  stm32f0xx_hal_spi.o(i.SPI_WaitFifoStateUntilTimeout)
    SPI_WaitFifoStateUntilTimeout            0x08001531   Thumb Code   158  stm32f0xx_hal_spi.o(i.SPI_WaitFifoStateUntilTimeout)
    i.SPI_WaitFlagStateUntilTimeout          0x080015d4   Section        0  stm32f0xx_hal_spi.o(i.SPI_WaitFlagStateUntilTimeout)
    SPI_WaitFlagStateUntilTimeout            0x080015d5   Thumb Code   138  stm32f0xx_hal_spi.o(i.SPI_WaitFlagStateUntilTimeout)
    i.SVC_Handler                            0x08001664   Section        0  stm32f0xx_it.o(i.SVC_Handler)
    i.SysTick_Handler                        0x08001666   Section        0  stm32f0xx_it.o(i.SysTick_Handler)
    i.SystemInit                             0x08001670   Section        0  system_stm32f0xx.o(i.SystemInit)
    i.UART_AdvFeatureConfig                  0x080016cc   Section        0  stm32f0xx_hal_uart.o(i.UART_AdvFeatureConfig)
    i.UART_CheckIdleState                    0x08001796   Section        0  stm32f0xx_hal_uart.o(i.UART_CheckIdleState)
    i.UART_SetConfig                         0x080017a8   Section        0  stm32f0xx_hal_uart.o(i.UART_SetConfig)
    i.UART_WaitOnFlagUntilTimeout            0x080018d8   Section        0  stm32f0xx_hal_uart.o(i.UART_WaitOnFlagUntilTimeout)
    i.__scatterload_copy                     0x0800198a   Section       14  handlers.o(i.__scatterload_copy)
    i.__scatterload_null                     0x08001998   Section        2  handlers.o(i.__scatterload_null)
    i.__scatterload_zeroinit                 0x0800199a   Section       14  handlers.o(i.__scatterload_zeroinit)
    i.main                                   0x080019a8   Section        0  main.o(i.main)
    .constdata                               0x08001a94   Section       16  system_stm32f0xx.o(.constdata)
    .constdata                               0x08001aa4   Section        8  system_stm32f0xx.o(.constdata)
    .constdata                               0x08001aac   Section        8  stm32f0308_discovery.o(.constdata)
    .data                                    0x20000000   Section       20  main.o(.data)
    .data                                    0x20000014   Section        4  system_stm32f0xx.o(.data)
    .data                                    0x20000018   Section        4  stm32f0xx_hal.o(.data)
    .data                                    0x2000001c   Section       12  stm32f0308_discovery.o(.data)
    .bss                                     0x20000028   Section      212  main.o(.bss)
    .bss                                     0x200000fc   Section      120  stm32f0xx_hal_msp.o(.bss)
    hdma_tx                                  0x200000fc   Data          60  stm32f0xx_hal_msp.o(.bss)
    hdma_rx                                  0x20000138   Data          60  stm32f0xx_hal_msp.o(.bss)
    STACK                                    0x20000178   Section     1024  startup_stm32f030x8.o(STACK)

    Global Symbols

    Symbol Name                              Value     Ov Type        Size  Object(Section)

    BuildAttributes$$THM_ISAv3M$S$PE$A:L22$X:L11$S22$IEEE1$IW$USESV6$~STKCKD$USESV7$~SHL$OSPACE$EBA8$MICROLIB$REQ8$PRES8$EABIv2 0x00000000   Number         0  anon$$obj.o ABSOLUTE
    __ARM_use_no_argv                        0x00000000   Number         0  main.o ABSOLUTE
    __cpp_initialize__aeabi_                  - Undefined Weak Reference
    __cxa_finalize                            - Undefined Weak Reference
    __decompress                              - Undefined Weak Reference
    _clock_init                               - Undefined Weak Reference
    _microlib_exit                            - Undefined Weak Reference
    __Vectors_Size                           0x000000b4   Number         0  startup_stm32f030x8.o ABSOLUTE
    __Vectors                                0x08000000   Data           4  startup_stm32f030x8.o(RESET)
    __Vectors_End                            0x080000b4   Data           0  startup_stm32f030x8.o(RESET)
    __main                                   0x080000b5   Thumb Code     0  entry.o(.ARM.Collect$$$$00000000)
    _main_stk                                0x080000b5   Thumb Code     0  entry2.o(.ARM.Collect$$$$00000001)
    _main_scatterload                        0x080000b9   Thumb Code     0  entry5.o(.ARM.Collect$$$$00000004)
    __main_after_scatterload                 0x080000bd   Thumb Code     0  entry5.o(.ARM.Collect$$$$00000004)
    _main_clock                              0x080000bd   Thumb Code     0  entry7b.o(.ARM.Collect$$$$00000008)
    _main_cpp_init                           0x080000bd   Thumb Code     0  entry8b.o(.ARM.Collect$$$$0000000A)
    _main_init                               0x080000bd   Thumb Code     0  entry9a.o(.ARM.Collect$$$$0000000B)
    __rt_final_cpp                           0x080000c5   Thumb Code     0  entry10a.o(.ARM.Collect$$$$0000000D)
    __rt_final_exit                          0x080000c5   Thumb Code     0  entry11a.o(.ARM.Collect$$$$0000000F)
    Reset_Handler                            0x080000c9   Thumb Code     8  startup_stm32f030x8.o(.text)
    ADC1_IRQHandler                          0x080000db   Thumb Code     0  startup_stm32f030x8.o(.text)
    DMA1_Channel1_IRQHandler                 0x080000db   Thumb Code     0  startup_stm32f030x8.o(.text)
    DMA1_Channel4_5_IRQHandler               0x080000db   Thumb Code     0  startup_stm32f030x8.o(.text)
    EXTI0_1_IRQHandler                       0x080000db   Thumb Code     0  startup_stm32f030x8.o(.text)
    EXTI2_3_IRQHandler                       0x080000db   Thumb Code     0  startup_stm32f030x8.o(.text)
    EXTI4_15_IRQHandler                      0x080000db   Thumb Code     0  startup_stm32f030x8.o(.text)
    FLASH_IRQHandler                         0x080000db   Thumb Code     0  startup_stm32f030x8.o(.text)
    I2C1_IRQHandler                          0x080000db   Thumb Code     0  startup_stm32f030x8.o(.text)
    I2C2_IRQHandler                          0x080000db   Thumb Code     0  startup_stm32f030x8.o(.text)
    RCC_IRQHandler                           0x080000db   Thumb Code     0  startup_stm32f030x8.o(.text)
    RTC_IRQHandler                           0x080000db   Thumb Code     0  startup_stm32f030x8.o(.text)
    SPI1_IRQHandler                          0x080000db   Thumb Code     0  startup_stm32f030x8.o(.text)
    SPI2_IRQHandler                          0x080000db   Thumb Code     0  startup_stm32f030x8.o(.text)
    TIM14_IRQHandler                         0x080000db   Thumb Code     0  startup_stm32f030x8.o(.text)
    TIM15_IRQHandler                         0x080000db   Thumb Code     0  startup_stm32f030x8.o(.text)
    TIM16_IRQHandler                         0x080000db   Thumb Code     0  startup_stm32f030x8.o(.text)
    TIM17_IRQHandler                         0x080000db   Thumb Code     0  startup_stm32f030x8.o(.text)
    TIM1_BRK_UP_TRG_COM_IRQHandler           0x080000db   Thumb Code     0  startup_stm32f030x8.o(.text)
    TIM1_CC_IRQHandler                       0x080000db   Thumb Code     0  startup_stm32f030x8.o(.text)
    TIM3_IRQHandler                          0x080000db   Thumb Code     0  startup_stm32f030x8.o(.text)
    USART1_IRQHandler                        0x080000db   Thumb Code     0  startup_stm32f030x8.o(.text)
    USART2_IRQHandler                        0x080000db   Thumb Code     0  startup_stm32f030x8.o(.text)
    WWDG_IRQHandler                          0x080000db   Thumb Code     0  startup_stm32f030x8.o(.text)
    __aeabi_uidiv                            0x080000e5   Thumb Code     0  uidiv.o(.text)
    __aeabi_uidivmod                         0x080000e5   Thumb Code    44  uidiv.o(.text)
    strlen                                   0x08000111   Thumb Code    14  strlen.o(.text)
    __scatterload                            0x08000121   Thumb Code    28  init.o(.text)
    __scatterload_rt2                        0x08000121   Thumb Code     0  init.o(.text)
    BSP_LED_Init                             0x08000145   Thumb Code    76  stm32f0308_discovery.o(i.BSP_LED_Init)
    BSP_LED_On                               0x0800019d   Thumb Code    22  stm32f0308_discovery.o(i.BSP_LED_On)
    BSP_LED_Toggle                           0x080001bd   Thumb Code    20  stm32f0308_discovery.o(i.BSP_LED_Toggle)
    DMA1_Channel2_3_IRQHandler               0x080001d9   Thumb Code    18  stm32f0xx_it.o(i.DMA1_Channel2_3_IRQHandler)
    HAL_DMA_IRQHandler                       0x08000229   Thumb Code   470  stm32f0xx_hal_dma.o(i.HAL_DMA_IRQHandler)
    HAL_DMA_Init                             0x08000405   Thumb Code    78  stm32f0xx_hal_dma.o(i.HAL_DMA_Init)
    HAL_DMA_Start_IT                         0x08000459   Thumb Code    78  stm32f0xx_hal_dma.o(i.HAL_DMA_Start_IT)
    HAL_Delay                                0x080004a7   Thumb Code    22  stm32f0xx_hal.o(i.HAL_Delay)
    HAL_GPIO_DeInit                          0x080004bd   Thumb Code   192  stm32f0xx_hal_gpio.o(i.HAL_GPIO_DeInit)
    HAL_GPIO_Init                            0x08000591   Thumb Code   302  stm32f0xx_hal_gpio.o(i.HAL_GPIO_Init)
    HAL_GPIO_TogglePin                       0x080006d9   Thumb Code     8  stm32f0xx_hal_gpio.o(i.HAL_GPIO_TogglePin)
    HAL_GPIO_WritePin                        0x080006e1   Thumb Code    12  stm32f0xx_hal_gpio.o(i.HAL_GPIO_WritePin)
    HAL_GetTick                              0x080006ed   Thumb Code     6  stm32f0xx_hal.o(i.HAL_GetTick)
    HAL_IncTick                              0x080006f9   Thumb Code    10  stm32f0xx_hal.o(i.HAL_IncTick)
    HAL_Init                                 0x08000709   Thumb Code    26  stm32f0xx_hal.o(i.HAL_Init)
    HAL_InitTick                             0x08000729   Thumb Code    34  stm32f0xx_hal.o(i.HAL_InitTick)
    HAL_MspInit                              0x0800074b   Thumb Code     2  stm32f0xx_hal.o(i.HAL_MspInit)
    HAL_NVIC_EnableIRQ                       0x0800074d   Thumb Code    18  stm32f0xx_hal_cortex.o(i.HAL_NVIC_EnableIRQ)
    HAL_NVIC_SetPriority                     0x08000765   Thumb Code     8  stm32f0xx_hal_cortex.o(i.HAL_NVIC_SetPriority)
    HAL_RCC_ClockConfig                      0x0800076d   Thumb Code   280  stm32f0xx_hal_rcc.o(i.HAL_RCC_ClockConfig)
    HAL_RCC_GetHCLKFreq                      0x08000899   Thumb Code     6  stm32f0xx_hal_rcc.o(i.HAL_RCC_GetHCLKFreq)
    HAL_RCC_GetPCLK1Freq                     0x080008a5   Thumb Code    20  stm32f0xx_hal_rcc.o(i.HAL_RCC_GetPCLK1Freq)
    HAL_RCC_GetSysClockFreq                  0x080008c5   Thumb Code    76  stm32f0xx_hal_rcc.o(i.HAL_RCC_GetSysClockFreq)
    HAL_RCC_OscConfig                        0x0800093d   Thumb Code   840  stm32f0xx_hal_rcc.o(i.HAL_RCC_OscConfig)
    HAL_SPI_ErrorCallback                    0x08000c91   Thumb Code    10  main.o(i.HAL_SPI_ErrorCallback)
    HAL_SPI_Init                             0x08000c9d   Thumb Code   204  stm32f0xx_hal_spi.o(i.HAL_SPI_Init)
    HAL_SPI_MspInit                          0x08000d6d   Thumb Code   256  stm32f0xx_hal_msp.o(i.HAL_SPI_MspInit)
    HAL_SPI_RxCpltCallback                   0x08000e81   Thumb Code     2  stm32f0xx_hal_spi.o(i.HAL_SPI_RxCpltCallback)
    HAL_SPI_RxHalfCpltCallback               0x08000e83   Thumb Code     2  stm32f0xx_hal_spi.o(i.HAL_SPI_RxHalfCpltCallback)
    HAL_SPI_TransmitReceive_DMA              0x08000e85   Thumb Code   396  stm32f0xx_hal_spi.o(i.HAL_SPI_TransmitReceive_DMA)
    HAL_SPI_TxRxCpltCallback                 0x0800102d   Thumb Code    30  main.o(i.HAL_SPI_TxRxCpltCallback)
    HAL_SPI_TxRxHalfCpltCallback             0x08001059   Thumb Code     2  stm32f0xx_hal_spi.o(i.HAL_SPI_TxRxHalfCpltCallback)
    HAL_SYSTICK_Config                       0x0800105d   Thumb Code    38  stm32f0xx_hal_cortex.o(i.HAL_SYSTICK_Config)
    HAL_UART_DeInit                          0x0800108d   Thumb Code    62  stm32f0xx_hal_uart.o(i.HAL_UART_DeInit)
    HAL_UART_Init                            0x080010cb   Thumb Code   108  stm32f0xx_hal_uart.o(i.HAL_UART_Init)
    HAL_UART_MspDeInit                       0x08001139   Thumb Code    44  stm32f0xx_hal_msp.o(i.HAL_UART_MspDeInit)
    HAL_UART_MspInit                         0x08001169   Thumb Code    96  stm32f0xx_hal_msp.o(i.HAL_UART_MspInit)
    HAL_UART_Transmit                        0x080011cd   Thumb Code   176  stm32f0xx_hal_uart.o(i.HAL_UART_Transmit)
    HardFault_Handler                        0x0800127d   Thumb Code     2  stm32f0xx_it.o(i.HardFault_Handler)
    NMI_Handler                              0x0800127f   Thumb Code     2  stm32f0xx_it.o(i.NMI_Handler)
    PendSV_Handler                           0x080012c5   Thumb Code     2  stm32f0xx_it.o(i.PendSV_Handler)
    SVC_Handler                              0x08001665   Thumb Code     2  stm32f0xx_it.o(i.SVC_Handler)
    SysTick_Handler                          0x08001667   Thumb Code     8  stm32f0xx_it.o(i.SysTick_Handler)
    SystemInit                               0x08001671   Thumb Code    78  system_stm32f0xx.o(i.SystemInit)
    UART_AdvFeatureConfig                    0x080016cd   Thumb Code   202  stm32f0xx_hal_uart.o(i.UART_AdvFeatureConfig)
    UART_CheckIdleState                      0x08001797   Thumb Code    18  stm32f0xx_hal_uart.o(i.UART_CheckIdleState)
    UART_SetConfig                           0x080017a9   Thumb Code   280  stm32f0xx_hal_uart.o(i.UART_SetConfig)
    UART_WaitOnFlagUntilTimeout              0x080018d9   Thumb Code   178  stm32f0xx_hal_uart.o(i.UART_WaitOnFlagUntilTimeout)
    __scatterload_copy                       0x0800198b   Thumb Code    14  handlers.o(i.__scatterload_copy)
    __scatterload_null                       0x08001999   Thumb Code     2  handlers.o(i.__scatterload_null)
    __scatterload_zeroinit                   0x0800199b   Thumb Code    14  handlers.o(i.__scatterload_zeroinit)
    main                                     0x080019a9   Thumb Code   214  main.o(i.main)
    AHBPrescTable                            0x08001a94   Data          16  system_stm32f0xx.o(.constdata)
    APBPrescTable                            0x08001aa4   Data           8  system_stm32f0xx.o(.constdata)
    BUTTON_IRQn                              0x08001aac   Data           1  stm32f0308_discovery.o(.constdata)
    BUTTON_PIN                               0x08001aae   Data           2  stm32f0308_discovery.o(.constdata)
    LED_PIN                                  0x08001ab0   Data           4  stm32f0308_discovery.o(.constdata)
    Region$$Table$$Base                      0x08001ab4   Number         0  anon$$obj.o(Region$$Table)
    Region$$Table$$Limit                     0x08001ad4   Number         0  anon$$obj.o(Region$$Table)
    aRxBuffer                                0x20000000   Data           5  main.o(.data)
    aTxBuffer                                0x20000005   Data           6  main.o(.data)
    otherbuffer                              0x2000000b   Data           9  main.o(.data)
    SystemCoreClock                          0x20000014   Data           4  system_stm32f0xx.o(.data)
    uwTick                                   0x20000018   Data           4  stm32f0xx_hal.o(.data)
    BUTTON_PORT                              0x2000001c   Data           4  stm32f0308_discovery.o(.data)
    LED_PORT                                 0x20000020   Data           8  stm32f0308_discovery.o(.data)
    SpiHandle                                0x20000028   Data         100  main.o(.bss)
    UartHandle                               0x2000008c   Data         112  main.o(.bss)
    __initial_sp                             0x20000578   Data           0  startup_stm32f030x8.o(STACK)



==============================================================================

Memory Map of the image

  Image Entry point : 0x080000b5

  Load Region LR_IROM1 (Base: 0x08000000, Size: 0x00001afc, Max: 0x00010000, ABSOLUTE)

    Execution Region ER_IROM1 (Base: 0x08000000, Size: 0x00001ad4, Max: 0x00010000, ABSOLUTE)

    Base Addr    Size         Type   Attr      Idx    E Section Name        Object

    0x08000000   0x000000b4   Data   RO          267    RESET               startup_stm32f030x8.o
    0x080000b4   0x00000000   Code   RO         1398  * .ARM.Collect$$$$00000000  mc_p.l(entry.o)
    0x080000b4   0x00000004   Code   RO         1407    .ARM.Collect$$$$00000001  mc_p.l(entry2.o)
    0x080000b8   0x00000004   Code   RO         1410    .ARM.Collect$$$$00000004  mc_p.l(entry5.o)
    0x080000bc   0x00000000   Code   RO         1412    .ARM.Collect$$$$00000008  mc_p.l(entry7b.o)
    0x080000bc   0x00000000   Code   RO         1414    .ARM.Collect$$$$0000000A  mc_p.l(entry8b.o)
    0x080000bc   0x00000008   Code   RO         1415    .ARM.Collect$$$$0000000B  mc_p.l(entry9a.o)
    0x080000c4   0x00000000   Code   RO         1417    .ARM.Collect$$$$0000000D  mc_p.l(entry10a.o)
    0x080000c4   0x00000000   Code   RO         1419    .ARM.Collect$$$$0000000F  mc_p.l(entry11a.o)
    0x080000c4   0x00000004   Code   RO         1408    .ARM.Collect$$$$00002712  mc_p.l(entry2.o)
    0x080000c8   0x0000001c   Code   RO          268    .text               startup_stm32f030x8.o
    0x080000e4   0x0000002c   Code   RO         1401    .text               mc_p.l(uidiv.o)
    0x08000110   0x0000000e   Code   RO         1405    .text               mc_p.l(strlen.o)
    0x0800011e   0x00000002   PAD
    0x08000120   0x00000024   Code   RO         1421    .text               mc_p.l(init.o)
    0x08000144   0x00000058   Code   RO         1341    i.BSP_LED_Init      stm32f0308_discovery.o
    0x0800019c   0x00000020   Code   RO         1343    i.BSP_LED_On        stm32f0308_discovery.o
    0x080001bc   0x0000001c   Code   RO         1344    i.BSP_LED_Toggle    stm32f0308_discovery.o
    0x080001d8   0x00000018   Code   RO            3    i.DMA1_Channel2_3_IRQHandler  stm32f0xx_it.o
    0x080001f0   0x0000001e   Code   RO          366    i.DMA_SetConfig     stm32f0xx_hal_dma.o
    0x0800020e   0x00000018   Code   RO          146    i.Error_Handler     main.o
    0x08000226   0x00000002   PAD
    0x08000228   0x000001dc   Code   RO          372    i.HAL_DMA_IRQHandler  stm32f0xx_hal_dma.o
    0x08000404   0x00000054   Code   RO          373    i.HAL_DMA_Init      stm32f0xx_hal_dma.o
    0x08000458   0x0000004e   Code   RO          376    i.HAL_DMA_Start_IT  stm32f0xx_hal_dma.o
    0x080004a6   0x00000016   Code   RO          844    i.HAL_Delay         stm32f0xx_hal.o
    0x080004bc   0x000000d4   Code   RO          958    i.HAL_GPIO_DeInit   stm32f0xx_hal_gpio.o
    0x08000590   0x00000148   Code   RO          961    i.HAL_GPIO_Init     stm32f0xx_hal_gpio.o
    0x080006d8   0x00000008   Code   RO          964    i.HAL_GPIO_TogglePin  stm32f0xx_hal_gpio.o
    0x080006e0   0x0000000c   Code   RO          965    i.HAL_GPIO_WritePin  stm32f0xx_hal_gpio.o
    0x080006ec   0x0000000c   Code   RO          848    i.HAL_GetTick       stm32f0xx_hal.o
    0x080006f8   0x00000010   Code   RO          849    i.HAL_IncTick       stm32f0xx_hal.o
    0x08000708   0x00000020   Code   RO          850    i.HAL_Init          stm32f0xx_hal.o
    0x08000728   0x00000022   Code   RO          851    i.HAL_InitTick      stm32f0xx_hal.o
    0x0800074a   0x00000002   Code   RO          853    i.HAL_MspInit       stm32f0xx_hal.o
    0x0800074c   0x00000018   Code   RO          447    i.HAL_NVIC_EnableIRQ  stm32f0xx_hal_cortex.o
    0x08000764   0x00000008   Code   RO          451    i.HAL_NVIC_SetPriority  stm32f0xx_hal_cortex.o
    0x0800076c   0x0000012c   Code   RO          275    i.HAL_RCC_ClockConfig  stm32f0xx_hal_rcc.o
    0x08000898   0x0000000c   Code   RO          280    i.HAL_RCC_GetHCLKFreq  stm32f0xx_hal_rcc.o
    0x080008a4   0x00000020   Code   RO          282    i.HAL_RCC_GetPCLK1Freq  stm32f0xx_hal_rcc.o
    0x080008c4   0x00000078   Code   RO          283    i.HAL_RCC_GetSysClockFreq  stm32f0xx_hal_rcc.o
    0x0800093c   0x00000354   Code   RO          286    i.HAL_RCC_OscConfig  stm32f0xx_hal_rcc.o
    0x08000c90   0x0000000a   Code   RO          147    i.HAL_SPI_ErrorCallback  main.o
    0x08000c9a   0x00000002   PAD
    0x08000c9c   0x000000d0   Code   RO          547    i.HAL_SPI_Init      stm32f0xx_hal_spi.o
    0x08000d6c   0x00000114   Code   RO          194    i.HAL_SPI_MspInit   stm32f0xx_hal_msp.o
    0x08000e80   0x00000002   Code   RO          553    i.HAL_SPI_RxCpltCallback  stm32f0xx_hal_spi.o
    0x08000e82   0x00000002   Code   RO          554    i.HAL_SPI_RxHalfCpltCallback  stm32f0xx_hal_spi.o
    0x08000e84   0x000001a8   Code   RO          557    i.HAL_SPI_TransmitReceive_DMA  stm32f0xx_hal_spi.o
    0x0800102c   0x0000002c   Code   RO          148    i.HAL_SPI_TxRxCpltCallback  main.o
    0x08001058   0x00000002   Code   RO          564    i.HAL_SPI_TxRxHalfCpltCallback  stm32f0xx_hal_spi.o
    0x0800105a   0x00000002   PAD
    0x0800105c   0x00000030   Code   RO          455    i.HAL_SYSTICK_Config  stm32f0xx_hal_cortex.o
    0x0800108c   0x0000003e   Code   RO         1062    i.HAL_UART_DeInit   stm32f0xx_hal_uart.o
    0x080010ca   0x0000006c   Code   RO         1067    i.HAL_UART_Init     stm32f0xx_hal_uart.o
    0x08001136   0x00000002   PAD
    0x08001138   0x00000030   Code   RO          195    i.HAL_UART_MspDeInit  stm32f0xx_hal_msp.o
    0x08001168   0x00000064   Code   RO          196    i.HAL_UART_MspInit  stm32f0xx_hal_msp.o
    0x080011cc   0x000000b0   Code   RO         1075    i.HAL_UART_Transmit  stm32f0xx_hal_uart.o
    0x0800127c   0x00000002   Code   RO            4    i.HardFault_Handler  stm32f0xx_it.o
    0x0800127e   0x00000002   Code   RO            5    i.NMI_Handler       stm32f0xx_it.o
    0x08001280   0x00000044   Code   RO          457    i.NVIC_SetPriority  stm32f0xx_hal_cortex.o
    0x080012c4   0x00000002   Code   RO            6    i.PendSV_Handler    stm32f0xx_it.o
    0x080012c6   0x00000022   Code   RO          574    i.SPI_DMAError      stm32f0xx_hal_spi.o
    0x080012e8   0x0000000a   Code   RO          575    i.SPI_DMAHalfReceiveCplt  stm32f0xx_hal_spi.o
    0x080012f2   0x0000000a   Code   RO          577    i.SPI_DMAHalfTransmitReceiveCplt  stm32f0xx_hal_spi.o
    0x080012fc   0x000000cc   Code   RO          578    i.SPI_DMAReceiveCplt  stm32f0xx_hal_spi.o
    0x080013c8   0x000000c8   Code   RO          580    i.SPI_DMATransmitReceiveCplt  stm32f0xx_hal_spi.o
    0x08001490   0x0000006e   Code   RO          581    i.SPI_EndRxTransaction  stm32f0xx_hal_spi.o
    0x080014fe   0x00000032   Code   RO          582    i.SPI_EndRxTxTransaction  stm32f0xx_hal_spi.o
    0x08001530   0x000000a4   Code   RO          589    i.SPI_WaitFifoStateUntilTimeout  stm32f0xx_hal_spi.o
    0x080015d4   0x00000090   Code   RO          590    i.SPI_WaitFlagStateUntilTimeout  stm32f0xx_hal_spi.o
    0x08001664   0x00000002   Code   RO            7    i.SVC_Handler       stm32f0xx_it.o
    0x08001666   0x00000008   Code   RO            8    i.SysTick_Handler   stm32f0xx_it.o
    0x0800166e   0x00000002   PAD
    0x08001670   0x0000005c   Code   RO          234    i.SystemInit        system_stm32f0xx.o
    0x080016cc   0x000000ca   Code   RO         1080    i.UART_AdvFeatureConfig  stm32f0xx_hal_uart.o
    0x08001796   0x00000012   Code   RO         1081    i.UART_CheckIdleState  stm32f0xx_hal_uart.o
    0x080017a8   0x00000130   Code   RO         1089    i.UART_SetConfig    stm32f0xx_hal_uart.o
    0x080018d8   0x000000b2   Code   RO         1091    i.UART_WaitOnFlagUntilTimeout  stm32f0xx_hal_uart.o
    0x0800198a   0x0000000e   Code   RO         1425    i.__scatterload_copy  mc_p.l(handlers.o)
    0x08001998   0x00000002   Code   RO         1426    i.__scatterload_null  mc_p.l(handlers.o)
    0x0800199a   0x0000000e   Code   RO         1427    i.__scatterload_zeroinit  mc_p.l(handlers.o)
    0x080019a8   0x000000ec   Code   RO          150    i.main              main.o
    0x08001a94   0x00000010   Data   RO          235    .constdata          system_stm32f0xx.o
    0x08001aa4   0x00000008   Data   RO          236    .constdata          system_stm32f0xx.o
    0x08001aac   0x00000008   Data   RO         1347    .constdata          stm32f0308_discovery.o
    0x08001ab4   0x00000020   Data   RO         1423    Region$$Table       anon$$obj.o


    Execution Region RW_IRAM1 (Base: 0x20000000, Size: 0x00000578, Max: 0x00002000, ABSOLUTE)

    Base Addr    Size         Type   Attr      Idx    E Section Name        Object

    0x20000000   0x00000014   Data   RW          152    .data               main.o
    0x20000014   0x00000004   Data   RW          237    .data               system_stm32f0xx.o
    0x20000018   0x00000004   Data   RW          856    .data               stm32f0xx_hal.o
    0x2000001c   0x0000000c   Data   RW         1348    .data               stm32f0308_discovery.o
    0x20000028   0x000000d4   Zero   RW          151    .bss                main.o
    0x200000fc   0x00000078   Zero   RW          197    .bss                stm32f0xx_hal_msp.o
    0x20000174   0x00000004   PAD
    0x20000178   0x00000400   Zero   RW          265    STACK               startup_stm32f030x8.o


==============================================================================

Image component sizes


      Code (inc. data)   RO Data    RW Data    ZI Data      Debug   Object Name

       314         36          0         20        212       3205   main.o
        28          8        180          0       1024        668   startup_stm32f030x8.o
       148         30          8         12          0       3567   stm32f0308_discovery.o
       118         18          0          4          0       4857   stm32f0xx_hal.o
       148         24          0          0          0       9633   stm32f0xx_hal_cortex.o
       668         12          0          0          0       4027   stm32f0xx_hal_dma.o
       560         46          0          0          0       4235   stm32f0xx_hal_gpio.o
       424         28          0          0        120       2882   stm32f0xx_hal_msp.o
      1316         94          0          0          0       5613   stm32f0xx_hal_rcc.o
      1564         54          0          0          0      11990   stm32f0xx_hal_spi.o
      1048         24          0          0          0       7159   stm32f0xx_hal_uart.o
        40          6          0          0          0     240480   stm32f0xx_it.o
        92         14         24          4          0       1363   system_stm32f0xx.o

    ----------------------------------------------------------------------
      6478        394        244         40       1360     299679   Object Totals
         0          0         32          0          0          0   (incl. Generated)
        10          0          0          0          4          0   (incl. Padding)

    ----------------------------------------------------------------------

      Code (inc. data)   RO Data    RW Data    ZI Data      Debug   Library Member Name

         0          0          0          0          0          0   entry.o
         0          0          0          0          0          0   entry10a.o
         0          0          0          0          0          0   entry11a.o
         8          4          0          0          0          0   entry2.o
         4          0          0          0          0          0   entry5.o
         0          0          0          0          0          0   entry7b.o
         0          0          0          0          0          0   entry8b.o
         8          4          0          0          0          0   entry9a.o
        30          0          0          0          0          0   handlers.o
        36          8          0          0          0         68   init.o
        14          0          0          0          0         60   strlen.o
        44          0          0          0          0         72   uidiv.o

    ----------------------------------------------------------------------
       146         16          0          0          0        200   Library Totals
         2          0          0          0          0          0   (incl. Padding)

    ----------------------------------------------------------------------

      Code (inc. data)   RO Data    RW Data    ZI Data      Debug   Library Name

       144         16          0          0          0        200   mc_p.l

    ----------------------------------------------------------------------
       146         16          0          0          0        200   Library Totals

    ----------------------------------------------------------------------

==============================================================================


      Code (inc. data)   RO Data    RW Data    ZI Data      Debug   

      6624        410        244         40       1360     297523   Grand Totals
      6624        410        244         40       1360     297523   ELF Image Totals
      6624        410        244         40          0          0   ROM Totals

==============================================================================

    Total RO  Size (Code + RO Data)                 6868 (   6.71kB)
    Total RW  Size (RW Data + ZI Data)              1400 (   1.37kB)
    Total ROM Size (Code + RO Data + RW Data)       6908 (   6.75kB)

==============================================================================

