<html>
<body>
<pre>
<h1>µVision Build Log</h1>
<h2>Tool Versions:</h2>
IDE-Version: µVision V5.20.0.0
Copyright (C) 2016 ARM Ltd and ARM Germany GmbH. All rights reserved.
License Information: Kilian OD, UCC, LIC=----
 
Tool Versions:
Toolchain:       MDK-Lite  Version: 5.20
Toolchain Path:  C:\Keil_v5\ARM\ARMCC\Bin
C Compiler:      Armcc.exe V5.06 update 2 (build 183)
Assembler:       Armasm.exe V5.06 update 2 (build 183)
Linker/Locator:  ArmLink.exe V5.06 update 2 (build 183)
Library Manager: ArmAr.exe V5.06 update 2 (build 183)
Hex Converter:   FromElf.exe V5.06 update 2 (build 183)
CPU DLL:         SARMCM3.DLL V5.20
Dialog DLL:      DCM.DLL V1.13.7.0
Target DLL:      STLink\ST-LINKIII-KEIL_SWO.dll V2.0.18.0
Dialog DLL:      TCM.DLL V1.14.9.0
 
<h2>Project:</h2>
E:\em_tracker_system\en.stm32cubef0\STM32Cube_FW_F0_V1.6.0\Projects\STM32F0308-Discovery\Examples\PCB_MCU_CODE_REV_3\SPI_FullDuplex_ComDMA\MDK-ARM\Project.uvprojx
Project File Date:  02/15/2017

<h2>Output:</h2>
*** Using Compiler 'V5.06 update 2 (build 183)', folder: 'C:\Keil_v5\ARM\ARMCC\Bin'
Build target 'STM32F0308-Discovery'
compiling main.c...
..\Src\main.c(680): warning:  #167-D: argument of type "uint8_t *" is incompatible with parameter of type "const char *"
    if(HAL_UART_Transmit(&UartHandle, (uint8_t*)otherbuffer, strlen(otherbuffer), 5000)!= HAL_OK)
..\Src\main.c(860): warning:  #167-D: argument of type "uint8_t *" is incompatible with parameter of type "const char *"
  	  if(HAL_UART_Transmit(&UartHandle, (uint8_t*)otherbuffer2, strlen(otherbuffer2), 5000)!= HAL_OK)
..\Src\main.c(649): warning:  #177-D: function "UART_Init" was declared but never referenced
  static void UART_Init(void)
..\Src\main.c(474): warning:  #177-D: function "ADC_Init" was declared but never referenced
  static void ADC_Init(void)
..\Src\main.c(318): warning:  #177-D: function "TIM_Init" was declared but never referenced
  static void TIM_Init(void)
..\Src\main.c(389): warning:  #177-D: function "TIM_PWM_Init" was declared but never referenced
  static void TIM_PWM_Init(void)
..\Src\main.c(537): warning:  #177-D: function "Demodulator_Init" was declared but never referenced
  static void Demodulator_Init(void)
..\Src\main.c(923): warning:  #177-D: function "Buffercmp" was declared but never referenced
  static uint16_t Buffercmp(uint8_t* pBuffer1, uint8_t* pBuffer2, uint16_t BufferLength)
..\Src\main.c(874): warning:  #177-D: function "Timeout_Error_Handler" was declared but never referenced
  static void Timeout_Error_Handler(void)
..\Src\main.c(700): warning:  #177-D: function "EXTI0_1_IRQHandler_Config" was declared but never referenced
  static void EXTI0_1_IRQHandler_Config(void)
..\Src\main.c: 10 warnings, 0 errors
linking...
Program Size: Code=6388 RO-data=236 RW-data=48 ZI-data=1496  
"STM32F0308-Discovery\STM32F0308-Discovery.axf" - 0 Error(s), 10 Warning(s).

<h2>Software Packages used:</h2>

Package Vendor: ARM
                http://www.keil.com/pack/ARM.CMSIS.5.0.0-Beta4.pack
                ARM::CMSIS:CORE:5.0.0
                CMSIS (Cortex Microcontroller Software Interface Standard)
   * Component: CORE Version: 5.0.0

<h2>Collection of Component include folders:</h2>
  E:\em_tracker_system\en.stm32cubef0\STM32Cube_FW_F0_V1.6.0\Projects\STM32F0308-Discovery\Examples\PCB_MCU_CODE_REV_3\SPI_FullDuplex_ComDMA\MDK-ARM\RTE
  C:\Keil_v5\ARM\PACK\ARM\CMSIS\5.0.0-Beta4\CMSIS\Include
  C:\Keil_v5\ARM\PACK\Keil\STM32F0xx_DFP\1.5.0\Device\Include

<h2>Collection of Component Files used:</h2>

   * Component: ARM::CMSIS:CORE:5.0.0
Build Time Elapsed:  00:00:03
</pre>
</body>
</html>
